数据库目录: D:\Toonflow-app-master\data\db2.sqlite
[Socket] 注册命名空间: /api/socket/productionAgent
[Socket] 注册命名空间: /api/socket/scriptAgent
文件目录: D:\Toonflow-app-master\data\oss
文件目录: D:\Toonflow-app-master\data\skills
文件目录: D:\Toonflow-app-master\data\assets
静态网站目录: D:\Toonflow-app-master\data\web
[服务启动成功]: http://localhost:10588
[productionAgent] 已连接: _VppI2mhrnlILjCQAAAB
[0mOPTIONS /api/agents/getMemory [32m204[0m 0.680 ms - 0[0m
[0mPOST /api/agents/getMemory [32m200[0m 11.698 ms - 41[0m
[productionAgent] 已连接: 5k4NicbHETEuA6BRAAAD
[0mPOST /api/agents/getMemory [32m200[0m 12.364 ms - 689639[0m
[0mOPTIONS /api/setting/modelMap/getPromptList?model=MiniMax-H3-local [32m204[0m 0.158 ms - 0[0m
[0mGET /api/setting/modelMap/getPromptList?model=MiniMax-H3-local [36m304[0m 6.993 ms - -[0m
[0mOPTIONS /api/setting/about/checkUpdate [32m204[0m 0.114 ms - 0[0m
[0mPOST /api/setting/about/checkUpdate [32m200[0m 201.486 ms - 140[0m
[0mOPTIONS /api/setting/about/checkUpdate [32m204[0m 0.060 ms - 0[0m
[0mPOST /api/setting/about/checkUpdate [32m200[0m 43.684 ms - 140[0m
[0mOPTIONS /api/setting/modelMap/getPromptList?model=doubao-seedance-2-0-260128 [32m204[0m 0.069 ms - 0[0m
[0mGET /api/setting/modelMap/getPromptList?model=doubao-seedance-2-0-260128 [32m200[0m 4.085 ms - 5371[0m
[0mOPTIONS /api/setting/about/checkUpdate [32m204[0m 0.057 ms - 0[0m
[0mPOST /api/setting/about/checkUpdate [32m200[0m 115.578 ms - 140[0m
[0mOPTIONS /api/setting/about/checkUpdate [32m204[0m 0.148 ms - 0[0m
[0mPOST /api/setting/about/checkUpdate [32m200[0m 33.142 ms - 140[0m
[0mOPTIONS /api/setting/modelMap/getPromptList?model=MiniMax-H3-local [32m204[0m 0.044 ms - 0[0m
[0mGET /api/setting/modelMap/getPromptList?model=MiniMax-H3-local [36m304[0m 1.870 ms - -[0m
[0mOPTIONS /api/setting/about/checkUpdate [32m204[0m 0.100 ms - 0[0m
[0mPOST /api/setting/about/checkUpdate [32m200[0m 154.827 ms - 140[0m
[0mOPTIONS /api/setting/about/checkUpdate [32m204[0m 0.293 ms - 0[0m
[0mPOST /api/setting/about/checkUpdate [32m200[0m 40.371 ms - 140[0m
[0mOPTIONS /api/modelSelect/getModelList [32m204[0m 0.047 ms - 0[0m
[0mOPTIONS /api/modelSelect/getModelList [32m204[0m 0.028 ms - 0[0m
[0mOPTIONS /api/project/getProject [32m204[0m 0.021 ms - 0[0m
[0mOPTIONS /api/setting/about/checkUpdate [32m204[0m 0.019 ms - 0[0m
[0mPOST /api/modelSelect/getModelList [32m200[0m 70.142 ms - 1208[0m
[0mPOST /api/modelSelect/getModelList [32m200[0m 44.431 ms - 1188[0m
[0mPOST /api/project/getProject [32m200[0m 1.146 ms - 1123[0m
[0mPOST /api/setting/about/checkUpdate [32m200[0m 136.725 ms - 140[0m
[0mOPTIONS /api/setting/about/checkUpdate [32m204[0m 0.075 ms - 0[0m
[0mPOST /api/setting/about/checkUpdate [32m200[0m 142.367 ms - 140[0m
[0mOPTIONS /api/setting/about/checkUpdate [32m204[0m 0.114 ms - 0[0m
[0mPOST /api/setting/about/checkUpdate [32m200[0m 36.807 ms - 140[0m
[0mOPTIONS /api/setting/about/checkUpdate [32m204[0m 0.113 ms - 0[0m
[0mPOST /api/setting/about/checkUpdate [32m200[0m 127.317 ms - 140[0m
[0mOPTIONS /api/modelSelect/getModelDetail [32m204[0m 0.041 ms - 0[0m
[0mPOST /api/modelSelect/getModelDetail [32m200[0m 26.481 ms - 168[0m
[0mPOST /api/modelSelect/getModelDetail [32m200[0m 17.839 ms - 331[0m
[0mOPTIONS /api/script/getScrptApi [32m204[0m 0.063 ms - 0[0m
[0mPOST /api/script/getScrptApi [32m200[0m 1.905 ms - 51780[0m
[0mOPTIONS /api/script/extractAssets [32m204[0m 0.041 ms - 0[0m
[0mPOST /api/script/extractAssets [32m200[0m 27.761 ms - 59[0m
[0mOPTIONS /api/script/getScrptApi [32m204[0m 0.048 ms - 0[0m
[0mPOST /api/script/getScrptApi [32m200[0m 1.676 ms - 51320[0m
[0mOPTIONS /api/script/pollScriptAssets [32m204[0m 0.046 ms - 0[0m
[0mPOST /api/script/pollScriptAssets [32m200[0m 1.321 ms - 960[0m
[0mPOST /api/script/getScrptApi [32m200[0m 1.094 ms - 51320[0m
[0mPOST /api/script/pollScriptAssets [32m200[0m 1.188 ms - 960[0m
[0mOPTIONS /api/script/getScrptApi [32m204[0m 0.032 ms - 0[0m
[0mPOST /api/script/getScrptApi [32m200[0m 1.199 ms - 51320[0m
[0mOPTIONS /api/script/pollScriptAssets [32m204[0m 0.085 ms - 0[0m
[0mPOST /api/script/pollScriptAssets [32m200[0m 1.103 ms - 960[0m
[0mPOST /api/script/getScrptApi [32m200[0m 1.161 ms - 51320[0m
[0mPOST /api/script/pollScriptAssets [32m200[0m 1.630 ms - 960[0m
[0mOPTIONS /api/script/getScrptApi [32m204[0m 0.046 ms - 0[0m
[0mPOST /api/script/getScrptApi [32m200[0m 1.901 ms - 51320[0m
[0mOPTIONS /api/script/pollScriptAssets [32m204[0m 0.064 ms - 0[0m
[0mPOST /api/script/pollScriptAssets [32m200[0m 1.284 ms - 960[0m
[0mPOST /api/script/getScrptApi [32m200[0m 1.398 ms - 51320[0m
[0mPOST /api/script/pollScriptAssets [32m200[0m 1.131 ms - 960[0m
[0mOPTIONS /api/script/getScrptApi [32m204[0m 0.051 ms - 0[0m
[0mPOST /api/script/getScrptApi [32m200[0m 1.846 ms - 51320[0m
[0mOPTIONS /api/script/pollScriptAssets [32m204[0m 0.058 ms - 0[0m
[0mPOST /api/script/pollScriptAssets [32m200[0m 1.360 ms - 960[0m
[0mPOST /api/script/getScrptApi [32m200[0m 1.317 ms - 51320[0m
[0mPOST /api/script/pollScriptAssets [32m200[0m 1.540 ms - 960[0m
[0mOPTIONS /api/script/getScrptApi [32m204[0m 0.046 ms - 0[0m
[0mPOST /api/script/getScrptApi [32m200[0m 1.845 ms - 51320[0m
[0mOPTIONS /api/script/pollScriptAssets [32m204[0m 0.110 ms - 0[0m
[0mPOST /api/script/pollScriptAssets [32m200[0m 1.329 ms - 960[0m
[0mPOST /api/script/getScrptApi [32m200[0m 1.866 ms - 51320[0m
[0mPOST /api/script/pollScriptAssets [32m200[0m 1.408 ms - 960[0m
[0mOPTIONS /api/script/getScrptApi [32m204[0m 0.052 ms - 0[0m
[0mPOST /api/script/getScrptApi [32m200[0m 1.926 ms - 51320[0m
[0mOPTIONS /api/script/pollScriptAssets [32m204[0m 0.102 ms - 0[0m
[0mPOST /api/script/pollScriptAssets [32m200[0m 1.245 ms - 960[0m
[0mPOST /api/script/getScrptApi [32m200[0m 1.081 ms - 51320[0m
[0mPOST /api/script/pollScriptAssets [32m200[0m 1.868 ms - 960[0m
[0mOPTIONS /api/script/getScrptApi [32m204[0m 0.053 ms - 0[0m
[0mPOST /api/script/getScrptApi [32m200[0m 2.194 ms - 51320[0m
[0mOPTIONS /api/script/pollScriptAssets [32m204[0m 0.040 ms - 0[0m
[0mPOST /api/script/pollScriptAssets [32m200[0m 1.304 ms - 960[0m
[0mPOST /api/script/getScrptApi [32m200[0m 1.719 ms - 51320[0m
[0mPOST /api/script/pollScriptAssets [32m200[0m 1.334 ms - 960[0m
[0mOPTIONS /api/script/getScrptApi [32m204[0m 0.053 ms - 0[0m
[0mPOST /api/script/getScrptApi [32m200[0m 2.071 ms - 51320[0m
[0mOPTIONS /api/script/pollScriptAssets [32m204[0m 0.054 ms - 0[0m
[0mPOST /api/script/pollScriptAssets [32m200[0m 1.221 ms - 960[0m
[0mPOST /api/script/getScrptApi [32m200[0m 1.613 ms - 51320[0m
[0mPOST /api/script/pollScriptAssets [32m200[0m 1.325 ms - 960[0m
[0mOPTIONS /api/script/getScrptApi [32m204[0m 0.041 ms - 0[0m
[0mPOST /api/script/getScrptApi [32m200[0m 1.900 ms - 51320[0m
[0mOPTIONS /api/script/pollScriptAssets [32m204[0m 0.055 ms - 0[0m
[0mPOST /api/script/pollScriptAssets [32m200[0m 1.317 ms - 960[0m
[0mPOST /api/script/getScrptApi [32m200[0m 1.683 ms - 51320[0m
[0mPOST /api/script/pollScriptAssets [32m200[0m 1.372 ms - 960[0m
[0mOPTIONS /api/script/getScrptApi [32m204[0m 0.042 ms - 0[0m
[0mPOST /api/script/getScrptApi [32m200[0m 1.798 ms - 51320[0m
[0mOPTIONS /api/script/pollScriptAssets [32m204[0m 0.054 ms - 0[0m
[0mPOST /api/script/pollScriptAssets [32m200[0m 1.196 ms - 960[0m
[0mPOST /api/script/getScrptApi [32m200[0m 1.663 ms - 51320[0m
[0mOPTIONS /api/setting/about/checkUpdate [32m204[0m 0.056 ms - 0[0m
[0mPOST /api/setting/about/checkUpdate [32m200[0m 121.624 ms - 140[0m
[0mOPTIONS /api/setting/about/checkUpdate [32m204[0m 0.052 ms - 0[0m
[0mPOST /api/setting/about/checkUpdate [32m200[0m 32.752 ms - 140[0m
[0mPOST /api/script/pollScriptAssets [32m200[0m 1.298 ms - 960[0m
[0mOPTIONS /api/script/getScrptApi [32m204[0m 0.038 ms - 0[0m
[0mPOST /api/script/getScrptApi [32m200[0m 1.713 ms - 51320[0m
[0mOPTIONS /api/script/pollScriptAssets [32m204[0m 0.074 ms - 0[0m
[0mPOST /api/script/pollScriptAssets [32m200[0m 1.284 ms - 960[0m
[0mPOST /api/script/getScrptApi [32m200[0m 1.725 ms - 51320[0m
[0mPOST /api/script/pollScriptAssets [32m200[0m 1.349 ms - 960[0m
[0mOPTIONS /api/script/getScrptApi [32m204[0m 0.048 ms - 0[0m
[0mPOST /api/script/getScrptApi [32m200[0m 1.869 ms - 51320[0m
[0mOPTIONS /api/script/pollScriptAssets [32m204[0m 0.058 ms - 0[0m
[0mPOST /api/script/pollScriptAssets [32m200[0m 0.910 ms - 960[0m
[0mPOST /api/script/getScrptApi [32m200[0m 1.669 ms - 51320[0m
[0mPOST /api/script/pollScriptAssets [32m200[0m 1.443 ms - 960[0m
[0mOPTIONS /api/script/getScrptApi [32m204[0m 0.038 ms - 0[0m
[0mPOST /api/script/getScrptApi [32m200[0m 1.282 ms - 51320[0m
[0mOPTIONS /api/script/pollScriptAssets [32m204[0m 0.061 ms - 0[0m
[0mPOST /api/script/pollScriptAssets [32m200[0m 0.951 ms - 960[0m
[0mPOST /api/script/getScrptApi [32m200[0m 1.716 ms - 51320[0m
[0mPOST /api/script/pollScriptAssets [32m200[0m 1.458 ms - 960[0m
[0mOPTIONS /api/script/getScrptApi [32m204[0m 0.027 ms - 0[0m
[0mPOST /api/script/getScrptApi [32m200[0m 1.704 ms - 51320[0m
[0mOPTIONS /api/script/pollScriptAssets [32m204[0m 0.077 ms - 0[0m
[0mPOST /api/script/pollScriptAssets [32m200[0m 1.326 ms - 960[0m
[0mPOST /api/script/getScrptApi [32m200[0m 1.750 ms - 51320[0m
[0mPOST /api/script/pollScriptAssets [32m200[0m 1.316 ms - 960[0m
[0mOPTIONS /api/script/getScrptApi [32m204[0m 0.041 ms - 0[0m
[0mPOST /api/script/getScrptApi [32m200[0m 1.582 ms - 51320[0m
[0mOPTIONS /api/script/pollScriptAssets [32m204[0m 0.055 ms - 0[0m
[0mPOST /api/script/pollScriptAssets [32m200[0m 0.902 ms - 960[0m
[0mPOST /api/script/getScrptApi [32m200[0m 1.791 ms - 51320[0m
[0mOPTIONS /api/setting/about/checkUpdate [32m204[0m 0.039 ms - 0[0m
[0mPOST /api/setting/about/checkUpdate [32m200[0m 116.951 ms - 140[0m
[0mPOST /api/script/pollScriptAssets [32m200[0m 1.372 ms - 960[0m
[0mOPTIONS /api/script/getScrptApi [32m204[0m 0.038 ms - 0[0m
[0mPOST /api/script/getScrptApi [32m200[0m 1.892 ms - 51320[0m
[0mOPTIONS /api/script/pollScriptAssets [32m204[0m 0.095 ms - 0[0m
[0mPOST /api/script/pollScriptAssets [32m200[0m 1.306 ms - 960[0m
[0mPOST /api/script/getScrptApi [32m200[0m 1.972 ms - 51320[0m
[0mPOST /api/script/pollScriptAssets [32m200[0m 1.426 ms - 960[0m
[0mOPTIONS /api/script/getScrptApi [32m204[0m 0.049 ms - 0[0m
[0mPOST /api/script/getScrptApi [32m200[0m 2.029 ms - 51320[0m
[0mOPTIONS /api/script/pollScriptAssets [32m204[0m 0.055 ms - 0[0m
[0mPOST /api/script/pollScriptAssets [32m200[0m 1.172 ms - 960[0m
[0mPOST /api/script/getScrptApi [32m200[0m 2.020 ms - 51320[0m
[0mPOST /api/script/pollScriptAssets [32m200[0m 1.211 ms - 960[0m
[0mOPTIONS /api/script/getScrptApi [32m204[0m 0.038 ms - 0[0m
[0mPOST /api/script/getScrptApi [32m200[0m 1.595 ms - 51320[0m
[0mOPTIONS /api/script/pollScriptAssets [32m204[0m 0.046 ms - 0[0m
[0mPOST /api/script/pollScriptAssets [32m200[0m 1.269 ms - 960[0m
[0mPOST /api/script/getScrptApi [32m200[0m 1.880 ms - 51320[0m
[0mPOST /api/script/pollScriptAssets [32m200[0m 1.463 ms - 960[0m
[0mOPTIONS /api/script/getScrptApi [32m204[0m 0.036 ms - 0[0m
[0mPOST /api/script/getScrptApi [32m200[0m 1.755 ms - 51320[0m
[0mOPTIONS /api/script/pollScriptAssets [32m204[0m 0.051 ms - 0[0m
[0mPOST /api/script/pollScriptAssets [32m200[0m 1.250 ms - 960[0m
[0mPOST /api/script/getScrptApi [32m200[0m 1.645 ms - 51320[0m
[0mPOST /api/script/pollScriptAssets [32m200[0m 1.344 ms - 960[0m
[0mOPTIONS /api/script/getScrptApi [32m204[0m 0.045 ms - 0[0m
[0mPOST /api/script/getScrptApi [32m200[0m 1.934 ms - 51320[0m
[0mOPTIONS /api/script/pollScriptAssets [32m204[0m 0.056 ms - 0[0m
[0mPOST /api/script/pollScriptAssets [32m200[0m 1.302 ms - 960[0m
[0mPOST /api/script/getScrptApi [32m200[0m 2.037 ms - 51320[0m
[0mPOST /api/script/pollScriptAssets [32m200[0m 1.080 ms - 960[0m
[0mOPTIONS /api/script/getScrptApi [32m204[0m 0.043 ms - 0[0m
[0mPOST /api/script/getScrptApi [32m200[0m 1.742 ms - 51320[0m
[0mOPTIONS /api/script/pollScriptAssets [32m204[0m 0.054 ms - 0[0m
[0mPOST /api/script/pollScriptAssets [32m200[0m 1.147 ms - 960[0m
[0mPOST /api/script/getScrptApi [32m200[0m 1.863 ms - 51320[0m
[0mPOST /api/script/pollScriptAssets [32m200[0m 1.578 ms - 960[0m
[0mOPTIONS /api/script/getScrptApi [32m204[0m 0.050 ms - 0[0m
[0mPOST /api/script/getScrptApi [32m200[0m 2.102 ms - 51320[0m
[0mOPTIONS /api/script/pollScriptAssets [32m204[0m 0.055 ms - 0[0m
[0mPOST /api/script/pollScriptAssets [32m200[0m 1.214 ms - 960[0m
[0mPOST /api/script/getScrptApi [32m200[0m 1.913 ms - 51320[0m
[0mPOST /api/script/pollScriptAssets [32m200[0m 1.331 ms - 960[0m
[0mOPTIONS /api/script/getScrptApi [32m204[0m 0.042 ms - 0[0m
[0mPOST /api/script/getScrptApi [32m200[0m 2.055 ms - 51320[0m
[0mOPTIONS /api/script/pollScriptAssets [32m204[0m 0.041 ms - 0[0m
[0mPOST /api/script/pollScriptAssets [32m200[0m 1.390 ms - 960[0m
[0mPOST /api/script/getScrptApi [32m200[0m 1.635 ms - 51320[0m
[0mPOST /api/script/pollScriptAssets [32m200[0m 1.341 ms - 960[0m
[0mOPTIONS /api/script/getScrptApi [32m204[0m 0.039 ms - 0[0m
[0mPOST /api/script/getScrptApi [32m200[0m 2.090 ms - 51320[0m
[0mOPTIONS /api/script/pollScriptAssets [32m204[0m 0.052 ms - 0[0m
[0mPOST /api/script/pollScriptAssets [32m200[0m 1.363 ms - 960[0m
[0mPOST /api/script/getScrptApi [32m200[0m 1.739 ms - 51320[0m
[0mPOST /api/script/pollScriptAssets [32m200[0m 1.255 ms - 960[0m
[0mOPTIONS /api/script/getScrptApi [32m204[0m 0.047 ms - 0[0m
[0mPOST /api/script/getScrptApi [32m200[0m 1.847 ms - 51320[0m
[0mOPTIONS /api/script/pollScriptAssets [32m204[0m 0.051 ms - 0[0m
[0mPOST /api/script/pollScriptAssets [32m200[0m 1.129 ms - 960[0m
[0mPOST /api/script/getScrptApi [32m200[0m 1.586 ms - 51320[0m
[0mPOST /api/script/pollScriptAssets [32m200[0m 1.257 ms - 960[0m
[0mOPTIONS /api/script/getScrptApi [32m204[0m 0.037 ms - 0[0m
[0mPOST /api/script/getScrptApi [32m200[0m 1.663 ms - 51320[0m
[0mOPTIONS /api/script/pollScriptAssets [32m204[0m 0.052 ms - 0[0m
[0mPOST /api/script/pollScriptAssets [32m200[0m 1.206 ms - 960[0m
[0mPOST /api/script/getScrptApi [32m200[0m 2.249 ms - 51320[0m
[0mPOST /api/script/pollScriptAssets [32m200[0m 1.254 ms - 960[0m
[0mOPTIONS /api/script/getScrptApi [32m204[0m 0.038 ms - 0[0m
[0mPOST /api/script/getScrptApi [32m200[0m 1.848 ms - 51320[0m
[0mOPTIONS /api/script/pollScriptAssets [32m204[0m 0.055 ms - 0[0m
[0mPOST /api/script/pollScriptAssets [32m200[0m 1.158 ms - 960[0m
[0mPOST /api/script/getScrptApi [32m200[0m 1.543 ms - 51320[0m
[0mPOST /api/script/pollScriptAssets [32m200[0m 1.355 ms - 960[0m
[0mOPTIONS /api/script/getScrptApi [32m204[0m 0.040 ms - 0[0m
[0mPOST /api/script/getScrptApi [32m200[0m 1.661 ms - 51320[0m
[0mOPTIONS /api/script/pollScriptAssets [32m204[0m 0.054 ms - 0[0m
[0mPOST /api/script/pollScriptAssets [32m200[0m 1.368 ms - 960[0m
[0mPOST /api/script/getScrptApi [32m200[0m 1.976 ms - 51320[0m
[0mPOST /api/script/pollScriptAssets [32m200[0m 1.291 ms - 960[0m
[0mOPTIONS /api/script/getScrptApi [32m204[0m 0.052 ms - 0[0m
[0mPOST /api/script/getScrptApi [32m200[0m 1.768 ms - 51320[0m
[0mOPTIONS /api/script/pollScriptAssets [32m204[0m 0.051 ms - 0[0m
[0mPOST /api/script/pollScriptAssets [32m200[0m 1.209 ms - 960[0m
[0mPOST /api/script/getScrptApi [32m200[0m 1.788 ms - 51320[0m
[0mPOST /api/script/pollScriptAssets [32m200[0m 1.337 ms - 960[0m
[0mOPTIONS /api/script/getScrptApi [32m204[0m 0.039 ms - 0[0m
[0mPOST /api/script/getScrptApi [32m200[0m 1.672 ms - 51320[0m
[0mOPTIONS /api/script/pollScriptAssets [32m204[0m 0.051 ms - 0[0m
[0mPOST /api/script/pollScriptAssets [32m200[0m 1.208 ms - 960[0m
[0mPOST /api/script/getScrptApi [32m200[0m 1.462 ms - 51320[0m
[0mOPTIONS /api/setting/about/checkUpdate [32m204[0m 0.049 ms - 0[0m
[0mPOST /api/setting/about/checkUpdate [32m200[0m 157.767 ms - 140[0m
[0mOPTIONS /api/setting/about/checkUpdate [32m204[0m 0.051 ms - 0[0m
[0mPOST /api/setting/about/checkUpdate [32m200[0m 41.241 ms - 140[0m
[0mPOST /api/script/pollScriptAssets [32m200[0m 1.372 ms - 960[0m
[0mOPTIONS /api/script/getScrptApi [32m204[0m 0.037 ms - 0[0m
[0mPOST /api/script/getScrptApi [32m200[0m 1.851 ms - 51320[0m
[0mOPTIONS /api/script/pollScriptAssets [32m204[0m 0.054 ms - 0[0m
[0mPOST /api/script/pollScriptAssets [32m200[0m 1.307 ms - 960[0m
[0mPOST /api/script/getScrptApi [32m200[0m 1.821 ms - 51320[0m
[0mPOST /api/script/pollScriptAssets [32m200[0m 1.417 ms - 960[0m
[0mOPTIONS /api/script/getScrptApi [32m204[0m 0.037 ms - 0[0m
[0mPOST /api/script/getScrptApi [32m200[0m 1.631 ms - 51320[0m
[0mOPTIONS /api/script/pollScriptAssets [32m204[0m 0.056 ms - 0[0m
[0mPOST /api/script/pollScriptAssets [32m200[0m 1.276 ms - 960[0m
[0mPOST /api/script/getScrptApi [32m200[0m 1.965 ms - 51320[0m
[0mPOST /api/script/pollScriptAssets [32m200[0m 1.333 ms - 960[0m
[0mOPTIONS /api/script/getScrptApi [32m204[0m 0.032 ms - 0[0m
[0mPOST /api/script/getScrptApi [32m200[0m 1.676 ms - 51320[0m
[0mOPTIONS /api/script/pollScriptAssets [32m204[0m 0.055 ms - 0[0m
[0mPOST /api/script/pollScriptAssets [32m200[0m 1.258 ms - 960[0m
[0mPOST /api/script/getScrptApi [32m200[0m 1.491 ms - 51320[0m
[0mPOST /api/script/pollScriptAssets [32m200[0m 1.269 ms - 960[0m
[0mOPTIONS /api/script/getScrptApi [32m204[0m 0.058 ms - 0[0m
[0mPOST /api/script/getScrptApi [32m200[0m 1.873 ms - 51320[0m
[0mOPTIONS /api/script/pollScriptAssets [32m204[0m 0.049 ms - 0[0m
[0mPOST /api/script/pollScriptAssets [32m200[0m 1.286 ms - 960[0m
[0mPOST /api/script/getScrptApi [32m200[0m 1.546 ms - 51320[0m
[0mPOST /api/script/pollScriptAssets [32m200[0m 1.239 ms - 960[0m
[0mOPTIONS /api/script/getScrptApi [32m204[0m 0.032 ms - 0[0m
[0mPOST /api/script/getScrptApi [32m200[0m 1.391 ms - 51320[0m
[0mOPTIONS /api/script/pollScriptAssets [32m204[0m 0.049 ms - 0[0m
[0mPOST /api/script/pollScriptAssets [32m200[0m 1.107 ms - 960[0m
[0mPOST /api/script/getScrptApi [32m200[0m 1.470 ms - 51320[0m
[0mOPTIONS /api/setting/about/checkUpdate [32m204[0m 0.050 ms - 0[0m
[0mPOST /api/setting/about/checkUpdate [32m200[0m 161.143 ms - 140[0m
[0mPOST /api/script/pollScriptAssets [32m200[0m 1.418 ms - 960[0m
[0mOPTIONS /api/script/getScrptApi [32m204[0m 0.032 ms - 0[0m
[0mPOST /api/script/getScrptApi [32m200[0m 1.476 ms - 51320[0m
[0mOPTIONS /api/script/pollScriptAssets [32m204[0m 0.048 ms - 0[0m
[0mPOST /api/script/pollScriptAssets [32m200[0m 1.097 ms - 960[0m
[0mPOST /api/script/getScrptApi [32m200[0m 1.472 ms - 51320[0m
[0mPOST /api/script/pollScriptAssets [32m200[0m 1.208 ms - 960[0m
[0mOPTIONS /api/script/getScrptApi [32m204[0m 0.032 ms - 0[0m
[0mPOST /api/script/getScrptApi [32m200[0m 1.436 ms - 51320[0m
[0mOPTIONS /api/script/pollScriptAssets [32m204[0m 0.051 ms - 0[0m
[0mPOST /api/script/pollScriptAssets [32m200[0m 1.202 ms - 960[0m
[0mPOST /api/script/getScrptApi [32m200[0m 1.333 ms - 51320[0m
[0mPOST /api/script/pollScriptAssets [32m200[0m 1.242 ms - 960[0m
[0mOPTIONS /api/script/getScrptApi [32m204[0m 0.041 ms - 0[0m
[0mPOST /api/script/getScrptApi [32m200[0m 1.697 ms - 51320[0m
[0mOPTIONS /api/modelSelect/getModelDetail [32m204[0m 0.046 ms - 0[0m
[0mPOST /api/modelSelect/getModelDetail [32m200[0m 18.907 ms - 168[0m
[0mPOST /api/modelSelect/getModelDetail [32m200[0m 17.862 ms - 331[0m
[0mOPTIONS /api/script/getScrptApi [32m204[0m 0.051 ms - 0[0m
[0mPOST /api/script/getScrptApi [32m200[0m 2.934 ms - 120479[0m
[0mOPTIONS /api/modelSelect/getModelList [32m204[0m 0.051 ms - 0[0m
[0mPOST /api/modelSelect/getModelList [32m200[0m 71.998 ms - 1188[0m
[0mOPTIONS /api/modelSelect/getModelList [32m204[0m 0.042 ms - 0[0m
[0mOPTIONS /api/project/getProject [32m204[0m 0.036 ms - 0[0m
[0mPOST /api/modelSelect/getModelList [32m200[0m 81.525 ms - 1208[0m
[0mPOST /api/project/getProject [32m200[0m 1.364 ms - 1123[0m
[0mPOST /api/modelSelect/getModelDetail [32m200[0m 12.783 ms - 168[0m
[0mPOST /api/modelSelect/getModelDetail [32m200[0m 13.308 ms - 331[0m
[0mPOST /api/script/getScrptApi [32m200[0m 2.414 ms - 51320[0m
[0mOPTIONS /api/script/pollScriptAssets [32m204[0m 0.051 ms - 0[0m
[0mPOST /api/script/pollScriptAssets [32m200[0m 1.220 ms - 960[0m
[0mOPTIONS /api/script/getScrptApi [32m204[0m 0.028 ms - 0[0m
[0mPOST /api/script/getScrptApi [32m200[0m 1.416 ms - 51320[0m
[0mOPTIONS /api/setting/about/checkUpdate [32m204[0m 0.133 ms - 0[0m
[0mPOST /api/setting/about/checkUpdate [32m200[0m 120.387 ms - 140[0m
[0mPOST /api/script/pollScriptAssets [32m200[0m 1.313 ms - 960[0m
[0mPOST /api/script/getScrptApi [32m200[0m 1.595 ms - 51320[0m
[0mOPTIONS /api/modelSelect/getModelList [32m204[0m 0.133 ms - 0[0m
[0mOPTIONS /api/cornerScape/getAllAssets [32m204[0m 0.053 ms - 0[0m
[0mPOST /api/cornerScape/getAllAssets [32m200[0m 2.510 ms - 41[0m
[0mPOST /api/modelSelect/getModelList [32m200[0m 59.400 ms - 1188[0m
[0mOPTIONS /api/script/getScrptApi [32m204[0m 0.050 ms - 0[0m
[0mPOST /api/script/getScrptApi [32m200[0m 1.829 ms - 51320[0m
[0mPOST /api/modelSelect/getModelList [32m200[0m 52.153 ms - 1188[0m
[0mPOST /api/cornerScape/getAllAssets [32m200[0m 1.479 ms - 41[0m
[0mPOST /api/script/getScrptApi [32m200[0m 2.107 ms - 51320[0m
[0mOPTIONS /api/script/pollScriptAssets [32m204[0m 0.053 ms - 0[0m
[0mPOST /api/script/pollScriptAssets [32m200[0m 1.078 ms - 960[0m
[0mPOST /api/script/getScrptApi [32m200[0m 1.689 ms - 51320[0m
[0mPOST /api/script/pollScriptAssets [32m200[0m 1.952 ms - 960[0m
[0mOPTIONS /api/script/getScrptApi [32m204[0m 0.054 ms - 0[0m
[0mPOST /api/script/getScrptApi [32m200[0m 1.624 ms - 51320[0m
[0mOPTIONS /api/script/pollScriptAssets [32m204[0m 0.119 ms - 0[0m
[0mPOST /api/script/pollScriptAssets [32m200[0m 1.727 ms - 960[0m
[0mPOST /api/script/getScrptApi [32m200[0m 1.814 ms - 51320[0m
[0mPOST /api/script/pollScriptAssets [32m200[0m 1.579 ms - 960[0m
[0mOPTIONS /api/script/getScrptApi [32m204[0m 0.046 ms - 0[0m
[0mPOST /api/script/getScrptApi [32m200[0m 1.692 ms - 51320[0m
[0mOPTIONS /api/script/pollScriptAssets [32m204[0m 0.062 ms - 0[0m
[0mPOST /api/script/pollScriptAssets [32m200[0m 1.187 ms - 960[0m
[0mPOST /api/script/getScrptApi [32m200[0m 1.570 ms - 51320[0m
[0mPOST /api/script/pollScriptAssets [32m200[0m 1.269 ms - 960[0m
[0mOPTIONS /api/script/getScrptApi [32m204[0m 0.033 ms - 0[0m
[0mPOST /api/script/getScrptApi [32m200[0m 1.443 ms - 51320[0m
[0mOPTIONS /api/script/pollScriptAssets [32m204[0m 0.064 ms - 0[0m
[0mPOST /api/script/pollScriptAssets [32m200[0m 0.971 ms - 960[0m
[0mPOST /api/script/getScrptApi [32m200[0m 1.699 ms - 51320[0m
[0mPOST /api/script/pollScriptAssets [32m200[0m 1.328 ms - 960[0m
[0mOPTIONS /api/script/getScrptApi [32m204[0m 0.036 ms - 0[0m
[0mPOST /api/script/getScrptApi [32m200[0m 2.664 ms - 51320[0m
[0mOPTIONS /api/script/pollScriptAssets [32m204[0m 0.057 ms - 0[0m
[0mPOST /api/script/pollScriptAssets [32m200[0m 1.371 ms - 960[0m
[0mPOST /api/script/getScrptApi [32m200[0m 1.743 ms - 51320[0m
[0mPOST /api/script/pollScriptAssets [32m200[0m 0.960 ms - 960[0m
[0mOPTIONS /api/script/getScrptApi [32m204[0m 0.039 ms - 0[0m
[0mPOST /api/script/getScrptApi [32m200[0m 1.475 ms - 51320[0m
[0mOPTIONS /api/script/pollScriptAssets [32m204[0m 0.053 ms - 0[0m
[0mPOST /api/script/pollScriptAssets [32m200[0m 1.149 ms - 960[0m
[0mPOST /api/script/getScrptApi [32m200[0m 1.496 ms - 51320[0m
[0mPOST /api/script/pollScriptAssets [32m200[0m 1.306 ms - 960[0m
[0mOPTIONS /api/script/getScrptApi [32m204[0m 0.031 ms - 0[0m
[0mPOST /api/script/getScrptApi [32m200[0m 1.358 ms - 51320[0m
[0mOPTIONS /api/script/pollScriptAssets [32m204[0m 0.064 ms - 0[0m
[0mPOST /api/script/pollScriptAssets [32m200[0m 1.136 ms - 960[0m
[0mPOST /api/script/getScrptApi [32m200[0m 1.676 ms - 51320[0m
[0mPOST /api/script/pollScriptAssets [32m200[0m 1.376 ms - 960[0m
[0mOPTIONS /api/script/getScrptApi [32m204[0m 0.027 ms - 0[0m
[0mPOST /api/script/getScrptApi [32m200[0m 1.679 ms - 51320[0m
[0mOPTIONS /api/script/pollScriptAssets [32m204[0m 0.057 ms - 0[0m
[0mPOST /api/script/pollScriptAssets [32m200[0m 1.164 ms - 960[0m
[0mPOST /api/script/getScrptApi [32m200[0m 1.800 ms - 51320[0m
[0mPOST /api/script/pollScriptAssets [32m200[0m 1.881 ms - 960[0m
[0mOPTIONS /api/script/getScrptApi [32m204[0m 0.050 ms - 0[0m
[0mPOST /api/script/getScrptApi [32m200[0m 1.558 ms - 51320[0m
[0mOPTIONS /api/script/pollScriptAssets [32m204[0m 0.056 ms - 0[0m
[0mPOST /api/script/pollScriptAssets [32m200[0m 1.161 ms - 960[0m
[0mPOST /api/script/getScrptApi [32m200[0m 1.376 ms - 51320[0m
[0mPOST /api/script/pollScriptAssets [32m200[0m 1.347 ms - 960[0m
[0mOPTIONS /api/script/getScrptApi [32m204[0m 0.051 ms - 0[0m
[0mPOST /api/script/getScrptApi [32m200[0m 1.508 ms - 51320[0m
[0mOPTIONS /api/script/pollScriptAssets [32m204[0m 0.049 ms - 0[0m
[0mPOST /api/script/pollScriptAssets [32m200[0m 1.124 ms - 960[0m
[0mPOST /api/script/getScrptApi [32m200[0m 1.475 ms - 51320[0m
[0mPOST /api/script/pollScriptAssets [32m200[0m 1.333 ms - 960[0m
[0mOPTIONS /api/script/getScrptApi [32m204[0m 0.041 ms - 0[0m
[0mPOST /api/script/getScrptApi [32m200[0m 1.615 ms - 51320[0m
[0mOPTIONS /api/script/pollScriptAssets [32m204[0m 0.059 ms - 0[0m
[0mPOST /api/script/pollScriptAssets [32m200[0m 1.142 ms - 960[0m
[0mPOST /api/script/getScrptApi [32m200[0m 1.466 ms - 51320[0m
[0mPOST /api/script/pollScriptAssets [32m200[0m 1.268 ms - 960[0m
[0mOPTIONS /api/script/getScrptApi [32m204[0m 0.038 ms - 0[0m
[0mPOST /api/script/getScrptApi [32m200[0m 1.680 ms - 51320[0m
[0mOPTIONS /api/script/pollScriptAssets [32m204[0m 0.056 ms - 0[0m
[0mPOST /api/script/pollScriptAssets [32m200[0m 1.118 ms - 960[0m
[0mPOST /api/script/getScrptApi [32m200[0m 1.522 ms - 51320[0m
[0mPOST /api/script/pollScriptAssets [32m200[0m 1.274 ms - 960[0m
[0mOPTIONS /api/script/getScrptApi [32m204[0m 0.053 ms - 0[0m
[0mPOST /api/script/getScrptApi [32m200[0m 1.586 ms - 51320[0m
[0mOPTIONS /api/script/pollScriptAssets [32m204[0m 0.060 ms - 0[0m
[0mPOST /api/script/pollScriptAssets [32m200[0m 1.095 ms - 960[0m
[0mPOST /api/script/getScrptApi [32m200[0m 1.373 ms - 51320[0m
[0mPOST /api/script/pollScriptAssets [32m200[0m 1.266 ms - 960[0m
[0mOPTIONS /api/script/getScrptApi [32m204[0m 0.036 ms - 0[0m
[0mPOST /api/script/getScrptApi [32m200[0m 1.484 ms - 51320[0m
[0mOPTIONS /api/script/pollScriptAssets [32m204[0m 0.059 ms - 0[0m
[0mPOST /api/script/pollScriptAssets [32m200[0m 1.611 ms - 960[0m
[0mPOST /api/script/getScrptApi [32m200[0m 1.901 ms - 51320[0m
[0mPOST /api/script/pollScriptAssets [32m200[0m 1.418 ms - 960[0m
[0mOPTIONS /api/script/getScrptApi [32m204[0m 0.044 ms - 0[0m
[0mPOST /api/script/getScrptApi [32m200[0m 1.803 ms - 51320[0m
[0mOPTIONS /api/script/pollScriptAssets [32m204[0m 0.063 ms - 0[0m
[0mPOST /api/script/pollScriptAssets [32m200[0m 1.374 ms - 960[0m
[0mPOST /api/script/getScrptApi [32m200[0m 1.534 ms - 51320[0m
[0mPOST /api/script/pollScriptAssets [32m200[0m 1.321 ms - 960[0m
[0mOPTIONS /api/script/getScrptApi [32m204[0m 0.036 ms - 0[0m
[0mPOST /api/script/getScrptApi [32m200[0m 1.655 ms - 51320[0m
[0mOPTIONS /api/script/pollScriptAssets [32m204[0m 0.064 ms - 0[0m
[0mPOST /api/script/pollScriptAssets [32m200[0m 1.429 ms - 960[0m
[0mPOST /api/script/getScrptApi [32m200[0m 2.010 ms - 51320[0m
[0mPOST /api/script/pollScriptAssets [32m200[0m 1.319 ms - 960[0m
[0mOPTIONS /api/script/getScrptApi [32m204[0m 0.034 ms - 0[0m
[0mPOST /api/script/getScrptApi [32m200[0m 1.866 ms - 51320[0m
[0mOPTIONS /api/script/pollScriptAssets [32m204[0m 0.060 ms - 0[0m
[0mPOST /api/script/pollScriptAssets [32m200[0m 1.223 ms - 960[0m
[0mPOST /api/script/getScrptApi [32m200[0m 1.658 ms - 51320[0m
[0mPOST /api/script/pollScriptAssets [32m200[0m 1.482 ms - 960[0m
[0mOPTIONS /api/script/getScrptApi [32m204[0m 0.041 ms - 0[0m
[0mPOST /api/script/getScrptApi [32m200[0m 1.605 ms - 51320[0m
[0mOPTIONS /api/script/pollScriptAssets [32m204[0m 0.056 ms - 0[0m
[0mPOST /api/script/pollScriptAssets [32m200[0m 1.315 ms - 960[0m
[0mPOST /api/script/getScrptApi [32m200[0m 1.639 ms - 51320[0m
[0mPOST /api/script/pollScriptAssets [32m200[0m 1.289 ms - 960[0m
[0mOPTIONS /api/script/getScrptApi [32m204[0m 0.033 ms - 0[0m
[0mPOST /api/script/getScrptApi [32m200[0m 1.557 ms - 51320[0m
[0mOPTIONS /api/script/pollScriptAssets [32m204[0m 0.068 ms - 0[0m
[0mPOST /api/script/pollScriptAssets [32m200[0m 1.351 ms - 960[0m
[0mPOST /api/script/getScrptApi [32m200[0m 1.923 ms - 51320[0m
[0mPOST /api/script/pollScriptAssets [32m200[0m 1.199 ms - 960[0m
[0mOPTIONS /api/script/getScrptApi [32m204[0m 0.038 ms - 0[0m
[0mPOST /api/script/getScrptApi [32m200[0m 1.433 ms - 51320[0m
[0mOPTIONS /api/setting/about/checkUpdate [32m204[0m 0.075 ms - 0[0m
[0mPOST /api/setting/about/checkUpdate [32m200[0m 152.669 ms - 140[0m
[0mOPTIONS /api/script/pollScriptAssets [32m204[0m 0.055 ms - 0[0m
[0mPOST /api/script/pollScriptAssets [32m200[0m 1.293 ms - 960[0m
[0mPOST /api/script/getScrptApi [32m200[0m 1.723 ms - 51320[0m
[0mPOST /api/script/pollScriptAssets [32m200[0m 1.368 ms - 960[0m
[0mOPTIONS /api/script/getScrptApi [32m204[0m 0.037 ms - 0[0m
[0mPOST /api/script/getScrptApi [32m200[0m 1.496 ms - 51320[0m
[0mOPTIONS /api/script/pollScriptAssets [32m204[0m 0.057 ms - 0[0m
[0mPOST /api/script/pollScriptAssets [32m200[0m 1.301 ms - 960[0m
[0mPOST /api/script/getScrptApi [32m200[0m 1.586 ms - 51320[0m
[0mPOST /api/script/pollScriptAssets [32m200[0m 1.330 ms - 960[0m
[0mOPTIONS /api/script/getScrptApi [32m204[0m 0.043 ms - 0[0m
[0mPOST /api/script/getScrptApi [32m200[0m 1.851 ms - 51320[0m
[0mOPTIONS /api/script/pollScriptAssets [32m204[0m 0.053 ms - 0[0m
[0mPOST /api/script/pollScriptAssets [32m200[0m 1.080 ms - 960[0m
[0mPOST /api/script/getScrptApi [32m200[0m 1.399 ms - 51320[0m
[0mPOST /api/script/pollScriptAssets [32m200[0m 1.371 ms - 960[0m
[0mOPTIONS /api/script/getScrptApi [32m204[0m 0.039 ms - 0[0m
[0mPOST /api/script/getScrptApi [32m200[0m 1.578 ms - 51320[0m
[0mOPTIONS /api/script/pollScriptAssets [32m204[0m 0.051 ms - 0[0m
[0mPOST /api/script/pollScriptAssets [32m200[0m 1.092 ms - 960[0m
[0mPOST /api/script/getScrptApi [32m200[0m 1.504 ms - 51320[0m
[0mPOST /api/script/pollScriptAssets [32m200[0m 1.328 ms - 960[0m
[0mOPTIONS /api/script/getScrptApi [32m204[0m 0.036 ms - 0[0m
[0mPOST /api/script/getScrptApi [32m200[0m 1.547 ms - 51320[0m
[0mOPTIONS /api/script/pollScriptAssets [32m204[0m 0.060 ms - 0[0m
[0mPOST /api/script/pollScriptAssets [32m200[0m 1.183 ms - 960[0m
[0mPOST /api/script/getScrptApi [32m200[0m 1.483 ms - 51320[0m
[0mPOST /api/script/pollScriptAssets [32m200[0m 1.483 ms - 960[0m
[0mOPTIONS /api/script/getScrptApi [32m204[0m 0.049 ms - 0[0m
[0mPOST /api/script/getScrptApi [32m200[0m 1.960 ms - 51320[0m
[0mOPTIONS /api/script/pollScriptAssets [32m204[0m 0.051 ms - 0[0m
[0mPOST /api/script/pollScriptAssets [32m200[0m 1.082 ms - 960[0m
[0mPOST /api/script/getScrptApi [32m200[0m 1.449 ms - 51320[0m
[0mPOST /api/script/pollScriptAssets [32m200[0m 1.393 ms - 960[0m
[0mOPTIONS /api/script/getScrptApi [32m204[0m 0.036 ms - 0[0m
[0mPOST /api/script/getScrptApi [32m200[0m 1.585 ms - 51320[0m
[0mOPTIONS /api/script/pollScriptAssets [32m204[0m 0.059 ms - 0[0m
[0mPOST /api/script/pollScriptAssets [32m200[0m 1.191 ms - 960[0m
[0mPOST /api/script/getScrptApi [32m200[0m 1.672 ms - 51320[0m
[0mPOST /api/script/pollScriptAssets [32m200[0m 1.321 ms - 960[0m
[0mOPTIONS /api/script/getScrptApi [32m204[0m 0.039 ms - 0[0m
[0mPOST /api/script/getScrptApi [32m200[0m 1.713 ms - 51320[0m
[0mOPTIONS /api/script/pollScriptAssets [32m204[0m 0.056 ms - 0[0m
[0mPOST /api/script/pollScriptAssets [32m200[0m 1.166 ms - 960[0m
[0mPOST /api/script/getScrptApi [32m200[0m 1.483 ms - 51320[0m
[0mPOST /api/script/pollScriptAssets [32m200[0m 1.192 ms - 960[0m
[0mOPTIONS /api/script/getScrptApi [32m204[0m 0.042 ms - 0[0m
[0mPOST /api/script/getScrptApi [32m200[0m 1.824 ms - 51320[0m
[0mOPTIONS /api/script/pollScriptAssets [32m204[0m 0.052 ms - 0[0m
[0mPOST /api/script/pollScriptAssets [32m200[0m 1.182 ms - 960[0m
[0mPOST /api/script/getScrptApi [32m200[0m 1.555 ms - 51320[0m
[0mPOST /api/script/pollScriptAssets [32m200[0m 1.260 ms - 960[0m
[0mOPTIONS /api/script/getScrptApi [32m204[0m 0.034 ms - 0[0m
[0mPOST /api/script/getScrptApi [32m200[0m 1.035 ms - 51320[0m
[0mOPTIONS /api/script/pollScriptAssets [32m204[0m 0.063 ms - 0[0m
[0mPOST /api/script/pollScriptAssets [32m200[0m 1.389 ms - 960[0m
[0mPOST /api/script/getScrptApi [32m200[0m 1.887 ms - 51320[0m
[0mPOST /api/script/pollScriptAssets [32m200[0m 1.430 ms - 960[0m
[0mOPTIONS /api/script/getScrptApi [32m204[0m 0.043 ms - 0[0m
[0mPOST /api/script/getScrptApi [32m200[0m 1.799 ms - 51320[0m
[0mOPTIONS /api/script/pollScriptAssets [32m204[0m 0.050 ms - 0[0m
[0mPOST /api/script/pollScriptAssets [32m200[0m 1.077 ms - 960[0m
[0mPOST /api/script/getScrptApi [32m200[0m 1.525 ms - 51320[0m
[0mPOST /api/script/pollScriptAssets [32m200[0m 1.371 ms - 960[0m
[0mOPTIONS /api/script/getScrptApi [32m204[0m 0.039 ms - 0[0m
[0mPOST /api/script/getScrptApi [32m200[0m 1.593 ms - 51320[0m
[0mOPTIONS /api/script/pollScriptAssets [32m204[0m 0.056 ms - 0[0m
[0mPOST /api/script/pollScriptAssets [32m200[0m 1.202 ms - 960[0m
[0mPOST /api/script/getScrptApi [32m200[0m 1.542 ms - 51320[0m
[0mPOST /api/script/pollScriptAssets [32m200[0m 1.359 ms - 960[0m
[0mOPTIONS /api/script/getScrptApi [32m204[0m 0.040 ms - 0[0m
[0mPOST /api/script/getScrptApi [32m200[0m 1.702 ms - 51320[0m
[0mOPTIONS /api/script/pollScriptAssets [32m204[0m 0.056 ms - 0[0m
[0mPOST /api/script/pollScriptAssets [32m200[0m 1.265 ms - 960[0m
[0mPOST /api/script/getScrptApi [32m200[0m 1.477 ms - 51320[0m
[0mPOST /api/script/pollScriptAssets [32m200[0m 1.431 ms - 960[0m
[0mOPTIONS /api/script/getScrptApi [32m204[0m 0.046 ms - 0[0m
[0mPOST /api/script/getScrptApi [32m200[0m 2.611 ms - 51320[0m
[0mOPTIONS /api/script/pollScriptAssets [32m204[0m 0.058 ms - 0[0m
[0mPOST /api/script/pollScriptAssets [32m200[0m 1.144 ms - 960[0m
[0mPOST /api/script/getScrptApi [32m200[0m 1.562 ms - 51320[0m
[0mPOST /api/script/pollScriptAssets [32m200[0m 1.360 ms - 960[0m
[0mOPTIONS /api/script/getScrptApi [32m204[0m 0.042 ms - 0[0m
[0mPOST /api/script/getScrptApi [32m200[0m 1.765 ms - 51320[0m
[0mOPTIONS /api/script/pollScriptAssets [32m204[0m 0.064 ms - 0[0m
[0mPOST /api/script/pollScriptAssets [32m200[0m 1.176 ms - 960[0m
[0mPOST /api/script/getScrptApi [32m200[0m 1.626 ms - 51320[0m
[0mPOST /api/script/pollScriptAssets [32m200[0m 1.078 ms - 960[0m
[0mOPTIONS /api/script/getScrptApi [32m204[0m 0.040 ms - 0[0m
[0mPOST /api/script/getScrptApi [32m200[0m 1.420 ms - 51320[0m
[0mOPTIONS /api/script/pollScriptAssets [32m204[0m 0.052 ms - 0[0m
[0mPOST /api/script/pollScriptAssets [32m200[0m 1.096 ms - 960[0m
[0mPOST /api/script/getScrptApi [32m200[0m 1.505 ms - 51320[0m
[0mPOST /api/script/pollScriptAssets [32m200[0m 1.465 ms - 960[0m
[0mOPTIONS /api/script/getScrptApi [32m204[0m 0.047 ms - 0[0m
[0mPOST /api/script/getScrptApi [32m200[0m 1.956 ms - 51320[0m
[0mOPTIONS /api/script/pollScriptAssets [32m204[0m 0.054 ms - 0[0m
[0mPOST /api/script/pollScriptAssets [32m200[0m 1.185 ms - 960[0m
[0mPOST /api/script/getScrptApi [32m200[0m 1.473 ms - 51320[0m
[0mPOST /api/script/pollScriptAssets [32m200[0m 1.307 ms - 960[0m
[0mOPTIONS /api/script/getScrptApi [32m204[0m 0.036 ms - 0[0m
[0mPOST /api/script/getScrptApi [32m200[0m 1.544 ms - 51320[0m
[0mOPTIONS /api/script/pollScriptAssets [32m204[0m 0.058 ms - 0[0m
[0mPOST /api/script/pollScriptAssets [32m200[0m 1.158 ms - 960[0m
[0mPOST /api/script/getScrptApi [32m200[0m 1.503 ms - 51320[0m
[0mPOST /api/script/pollScriptAssets [32m200[0m 2.110 ms - 960[0m
[0mOPTIONS /api/script/getScrptApi [32m204[0m 0.085 ms - 0[0m
[0mPOST /api/script/getScrptApi [32m200[0m 2.698 ms - 51320[0m
[0mOPTIONS /api/script/pollScriptAssets [32m204[0m 0.071 ms - 0[0m
[0mPOST /api/script/pollScriptAssets [32m200[0m 1.460 ms - 960[0m
[0mPOST /api/script/getScrptApi [32m200[0m 2.460 ms - 51320[0m
[0mPOST /api/script/pollScriptAssets [32m200[0m 1.535 ms - 960[0m
[0mOPTIONS /api/script/getScrptApi [32m204[0m 0.065 ms - 0[0m
[0mPOST /api/script/getScrptApi [32m200[0m 2.415 ms - 51320[0m
[0mOPTIONS /api/script/pollScriptAssets [32m204[0m 0.073 ms - 0[0m
[0mPOST /api/script/pollScriptAssets [32m200[0m 1.533 ms - 960[0m
[0mPOST /api/script/getScrptApi [32m200[0m 2.596 ms - 51320[0m
[0mPOST /api/script/pollScriptAssets [32m200[0m 1.551 ms - 960[0m
[0mOPTIONS /api/script/getScrptApi [32m204[0m 0.074 ms - 0[0m
[0mPOST /api/script/getScrptApi [32m200[0m 2.172 ms - 51320[0m
[0mOPTIONS /api/setting/about/checkUpdate [32m204[0m 0.110 ms - 0[0m
[0mPOST /api/setting/about/checkUpdate [32m200[0m 134.183 ms - 140[0m
[0mOPTIONS /api/script/pollScriptAssets [32m204[0m 0.080 ms - 0[0m
[0mPOST /api/script/pollScriptAssets [32m200[0m 1.744 ms - 960[0m
[0mPOST /api/script/getScrptApi [32m200[0m 2.270 ms - 51320[0m
[0mPOST /api/script/pollScriptAssets [32m200[0m 2.103 ms - 960[0m
[0mOPTIONS /api/script/getScrptApi [32m204[0m 0.067 ms - 0[0m
[0mPOST /api/script/getScrptApi [32m200[0m 2.341 ms - 51320[0m
[0mOPTIONS /api/script/pollScriptAssets [32m204[0m 0.061 ms - 0[0m
[0mPOST /api/script/pollScriptAssets [32m200[0m 1.484 ms - 960[0m
[0mPOST /api/script/getScrptApi [32m200[0m 2.675 ms - 51320[0m
[0mPOST /api/script/pollScriptAssets [32m200[0m 1.974 ms - 960[0m
[0mOPTIONS /api/script/getScrptApi [32m204[0m 0.074 ms - 0[0m
[0mPOST /api/script/getScrptApi [32m200[0m 2.486 ms - 51320[0m
[0mOPTIONS /api/script/pollScriptAssets [32m204[0m 0.074 ms - 0[0m
[0mPOST /api/script/pollScriptAssets [32m200[0m 1.385 ms - 960[0m
[0mPOST /api/script/getScrptApi [32m200[0m 2.326 ms - 51320[0m
[0mPOST /api/script/pollScriptAssets [32m200[0m 1.820 ms - 960[0m
[0mOPTIONS /api/script/getScrptApi [32m204[0m 0.050 ms - 0[0m
[0mPOST /api/script/getScrptApi [32m200[0m 2.554 ms - 51320[0m
[0mOPTIONS /api/script/pollScriptAssets [32m204[0m 0.081 ms - 0[0m
[0mPOST /api/script/pollScriptAssets [32m200[0m 1.504 ms - 960[0m
[0mPOST /api/script/getScrptApi [32m200[0m 2.647 ms - 51320[0m
[0mPOST /api/script/pollScriptAssets [32m200[0m 1.584 ms - 960[0m
[0mOPTIONS /api/script/getScrptApi [32m204[0m 0.060 ms - 0[0m
[0mPOST /api/script/getScrptApi [32m200[0m 2.304 ms - 51320[0m
[0mOPTIONS /api/script/pollScriptAssets [32m204[0m 0.100 ms - 0[0m
[0mPOST /api/script/pollScriptAssets [32m200[0m 2.091 ms - 960[0m
[0mPOST /api/script/getScrptApi [32m200[0m 2.050 ms - 51320[0m
[0mPOST /api/script/pollScriptAssets [32m200[0m 2.198 ms - 960[0m
[0mOPTIONS /api/script/getScrptApi [32m204[0m 0.069 ms - 0[0m
[0mPOST /api/script/getScrptApi [32m200[0m 2.978 ms - 51320[0m
[0mOPTIONS /api/script/pollScriptAssets [32m204[0m 0.090 ms - 0[0m
[0mPOST /api/script/pollScriptAssets [32m200[0m 2.045 ms - 960[0m
[0mPOST /api/script/getScrptApi [32m200[0m 2.929 ms - 51320[0m
[0mPOST /api/script/pollScriptAssets [32m200[0m 2.027 ms - 960[0m
[0mOPTIONS /api/script/getScrptApi [32m204[0m 0.074 ms - 0[0m
[0mPOST /api/script/getScrptApi [32m200[0m 2.840 ms - 51320[0m
[0mOPTIONS /api/script/pollScriptAssets [32m204[0m 0.072 ms - 0[0m
[0mPOST /api/script/pollScriptAssets [32m200[0m 1.656 ms - 960[0m
[0mPOST /api/script/getScrptApi [32m200[0m 2.316 ms - 51320[0m
[0mPOST /api/script/pollScriptAssets [32m200[0m 1.907 ms - 960[0m
[0mOPTIONS /api/script/getScrptApi [32m204[0m 0.071 ms - 0[0m
[0mPOST /api/script/getScrptApi [32m200[0m 2.457 ms - 51320[0m
[0mOPTIONS /api/script/pollScriptAssets [32m204[0m 0.088 ms - 0[0m
[0mPOST /api/script/pollScriptAssets [32m200[0m 1.457 ms - 960[0m
[0mPOST /api/script/getScrptApi [32m200[0m 2.506 ms - 51320[0m
[0mPOST /api/script/pollScriptAssets [32m200[0m 1.871 ms - 960[0m
[0mOPTIONS /api/script/getScrptApi [32m204[0m 0.062 ms - 0[0m
[0mPOST /api/script/getScrptApi [32m200[0m 2.457 ms - 51320[0m
[0mOPTIONS /api/script/pollScriptAssets [32m204[0m 0.075 ms - 0[0m
[0mPOST /api/script/pollScriptAssets [32m200[0m 1.426 ms - 960[0m
[0mPOST /api/script/getScrptApi [32m200[0m 2.351 ms - 51320[0m
[0mPOST /api/script/pollScriptAssets [32m200[0m 2.471 ms - 960[0m
[0mOPTIONS /api/script/getScrptApi [32m204[0m 0.089 ms - 0[0m
[0mPOST /api/script/getScrptApi [32m200[0m 2.872 ms - 51320[0m
[0mOPTIONS /api/script/pollScriptAssets [32m204[0m 0.097 ms - 0[0m
[0mPOST /api/script/pollScriptAssets [32m200[0m 1.570 ms - 960[0m
[0mPOST /api/script/getScrptApi [32m200[0m 2.091 ms - 51320[0m
[0mPOST /api/script/pollScriptAssets [32m200[0m 1.873 ms - 960[0m
[0mOPTIONS /api/script/getScrptApi [32m204[0m 0.046 ms - 0[0m
[0mPOST /api/script/getScrptApi [32m200[0m 2.970 ms - 51320[0m
[0mOPTIONS /api/script/pollScriptAssets [32m204[0m 0.077 ms - 0[0m
[0mPOST /api/script/pollScriptAssets [32m200[0m 1.835 ms - 960[0m
[0mPOST /api/script/getScrptApi [32m200[0m 2.360 ms - 51320[0m
[0mPOST /api/script/pollScriptAssets [32m200[0m 2.548 ms - 960[0m
[0mOPTIONS /api/script/getScrptApi [32m204[0m 0.057 ms - 0[0m
[0mPOST /api/script/getScrptApi [32m200[0m 2.046 ms - 51320[0m
[0mOPTIONS /api/script/pollScriptAssets [32m204[0m 0.094 ms - 0[0m
[0mPOST /api/script/pollScriptAssets [32m200[0m 2.038 ms - 960[0m
[0mPOST /api/script/getScrptApi [32m200[0m 2.898 ms - 51320[0m
[0mPOST /api/script/pollScriptAssets [32m200[0m 1.550 ms - 960[0m
[0mOPTIONS /api/script/getScrptApi [32m204[0m 0.063 ms - 0[0m
[0mPOST /api/script/getScrptApi [32m200[0m 2.395 ms - 51320[0m
[0mOPTIONS /api/script/pollScriptAssets [32m204[0m 0.159 ms - 0[0m
[0mPOST /api/script/pollScriptAssets [32m200[0m 1.649 ms - 960[0m
[0mPOST /api/script/getScrptApi [32m200[0m 2.095 ms - 51320[0m
[0mPOST /api/script/pollScriptAssets [32m200[0m 2.094 ms - 960[0m
[0mOPTIONS /api/script/getScrptApi [32m204[0m 0.089 ms - 0[0m
[0mPOST /api/script/getScrptApi [32m200[0m 2.465 ms - 51320[0m
[0mOPTIONS /api/script/pollScriptAssets [32m204[0m 0.082 ms - 0[0m
[0mPOST /api/script/pollScriptAssets [32m200[0m 2.160 ms - 960[0m
[0mPOST /api/script/getScrptApi [32m200[0m 3.403 ms - 51320[0m
[0mPOST /api/script/pollScriptAssets [32m200[0m 1.339 ms - 960[0m
[0mOPTIONS /api/script/getScrptApi [32m204[0m 0.054 ms - 0[0m
[0mPOST /api/script/getScrptApi [32m200[0m 2.481 ms - 51320[0m
[0mOPTIONS /api/script/pollScriptAssets [32m204[0m 0.075 ms - 0[0m
[0mPOST /api/script/pollScriptAssets [32m200[0m 1.747 ms - 960[0m
[0mPOST /api/script/getScrptApi [32m200[0m 2.579 ms - 51320[0m
[0mPOST /api/script/pollScriptAssets [32m200[0m 1.975 ms - 960[0m
[0mOPTIONS /api/script/getScrptApi [32m204[0m 0.069 ms - 0[0m
[0mPOST /api/script/getScrptApi [32m200[0m 2.749 ms - 51320[0m
[0mOPTIONS /api/script/pollScriptAssets [32m204[0m 0.069 ms - 0[0m
[0mPOST /api/script/pollScriptAssets [32m200[0m 1.748 ms - 960[0m
[0mPOST /api/script/getScrptApi [32m200[0m 2.569 ms - 51320[0m
[0mPOST /api/script/pollScriptAssets [32m200[0m 2.082 ms - 960[0m
[0mOPTIONS /api/script/getScrptApi [32m204[0m 0.059 ms - 0[0m
[0mPOST /api/script/getScrptApi [32m200[0m 2.389 ms - 51320[0m
[0mOPTIONS /api/script/pollScriptAssets [32m204[0m 0.082 ms - 0[0m
[0mPOST /api/script/pollScriptAssets [32m200[0m 1.963 ms - 960[0m
[0mPOST /api/script/getScrptApi [32m200[0m 2.374 ms - 51320[0m
[0mPOST /api/script/pollScriptAssets [32m200[0m 1.880 ms - 960[0m
[0mOPTIONS /api/script/getScrptApi [32m204[0m 0.073 ms - 0[0m
[0mPOST /api/script/getScrptApi [32m200[0m 2.396 ms - 51320[0m
[0mOPTIONS /api/script/pollScriptAssets [32m204[0m 0.060 ms - 0[0m
[0mPOST /api/script/pollScriptAssets [32m200[0m 1.818 ms - 960[0m
[0mPOST /api/script/getScrptApi [32m200[0m 2.704 ms - 51320[0m
[0mPOST /api/script/pollScriptAssets [32m200[0m 1.957 ms - 960[0m
[0mOPTIONS /api/script/getScrptApi [32m204[0m 0.051 ms - 0[0m
[0mPOST /api/script/getScrptApi [32m200[0m 2.448 ms - 51320[0m
[0mOPTIONS /api/script/pollScriptAssets [32m204[0m 0.086 ms - 0[0m
[0mPOST /api/script/pollScriptAssets [32m200[0m 1.785 ms - 960[0m
[0mPOST /api/script/getScrptApi [32m200[0m 2.829 ms - 51320[0m
[0mPOST /api/script/pollScriptAssets [32m200[0m 2.655 ms - 960[0m
[0mOPTIONS /api/script/getScrptApi [32m204[0m 0.093 ms - 0[0m
[0mPOST /api/script/getScrptApi [32m200[0m 2.975 ms - 51320[0m
[0mOPTIONS /api/script/pollScriptAssets [32m204[0m 0.090 ms - 0[0m
[0mPOST /api/script/pollScriptAssets [32m200[0m 2.992 ms - 960[0m
[0mPOST /api/script/getScrptApi [32m200[0m 2.548 ms - 51320[0m
[0mPOST /api/script/pollScriptAssets [32m200[0m 1.921 ms - 960[0m
[0mOPTIONS /api/script/getScrptApi [32m204[0m 0.064 ms - 0[0m
[0mPOST /api/script/getScrptApi [32m200[0m 2.760 ms - 51320[0m
[0mOPTIONS /api/setting/about/checkUpdate [32m204[0m 0.178 ms - 0[0m
[0mPOST /api/setting/about/checkUpdate [32m200[0m 157.073 ms - 140[0m
[0mOPTIONS /api/script/pollScriptAssets [32m204[0m 0.093 ms - 0[0m
[0mPOST /api/script/pollScriptAssets [32m200[0m 2.297 ms - 960[0m
[0mPOST /api/script/getScrptApi [32m200[0m 1.808 ms - 51320[0m
[0mPOST /api/script/pollScriptAssets [32m200[0m 0.994 ms - 2900[0m
[0mOPTIONS /api/script/getScrptApi [32m204[0m 0.026 ms - 0[0m
[0mPOST /api/script/getScrptApi [32m200[0m 0.986 ms - 53260[0m
[0mOPTIONS /api/setting/about/checkUpdate [32m204[0m 0.122 ms - 0[0m
[0mPOST /api/setting/about/checkUpdate [32m200[0m 163.535 ms - 140[0m
[0mOPTIONS /api/setting/about/checkUpdate [32m204[0m 0.117 ms - 0[0m
[0mPOST /api/setting/about/checkUpdate [32m200[0m 156.022 ms - 140[0m
[0mOPTIONS /api/setting/about/checkUpdate [32m204[0m 0.098 ms - 0[0m
[0mPOST /api/setting/about/checkUpdate [32m200[0m 199.189 ms - 140[0m
[0mOPTIONS /api/script/extractAssets [32m204[0m 0.068 ms - 0[0m
[0mPOST /api/script/extractAssets [32m200[0m 58.228 ms - 59[0m
[0mOPTIONS /api/script/getScrptApi [32m204[0m 0.047 ms - 0[0m
[0mPOST /api/script/getScrptApi [32m200[0m 1.550 ms - 51320[0m
[0mOPTIONS /api/script/pollScriptAssets [32m204[0m 0.047 ms - 0[0m
[0mPOST /api/script/pollScriptAssets [32m200[0m 1.512 ms - 960[0m
[0mPOST /api/script/getScrptApi [32m200[0m 4.734 ms - 51320[0m
[0mPOST /api/script/pollScriptAssets [32m200[0m 0.929 ms - 960[0m
[0mOPTIONS /api/script/getScrptApi [32m204[0m 0.029 ms - 0[0m
[0mPOST /api/script/getScrptApi [32m200[0m 1.060 ms - 51320[0m
[0mOPTIONS /api/script/pollScriptAssets [32m204[0m 0.040 ms - 0[0m
[0mPOST /api/script/pollScriptAssets [32m200[0m 1.379 ms - 960[0m
[0mPOST /api/script/getScrptApi [32m200[0m 1.545 ms - 51320[0m
[0mPOST /api/script/pollScriptAssets [32m200[0m 1.283 ms - 960[0m
[0mOPTIONS /api/script/getScrptApi [32m204[0m 0.052 ms - 0[0m
[0mPOST /api/script/getScrptApi [32m200[0m 2.346 ms - 51320[0m
[0mOPTIONS /api/script/pollScriptAssets [32m204[0m 0.058 ms - 0[0m
[0mPOST /api/script/pollScriptAssets [32m200[0m 1.141 ms - 960[0m
[0mPOST /api/script/getScrptApi [32m200[0m 1.586 ms - 51320[0m
[0mOPTIONS /api/setting/about/checkUpdate [32m204[0m 0.056 ms - 0[0m
[0mPOST /api/setting/about/checkUpdate [32m200[0m 148.215 ms - 140[0m
[0mPOST /api/script/pollScriptAssets [32m200[0m 1.240 ms - 960[0m
[0mOPTIONS /api/script/getScrptApi [32m204[0m 0.042 ms - 0[0m
[0mPOST /api/script/getScrptApi [32m200[0m 1.671 ms - 51320[0m
[0mOPTIONS /api/script/pollScriptAssets [32m204[0m 0.065 ms - 0[0m
[0mPOST /api/script/pollScriptAssets [32m200[0m 1.224 ms - 960[0m
[0mPOST /api/script/getScrptApi [32m200[0m 1.550 ms - 51320[0m
[0mPOST /api/script/pollScriptAssets [32m200[0m 1.228 ms - 960[0m
[0mOPTIONS /api/script/getScrptApi [32m204[0m 0.035 ms - 0[0m
[0mPOST /api/script/getScrptApi [32m200[0m 1.475 ms - 51320[0m
[0mOPTIONS /api/script/pollScriptAssets [32m204[0m 0.067 ms - 0[0m
[0mPOST /api/script/pollScriptAssets [32m200[0m 1.184 ms - 960[0m
[0mPOST /api/script/getScrptApi [32m200[0m 1.707 ms - 51320[0m
[0mPOST /api/script/pollScriptAssets [32m200[0m 1.339 ms - 960[0m
[0mOPTIONS /api/script/getScrptApi [32m204[0m 0.040 ms - 0[0m
[0mPOST /api/script/getScrptApi [32m200[0m 1.694 ms - 51320[0m
[0mOPTIONS /api/script/pollScriptAssets [32m204[0m 0.055 ms - 0[0m
[0mPOST /api/script/pollScriptAssets [32m200[0m 1.084 ms - 960[0m
[0mPOST /api/script/getScrptApi [32m200[0m 2.439 ms - 51320[0m
[0mPOST /api/script/pollScriptAssets [32m200[0m 1.206 ms - 960[0m
[0mOPTIONS /api/script/getScrptApi [32m204[0m 0.034 ms - 0[0m
[0mPOST /api/script/getScrptApi [32m200[0m 1.444 ms - 51320[0m
[0mOPTIONS /api/script/pollScriptAssets [32m204[0m 0.056 ms - 0[0m
[0mPOST /api/script/pollScriptAssets [32m200[0m 1.091 ms - 960[0m
[0mPOST /api/script/getScrptApi [32m200[0m 1.596 ms - 51320[0m
[0mPOST /api/script/pollScriptAssets [32m200[0m 1.253 ms - 960[0m
[0mOPTIONS /api/script/getScrptApi [32m204[0m 0.045 ms - 0[0m
[0mPOST /api/script/getScrptApi [32m200[0m 1.621 ms - 51320[0m
[0mOPTIONS /api/script/pollScriptAssets [32m204[0m 0.049 ms - 0[0m
[0mPOST /api/script/pollScriptAssets [32m200[0m 1.194 ms - 960[0m
[0mPOST /api/script/getScrptApi [32m200[0m 1.652 ms - 51320[0m
[0mPOST /api/script/pollScriptAssets [32m200[0m 1.285 ms - 960[0m
[0mOPTIONS /api/script/getScrptApi [32m204[0m 0.032 ms - 0[0m
[0mPOST /api/script/getScrptApi [32m200[0m 1.345 ms - 51320[0m
[0mOPTIONS /api/script/pollScriptAssets [32m204[0m 0.055 ms - 0[0m
[0mPOST /api/script/pollScriptAssets [32m200[0m 1.250 ms - 960[0m
[0mPOST /api/script/getScrptApi [32m200[0m 1.398 ms - 51320[0m
[0mPOST /api/script/pollScriptAssets [32m200[0m 1.426 ms - 960[0m
[0mOPTIONS /api/script/getScrptApi [32m204[0m 0.038 ms - 0[0m
[0mPOST /api/script/getScrptApi [32m200[0m 1.454 ms - 51320[0m
[0mOPTIONS /api/script/pollScriptAssets [32m204[0m 0.051 ms - 0[0m
[0mPOST /api/script/pollScriptAssets [32m200[0m 1.103 ms - 960[0m
[0mPOST /api/script/getScrptApi [32m200[0m 1.552 ms - 51320[0m
[0mPOST /api/script/pollScriptAssets [32m200[0m 1.325 ms - 960[0m
[0mOPTIONS /api/script/getScrptApi [32m204[0m 0.038 ms - 0[0m
[0mPOST /api/script/getScrptApi [32m200[0m 1.372 ms - 51320[0m
[0mOPTIONS /api/script/pollScriptAssets [32m204[0m 0.060 ms - 0[0m
[0mPOST /api/script/pollScriptAssets [32m200[0m 1.179 ms - 960[0m
[0mPOST /api/script/getScrptApi [32m200[0m 1.401 ms - 51320[0m
[0mPOST /api/script/pollScriptAssets [32m200[0m 1.194 ms - 960[0m
[0mOPTIONS /api/script/getScrptApi [32m204[0m 0.037 ms - 0[0m
[0mPOST /api/script/getScrptApi [32m200[0m 1.457 ms - 51320[0m
[0mOPTIONS /api/script/pollScriptAssets [32m204[0m 0.050 ms - 0[0m
[0mPOST /api/script/pollScriptAssets [32m200[0m 1.135 ms - 960[0m
[0mPOST /api/script/getScrptApi [32m200[0m 1.346 ms - 51320[0m
[0mPOST /api/script/pollScriptAssets [32m200[0m 1.473 ms - 960[0m
[0mOPTIONS /api/script/getScrptApi [32m204[0m 0.054 ms - 0[0m
[0mPOST /api/script/getScrptApi [32m200[0m 1.670 ms - 51320[0m
[0mOPTIONS /api/script/pollScriptAssets [32m204[0m 0.058 ms - 0[0m
[0mPOST /api/script/pollScriptAssets [32m200[0m 1.145 ms - 960[0m
[0mPOST /api/script/getScrptApi [32m200[0m 1.735 ms - 51320[0m
[0mPOST /api/script/pollScriptAssets [32m200[0m 1.295 ms - 960[0m
[0mOPTIONS /api/script/getScrptApi [32m204[0m 0.044 ms - 0[0m
[0mPOST /api/script/getScrptApi [32m200[0m 1.672 ms - 51320[0m
[0mOPTIONS /api/script/pollScriptAssets [32m204[0m 0.058 ms - 0[0m
[0mPOST /api/script/pollScriptAssets [32m200[0m 1.092 ms - 960[0m
[0mPOST /api/script/getScrptApi [32m200[0m 1.507 ms - 51320[0m
[0mPOST /api/script/pollScriptAssets [32m200[0m 1.135 ms - 960[0m
[0mOPTIONS /api/script/getScrptApi [32m204[0m 0.035 ms - 0[0m
[0mPOST /api/script/getScrptApi [32m200[0m 1.389 ms - 51320[0m
[0mOPTIONS /api/script/pollScriptAssets [32m204[0m 0.053 ms - 0[0m
[0mPOST /api/script/pollScriptAssets [32m200[0m 1.065 ms - 960[0m
[0mPOST /api/script/getScrptApi [32m200[0m 1.372 ms - 51320[0m
[0mPOST /api/script/pollScriptAssets [32m200[0m 1.214 ms - 960[0m
[0mOPTIONS /api/script/getScrptApi [32m204[0m 0.035 ms - 0[0m
[0mPOST /api/script/getScrptApi [32m200[0m 1.473 ms - 51320[0m
[0mOPTIONS /api/script/pollScriptAssets [32m204[0m 0.056 ms - 0[0m
[0mPOST /api/script/pollScriptAssets [32m200[0m 1.114 ms - 960[0m
[0mPOST /api/script/getScrptApi [32m200[0m 1.463 ms - 51320[0m
[0mPOST /api/script/pollScriptAssets [32m200[0m 1.455 ms - 960[0m
[0mOPTIONS /api/script/getScrptApi [32m204[0m 0.041 ms - 0[0m
[0mPOST /api/script/getScrptApi [32m200[0m 1.631 ms - 51320[0m
[0mOPTIONS /api/script/pollScriptAssets [32m204[0m 0.056 ms - 0[0m
[0mPOST /api/script/pollScriptAssets [32m200[0m 1.201 ms - 960[0m
[0mPOST /api/script/getScrptApi [32m200[0m 1.438 ms - 51320[0m
[0mPOST /api/script/pollScriptAssets [32m200[0m 1.258 ms - 960[0m
[0mOPTIONS /api/script/getScrptApi [32m204[0m 0.057 ms - 0[0m
[0mPOST /api/script/getScrptApi [32m200[0m 1.501 ms - 51320[0m
[0mOPTIONS /api/script/pollScriptAssets [32m204[0m 0.052 ms - 0[0m
[0mPOST /api/script/pollScriptAssets [32m200[0m 1.117 ms - 960[0m
[0mPOST /api/script/getScrptApi [32m200[0m 1.511 ms - 51320[0m
[0mPOST /api/script/pollScriptAssets [32m200[0m 1.317 ms - 960[0m
[0mOPTIONS /api/script/getScrptApi [32m204[0m 0.043 ms - 0[0m
[0mPOST /api/script/getScrptApi [32m200[0m 1.744 ms - 51320[0m
[0mOPTIONS /api/script/pollScriptAssets [32m204[0m 0.056 ms - 0[0m
[0mPOST /api/script/pollScriptAssets [32m200[0m 1.040 ms - 960[0m
[0mPOST /api/script/getScrptApi [32m200[0m 1.378 ms - 51320[0m
[0mPOST /api/script/pollScriptAssets [32m200[0m 1.319 ms - 960[0m
[0mOPTIONS /api/script/getScrptApi [32m204[0m 0.041 ms - 0[0m
[0mPOST /api/script/getScrptApi [32m200[0m 1.578 ms - 51320[0m
[0mOPTIONS /api/script/pollScriptAssets [32m204[0m 0.053 ms - 0[0m
[0mPOST /api/script/pollScriptAssets [32m200[0m 1.135 ms - 960[0m
[0mPOST /api/script/getScrptApi [32m200[0m 1.563 ms - 51320[0m
[0mPOST /api/script/pollScriptAssets [32m200[0m 1.366 ms - 960[0m
[0mOPTIONS /api/script/getScrptApi [32m204[0m 0.039 ms - 0[0m
[0mPOST /api/script/getScrptApi [32m200[0m 1.510 ms - 51320[0m
[0mOPTIONS /api/script/pollScriptAssets [32m204[0m 0.068 ms - 0[0m
[0mPOST /api/script/pollScriptAssets [32m200[0m 1.095 ms - 960[0m
[0mPOST /api/script/getScrptApi [32m200[0m 1.467 ms - 51320[0m
[0mPOST /api/script/pollScriptAssets [32m200[0m 1.208 ms - 960[0m
[0mOPTIONS /api/script/getScrptApi [32m204[0m 0.035 ms - 0[0m
[0mPOST /api/script/getScrptApi [32m200[0m 1.440 ms - 51320[0m
[0mOPTIONS /api/script/pollScriptAssets [32m204[0m 0.056 ms - 0[0m
[0mPOST /api/script/pollScriptAssets [32m200[0m 1.318 ms - 960[0m
[0mPOST /api/script/getScrptApi [32m200[0m 1.598 ms - 51320[0m
[0mPOST /api/script/pollScriptAssets [32m200[0m 1.319 ms - 960[0m
[0mOPTIONS /api/script/getScrptApi [32m204[0m 0.045 ms - 0[0m
[0mPOST /api/script/getScrptApi [32m200[0m 1.964 ms - 51320[0m
[0mOPTIONS /api/script/pollScriptAssets [32m204[0m 0.054 ms - 0[0m
[0mPOST /api/script/pollScriptAssets [32m200[0m 1.111 ms - 960[0m
[0mPOST /api/script/getScrptApi [32m200[0m 1.452 ms - 51320[0m
[0mOPTIONS /api/setting/about/checkUpdate [32m204[0m 0.068 ms - 0[0m
[0mPOST /api/setting/about/checkUpdate [32m200[0m 154.886 ms - 140[0m
[0mPOST /api/script/pollScriptAssets [32m200[0m 1.408 ms - 960[0m
[0mOPTIONS /api/script/getScrptApi [32m204[0m 0.046 ms - 0[0m
[0mPOST /api/script/getScrptApi [32m200[0m 1.900 ms - 51320[0m
[0mOPTIONS /api/script/pollScriptAssets [32m204[0m 0.087 ms - 0[0m
[0mPOST /api/script/pollScriptAssets [32m200[0m 2.077 ms - 960[0m
[0mPOST /api/script/getScrptApi [32m200[0m 1.859 ms - 51320[0m
[0mPOST /api/script/pollScriptAssets [32m200[0m 1.189 ms - 960[0m
[0mOPTIONS /api/script/getScrptApi [32m204[0m 0.037 ms - 0[0m
[0mPOST /api/script/getScrptApi [32m200[0m 1.464 ms - 51320[0m
[0mOPTIONS /api/script/pollScriptAssets [32m204[0m 0.044 ms - 0[0m
[0mPOST /api/script/pollScriptAssets [32m200[0m 1.119 ms - 960[0m
[0mPOST /api/script/getScrptApi [32m200[0m 1.403 ms - 51320[0m
[0mPOST /api/script/pollScriptAssets [32m200[0m 1.163 ms - 960[0m
[0mOPTIONS /api/script/getScrptApi [32m204[0m 0.031 ms - 0[0m
[0mPOST /api/script/getScrptApi [32m200[0m 1.357 ms - 51320[0m
[0mOPTIONS /api/script/pollScriptAssets [32m204[0m 0.053 ms - 0[0m
[0mPOST /api/script/pollScriptAssets [32m200[0m 1.081 ms - 960[0m
[0mPOST /api/script/getScrptApi [32m200[0m 1.438 ms - 51320[0m
[0mPOST /api/script/pollScriptAssets [32m200[0m 1.234 ms - 960[0m
[0mOPTIONS /api/script/getScrptApi [32m204[0m 0.036 ms - 0[0m
[0mPOST /api/script/getScrptApi [32m200[0m 1.458 ms - 51320[0m
[0mOPTIONS /api/script/pollScriptAssets [32m204[0m 0.053 ms - 0[0m
[0mPOST /api/script/pollScriptAssets [32m200[0m 1.122 ms - 960[0m
[0mPOST /api/script/getScrptApi [32m200[0m 1.601 ms - 51320[0m
[0mPOST /api/script/pollScriptAssets [32m200[0m 1.490 ms - 960[0m
[0mOPTIONS /api/script/getScrptApi [32m204[0m 0.041 ms - 0[0m
[0mPOST /api/script/getScrptApi [32m200[0m 1.442 ms - 51320[0m
[0mOPTIONS /api/script/pollScriptAssets [32m204[0m 0.056 ms - 0[0m
[0mPOST /api/script/pollScriptAssets [32m200[0m 1.130 ms - 960[0m
[0mPOST /api/script/getScrptApi [32m200[0m 1.473 ms - 51320[0m
[0mPOST /api/script/pollScriptAssets [32m200[0m 1.320 ms - 960[0m
[0mOPTIONS /api/script/getScrptApi [32m204[0m 0.066 ms - 0[0m
[0mPOST /api/script/getScrptApi [32m200[0m 2.345 ms - 51320[0m
[0mOPTIONS /api/script/pollScriptAssets [32m204[0m 0.076 ms - 0[0m
[0mPOST /api/script/pollScriptAssets [32m200[0m 1.477 ms - 960[0m
[0mPOST /api/script/getScrptApi [32m200[0m 1.510 ms - 51320[0m
[0mPOST /api/script/pollScriptAssets [32m200[0m 1.167 ms - 960[0m
[0mOPTIONS /api/script/getScrptApi [32m204[0m 0.033 ms - 0[0m
[0mPOST /api/script/getScrptApi [32m200[0m 1.402 ms - 51320[0m
[0mOPTIONS /api/script/pollScriptAssets [32m204[0m 0.054 ms - 0[0m
[0mPOST /api/script/pollScriptAssets [32m200[0m 1.050 ms - 960[0m
[0mPOST /api/script/getScrptApi [32m200[0m 1.426 ms - 51320[0m
[0mPOST /api/script/pollScriptAssets [32m200[0m 1.234 ms - 960[0m
[0mOPTIONS /api/script/getScrptApi [32m204[0m 0.039 ms - 0[0m
[0mPOST /api/script/getScrptApi [32m200[0m 1.585 ms - 51320[0m
[0mOPTIONS /api/script/pollScriptAssets [32m204[0m 0.052 ms - 0[0m
[0mPOST /api/script/pollScriptAssets [32m200[0m 1.078 ms - 960[0m
[0mPOST /api/script/getScrptApi [32m200[0m 1.530 ms - 51320[0m
[0mPOST /api/script/pollScriptAssets [32m200[0m 1.213 ms - 960[0m
[0mOPTIONS /api/script/getScrptApi [32m204[0m 0.034 ms - 0[0m
[0mPOST /api/script/getScrptApi [32m200[0m 1.518 ms - 51320[0m
[0mOPTIONS /api/script/pollScriptAssets [32m204[0m 0.063 ms - 0[0m
[0mPOST /api/script/pollScriptAssets [32m200[0m 1.257 ms - 960[0m
[0mPOST /api/script/getScrptApi [32m200[0m 1.420 ms - 51320[0m
[0mPOST /api/script/pollScriptAssets [32m200[0m 1.132 ms - 960[0m
[0mOPTIONS /api/script/getScrptApi [32m204[0m 0.033 ms - 0[0m
[0mPOST /api/script/getScrptApi [32m200[0m 1.345 ms - 51320[0m
[0mOPTIONS /api/script/pollScriptAssets [32m204[0m 0.056 ms - 0[0m
[0mPOST /api/script/pollScriptAssets [32m200[0m 1.123 ms - 960[0m
[0mPOST /api/script/getScrptApi [32m200[0m 1.450 ms - 51320[0m
[0mPOST /api/script/pollScriptAssets [32m200[0m 1.163 ms - 960[0m
[0mOPTIONS /api/script/getScrptApi [32m204[0m 0.033 ms - 0[0m
[0mPOST /api/script/getScrptApi [32m200[0m 1.395 ms - 51320[0m
[0mOPTIONS /api/script/pollScriptAssets [32m204[0m 0.080 ms - 0[0m
[0mPOST /api/script/pollScriptAssets [32m200[0m 1.521 ms - 960[0m
[0mPOST /api/script/getScrptApi [32m200[0m 1.720 ms - 51320[0m
[0mPOST /api/script/pollScriptAssets [32m200[0m 1.433 ms - 960[0m
[0mOPTIONS /api/script/getScrptApi [32m204[0m 0.043 ms - 0[0m
[0mPOST /api/script/getScrptApi [32m200[0m 1.660 ms - 51320[0m
[0mOPTIONS /api/script/pollScriptAssets [32m204[0m 0.055 ms - 0[0m
[0mPOST /api/script/pollScriptAssets [32m200[0m 1.072 ms - 960[0m
[0mPOST /api/script/getScrptApi [32m200[0m 1.384 ms - 51320[0m
[0mPOST /api/script/pollScriptAssets [32m200[0m 1.189 ms - 960[0m
[0mOPTIONS /api/script/getScrptApi [32m204[0m 0.038 ms - 0[0m
[0mPOST /api/script/getScrptApi [32m200[0m 1.622 ms - 51320[0m
[0mOPTIONS /api/script/pollScriptAssets [32m204[0m 0.058 ms - 0[0m
[0mPOST /api/script/pollScriptAssets [32m200[0m 1.216 ms - 960[0m
[0mPOST /api/script/getScrptApi [32m200[0m 1.932 ms - 51320[0m
[0mPOST /api/script/pollScriptAssets [32m200[0m 1.426 ms - 960[0m
[0mOPTIONS /api/script/getScrptApi [32m204[0m 0.033 ms - 0[0m
[0mPOST /api/script/getScrptApi [32m200[0m 1.470 ms - 51320[0m
[0mOPTIONS /api/script/pollScriptAssets [32m204[0m 0.056 ms - 0[0m
[0mPOST /api/script/pollScriptAssets [32m200[0m 1.160 ms - 960[0m
[0mPOST /api/script/getScrptApi [32m200[0m 1.613 ms - 51320[0m
[0mPOST /api/script/pollScriptAssets [32m200[0m 1.272 ms - 960[0m
[0mOPTIONS /api/script/getScrptApi [32m204[0m 0.034 ms - 0[0m
[0mPOST /api/script/getScrptApi [32m200[0m 1.712 ms - 51320[0m
[0mOPTIONS /api/script/pollScriptAssets [32m204[0m 0.094 ms - 0[0m
[0mPOST /api/script/pollScriptAssets [32m200[0m 1.152 ms - 960[0m
[0mPOST /api/script/getScrptApi [32m200[0m 1.437 ms - 51320[0m
[0mPOST /api/script/pollScriptAssets [32m200[0m 1.246 ms - 960[0m
[0mOPTIONS /api/script/getScrptApi [32m204[0m 0.047 ms - 0[0m
[0mPOST /api/script/getScrptApi [32m200[0m 1.884 ms - 51320[0m
[0mOPTIONS /api/script/pollScriptAssets [32m204[0m 0.052 ms - 0[0m
[0mPOST /api/script/pollScriptAssets [32m200[0m 1.067 ms - 960[0m
[0mPOST /api/script/getScrptApi [32m200[0m 1.331 ms - 51320[0m
[0mPOST /api/script/pollScriptAssets [32m200[0m 1.338 ms - 960[0m
[0mOPTIONS /api/script/getScrptApi [32m204[0m 0.041 ms - 0[0m
[0mPOST /api/script/getScrptApi [32m200[0m 1.567 ms - 51320[0m
[0mOPTIONS /api/script/pollScriptAssets [32m204[0m 0.057 ms - 0[0m
[0mPOST /api/script/pollScriptAssets [32m200[0m 1.091 ms - 960[0m
[0mPOST /api/script/getScrptApi [32m200[0m 1.377 ms - 51320[0m
[0mPOST /api/script/pollScriptAssets [32m200[0m 1.381 ms - 960[0m
[0mOPTIONS /api/script/getScrptApi [32m204[0m 0.037 ms - 0[0m
[0mPOST /api/script/getScrptApi [32m200[0m 1.415 ms - 51320[0m
[0mOPTIONS /api/script/pollScriptAssets [32m204[0m 0.057 ms - 0[0m
[0mPOST /api/script/pollScriptAssets [32m200[0m 1.059 ms - 960[0m
[0mPOST /api/script/getScrptApi [32m200[0m 1.382 ms - 51320[0m
[0mPOST /api/script/pollScriptAssets [32m200[0m 1.369 ms - 960[0m
[0mOPTIONS /api/script/getScrptApi [32m204[0m 0.037 ms - 0[0m
[0mPOST /api/script/getScrptApi [32m200[0m 1.482 ms - 51320[0m
[0mOPTIONS /api/script/pollScriptAssets [32m204[0m 0.057 ms - 0[0m
[0mPOST /api/script/pollScriptAssets [32m200[0m 1.190 ms - 960[0m
[0mPOST /api/script/getScrptApi [32m200[0m 1.473 ms - 51320[0m
[0mPOST /api/script/pollScriptAssets [32m200[0m 1.341 ms - 960[0m
[0mOPTIONS /api/script/getScrptApi [32m204[0m 0.039 ms - 0[0m
[0mPOST /api/script/getScrptApi [32m200[0m 1.532 ms - 51320[0m
[0mOPTIONS /api/script/pollScriptAssets [32m204[0m 0.056 ms - 0[0m
[0mPOST /api/script/pollScriptAssets [32m200[0m 1.036 ms - 960[0m
[0mPOST /api/script/getScrptApi [32m200[0m 1.349 ms - 51320[0m
[0mOPTIONS /api/setting/about/checkUpdate [32m204[0m 0.043 ms - 0[0m
[0mPOST /api/setting/about/checkUpdate [32m200[0m 127.474 ms - 140[0m
[0mPOST /api/script/pollScriptAssets [32m200[0m 1.173 ms - 960[0m
[0mOPTIONS /api/script/getScrptApi [32m204[0m 0.053 ms - 0[0m
[0mPOST /api/script/getScrptApi [32m200[0m 1.626 ms - 51320[0m
[0mOPTIONS /api/script/pollScriptAssets [32m204[0m 0.058 ms - 0[0m
[0mPOST /api/script/pollScriptAssets [32m200[0m 1.021 ms - 960[0m
[0mPOST /api/script/getScrptApi [32m200[0m 1.823 ms - 51320[0m
[0mPOST /api/script/pollScriptAssets [32m200[0m 1.301 ms - 960[0m
[0mOPTIONS /api/script/getScrptApi [32m204[0m 0.035 ms - 0[0m
[0mPOST /api/script/getScrptApi [32m200[0m 1.444 ms - 51320[0m
[0mOPTIONS /api/script/pollScriptAssets [32m204[0m 0.054 ms - 0[0m
[0mPOST /api/script/pollScriptAssets [32m200[0m 1.081 ms - 960[0m
[0mPOST /api/script/getScrptApi [32m200[0m 1.379 ms - 51320[0m
[0mPOST /api/script/pollScriptAssets [32m200[0m 1.420 ms - 960[0m
[0mOPTIONS /api/script/getScrptApi [32m204[0m 0.038 ms - 0[0m
[0mPOST /api/script/getScrptApi [32m200[0m 1.480 ms - 51320[0m
[0mOPTIONS /api/script/pollScriptAssets [32m204[0m 0.054 ms - 0[0m
[0mPOST /api/script/pollScriptAssets [32m200[0m 1.111 ms - 960[0m
[0mPOST /api/script/getScrptApi [32m200[0m 1.504 ms - 51320[0m
[0mPOST /api/script/pollScriptAssets [32m200[0m 1.216 ms - 960[0m
[0mOPTIONS /api/script/getScrptApi [32m204[0m 0.031 ms - 0[0m
[0mPOST /api/script/getScrptApi [32m200[0m 1.370 ms - 51320[0m
[0mOPTIONS /api/script/pollScriptAssets [32m204[0m 0.060 ms - 0[0m
[0mPOST /api/script/pollScriptAssets [32m200[0m 1.200 ms - 960[0m
[0mPOST /api/script/getScrptApi [32m200[0m 1.549 ms - 51320[0m
[0mPOST /api/script/pollScriptAssets [32m200[0m 1.421 ms - 960[0m
[0mOPTIONS /api/script/getScrptApi [32m204[0m 0.042 ms - 0[0m
[0mPOST /api/script/getScrptApi [32m200[0m 1.483 ms - 51320[0m
[0mOPTIONS /api/script/pollScriptAssets [32m204[0m 0.054 ms - 0[0m
[0mPOST /api/script/pollScriptAssets [32m200[0m 1.095 ms - 960[0m
[0mPOST /api/script/getScrptApi [32m200[0m 1.496 ms - 51320[0m
[0mPOST /api/script/pollScriptAssets [32m200[0m 1.184 ms - 960[0m
[0mOPTIONS /api/script/getScrptApi [32m204[0m 0.033 ms - 0[0m
[0mPOST /api/script/getScrptApi [32m200[0m 1.427 ms - 51320[0m
[0mOPTIONS /api/script/pollScriptAssets [32m204[0m 0.056 ms - 0[0m
[0mPOST /api/script/pollScriptAssets [32m200[0m 1.118 ms - 960[0m
[0mPOST /api/script/getScrptApi [32m200[0m 0.994 ms - 51320[0m
[0mPOST /api/script/pollScriptAssets [32m200[0m 1.291 ms - 960[0m
[0mOPTIONS /api/script/getScrptApi [32m204[0m 0.033 ms - 0[0m
[0mPOST /api/script/getScrptApi [32m200[0m 1.419 ms - 51320[0m
[0mOPTIONS /api/script/pollScriptAssets [32m204[0m 0.055 ms - 0[0m
[0mPOST /api/script/pollScriptAssets [32m200[0m 1.071 ms - 960[0m
[0mPOST /api/script/getScrptApi [32m200[0m 1.477 ms - 51320[0m
[0mPOST /api/script/pollScriptAssets [32m200[0m 1.443 ms - 960[0m
[0mOPTIONS /api/script/getScrptApi [32m204[0m 0.059 ms - 0[0m
[0mPOST /api/script/getScrptApi [32m200[0m 2.168 ms - 51320[0m
[0mOPTIONS /api/script/pollScriptAssets [32m204[0m 0.051 ms - 0[0m
[0mPOST /api/script/pollScriptAssets [32m200[0m 1.015 ms - 960[0m
[0mPOST /api/script/getScrptApi [32m200[0m 1.590 ms - 51320[0m
[0mPOST /api/script/pollScriptAssets [32m200[0m 1.145 ms - 960[0m
[0mOPTIONS /api/script/getScrptApi [32m204[0m 0.035 ms - 0[0m
[0mPOST /api/script/getScrptApi [32m200[0m 1.673 ms - 51320[0m
[0mOPTIONS /api/script/pollScriptAssets [32m204[0m 0.061 ms - 0[0m
[0mPOST /api/script/pollScriptAssets [32m200[0m 1.185 ms - 960[0m
[0mPOST /api/script/getScrptApi [32m200[0m 1.818 ms - 51320[0m
[0mPOST /api/script/pollScriptAssets [32m200[0m 1.134 ms - 960[0m
[0mOPTIONS /api/script/getScrptApi [32m204[0m 0.035 ms - 0[0m
[0mPOST /api/script/getScrptApi [32m200[0m 1.349 ms - 51320[0m
[0mOPTIONS /api/script/pollScriptAssets [32m204[0m 0.089 ms - 0[0m
[0mPOST /api/script/pollScriptAssets [32m200[0m 1.012 ms - 960[0m
[0mPOST /api/script/getScrptApi [32m200[0m 1.448 ms - 51320[0m
[0mPOST /api/script/pollScriptAssets [32m200[0m 1.175 ms - 960[0m
[0mOPTIONS /api/script/getScrptApi [32m204[0m 0.037 ms - 0[0m
[0mPOST /api/script/getScrptApi [32m200[0m 1.384 ms - 51320[0m
[0mOPTIONS /api/script/pollScriptAssets [32m204[0m 0.053 ms - 0[0m
[0mPOST /api/script/pollScriptAssets [32m200[0m 1.097 ms - 960[0m
[0mPOST /api/script/getScrptApi [32m200[0m 1.819 ms - 51320[0m
[0mPOST /api/script/pollScriptAssets [32m200[0m 1.145 ms - 960[0m
[0mOPTIONS /api/script/getScrptApi [32m204[0m 0.032 ms - 0[0m
[0mPOST /api/script/getScrptApi [32m200[0m 1.476 ms - 51320[0m
[0mOPTIONS /api/script/pollScriptAssets [32m204[0m 0.052 ms - 0[0m
[0mPOST /api/script/pollScriptAssets [32m200[0m 1.042 ms - 960[0m
[0mPOST /api/script/getScrptApi [32m200[0m 1.379 ms - 51320[0m
[0mPOST /api/script/pollScriptAssets [32m200[0m 1.242 ms - 960[0m
[0mOPTIONS /api/script/getScrptApi [32m204[0m 0.033 ms - 0[0m
[0mPOST /api/script/getScrptApi [32m200[0m 1.535 ms - 51320[0m
[0mOPTIONS /api/script/pollScriptAssets [32m204[0m 0.052 ms - 0[0m
[0mPOST /api/script/pollScriptAssets [32m200[0m 1.101 ms - 960[0m
[0mPOST /api/script/getScrptApi [32m200[0m 1.489 ms - 51320[0m
[0mPOST /api/script/pollScriptAssets [32m200[0m 1.133 ms - 960[0m
[0mOPTIONS /api/script/getScrptApi [32m204[0m 0.031 ms - 0[0m
[0mPOST /api/script/getScrptApi [32m200[0m 1.403 ms - 51320[0m
[0mOPTIONS /api/script/pollScriptAssets [32m204[0m 0.052 ms - 0[0m
[0mPOST /api/script/pollScriptAssets [32m200[0m 1.058 ms - 960[0m
[0mPOST /api/script/getScrptApi [32m200[0m 1.759 ms - 51320[0m
[0mPOST /api/script/pollScriptAssets [32m200[0m 1.096 ms - 960[0m
[0mOPTIONS /api/script/getScrptApi [32m204[0m 0.035 ms - 0[0m
[0mPOST /api/script/getScrptApi [32m200[0m 1.429 ms - 51320[0m
[0mOPTIONS /api/script/pollScriptAssets [32m204[0m 0.058 ms - 0[0m
[0mPOST /api/script/pollScriptAssets [32m200[0m 1.307 ms - 960[0m
[0mPOST /api/script/getScrptApi [32m200[0m 1.581 ms - 51320[0m
[0mPOST /api/script/pollScriptAssets [32m200[0m 1.221 ms - 960[0m
[0mOPTIONS /api/script/getScrptApi [32m204[0m 0.045 ms - 0[0m
[0mPOST /api/script/getScrptApi [32m200[0m 1.996 ms - 51320[0m
[0mOPTIONS /api/script/pollScriptAssets [32m204[0m 0.051 ms - 0[0m
[0mPOST /api/script/pollScriptAssets [32m200[0m 1.057 ms - 960[0m
[0mPOST /api/script/getScrptApi [32m200[0m 1.473 ms - 51320[0m
[0mPOST /api/script/pollScriptAssets [32m200[0m 1.137 ms - 960[0m
[0mOPTIONS /api/script/getScrptApi [32m204[0m 0.032 ms - 0[0m
[0mPOST /api/script/getScrptApi [32m200[0m 1.542 ms - 51320[0m
[0mOPTIONS /api/script/pollScriptAssets [32m204[0m 0.055 ms - 0[0m
[0mPOST /api/script/pollScriptAssets [32m200[0m 1.264 ms - 960[0m
[0mPOST /api/script/getScrptApi [32m200[0m 1.845 ms - 51320[0m
[0mPOST /api/script/pollScriptAssets [32m200[0m 1.139 ms - 960[0m
[0mOPTIONS /api/script/getScrptApi [32m204[0m 0.032 ms - 0[0m
[0mPOST /api/script/getScrptApi [32m200[0m 1.363 ms - 51320[0m
[0mOPTIONS /api/script/pollScriptAssets [32m204[0m 0.051 ms - 0[0m
[0mPOST /api/script/pollScriptAssets [32m200[0m 1.072 ms - 960[0m
[0mPOST /api/script/getScrptApi [32m200[0m 1.439 ms - 51320[0m
[0mPOST /api/script/pollScriptAssets [32m200[0m 1.172 ms - 960[0m
[0mOPTIONS /api/script/getScrptApi [32m204[0m 0.034 ms - 0[0m
[0mPOST /api/script/getScrptApi [32m200[0m 1.412 ms - 51320[0m
[0mOPTIONS /api/script/pollScriptAssets [32m204[0m 0.056 ms - 0[0m
[0mPOST /api/script/pollScriptAssets [32m200[0m 1.073 ms - 960[0m
[0mOPTIONS /api/setting/about/checkUpdate [32m204[0m 0.027 ms - 0[0m
[0mOPTIONS /api/script/getScrptApi [32m204[0m 0.040 ms - 0[0m
[0mPOST /api/script/getScrptApi [32m200[0m 1.503 ms - 51320[0m
[0mPOST /api/setting/about/checkUpdate [32m200[0m 148.297 ms - 140[0m
[0mOPTIONS /api/script/pollScriptAssets [32m204[0m 0.054 ms - 0[0m
[0mPOST /api/script/pollScriptAssets [32m200[0m 1.149 ms - 960[0m
[0mOPTIONS /api/script/getScrptApi [32m204[0m 0.042 ms - 0[0m
[0mPOST /api/script/getScrptApi [32m200[0m 1.657 ms - 51320[0m
[0mPOST /api/script/pollScriptAssets [32m200[0m 1.186 ms - 960[0m
[0mPOST /api/script/getScrptApi [32m200[0m 1.490 ms - 51320[0m
[0mPOST /api/script/pollScriptAssets [32m200[0m 1.770 ms - 960[0m
[0mPOST /api/script/getScrptApi [32m200[0m 2.276 ms - 51320[0m
[0mOPTIONS /api/script/pollScriptAssets [32m204[0m 0.073 ms - 0[0m
[0mPOST /api/script/pollScriptAssets [32m200[0m 1.414 ms - 960[0m
[0mOPTIONS /api/script/getScrptApi [32m204[0m 0.073 ms - 0[0m
[0mPOST /api/script/getScrptApi [32m200[0m 2.195 ms - 51320[0m
[0mPOST /api/script/pollScriptAssets [32m200[0m 1.654 ms - 960[0m
[0mPOST /api/script/getScrptApi [32m200[0m 2.439 ms - 51320[0m
[0mOPTIONS /api/script/pollScriptAssets [32m204[0m 0.054 ms - 0[0m
[0mPOST /api/script/pollScriptAssets [32m200[0m 1.757 ms - 960[0m
[0mOPTIONS /api/script/getScrptApi [32m204[0m 0.073 ms - 0[0m
[0mPOST /api/script/getScrptApi [32m200[0m 2.194 ms - 51320[0m
[0mPOST /api/script/pollScriptAssets [32m200[0m 1.796 ms - 960[0m
[0mPOST /api/script/getScrptApi [32m200[0m 2.417 ms - 51320[0m
[0mOPTIONS /api/script/pollScriptAssets [32m204[0m 0.076 ms - 0[0m
[0mPOST /api/script/pollScriptAssets [32m200[0m 1.650 ms - 960[0m
[0mOPTIONS /api/script/getScrptApi [32m204[0m 0.065 ms - 0[0m
[0mPOST /api/script/getScrptApi [32m200[0m 2.307 ms - 51320[0m
[0mPOST /api/script/pollScriptAssets [32m200[0m 2.131 ms - 960[0m
[0mPOST /api/script/getScrptApi [32m200[0m 3.140 ms - 51320[0m
[0mOPTIONS /api/script/pollScriptAssets [32m204[0m 0.083 ms - 0[0m
[0mPOST /api/script/pollScriptAssets [32m200[0m 1.387 ms - 960[0m
[0mOPTIONS /api/script/getScrptApi [32m204[0m 0.070 ms - 0[0m
[0mPOST /api/script/getScrptApi [32m200[0m 2.265 ms - 51320[0m
[0mPOST /api/script/pollScriptAssets [32m200[0m 2.248 ms - 960[0m
[0mPOST /api/script/getScrptApi [32m200[0m 2.637 ms - 51320[0m
[0mOPTIONS /api/script/pollScriptAssets [32m204[0m 0.074 ms - 0[0m
[0mPOST /api/script/pollScriptAssets [32m200[0m 1.721 ms - 960[0m
[0mOPTIONS /api/script/getScrptApi [32m204[0m 0.126 ms - 0[0m
[0mPOST /api/script/getScrptApi [32m200[0m 2.394 ms - 51320[0m
[0mOPTIONS /api/setting/about/checkUpdate [32m204[0m 0.069 ms - 0[0m
[0mPOST /api/setting/about/checkUpdate [32m200[0m 163.795 ms - 140[0m
[0mPOST /api/script/pollScriptAssets [32m200[0m 1.578 ms - 960[0m
[0mPOST /api/script/getScrptApi [32m200[0m 2.246 ms - 51320[0m
[0mOPTIONS /api/script/pollScriptAssets [32m204[0m 0.052 ms - 0[0m
[0mPOST /api/script/pollScriptAssets [32m200[0m 1.453 ms - 960[0m
[0mOPTIONS /api/script/getScrptApi [32m204[0m 0.071 ms - 0[0m
[0mPOST /api/script/getScrptApi [32m200[0m 2.486 ms - 51320[0m
[0mPOST /api/script/pollScriptAssets [32m200[0m 1.841 ms - 960[0m
[0mPOST /api/script/getScrptApi [32m200[0m 3.175 ms - 51320[0m
[0mOPTIONS /api/script/pollScriptAssets [32m204[0m 0.077 ms - 0[0m
[0mPOST /api/script/pollScriptAssets [32m200[0m 1.482 ms - 960[0m
[0mOPTIONS /api/script/getScrptApi [32m204[0m 0.052 ms - 0[0m
[0mPOST /api/script/getScrptApi [32m200[0m 2.494 ms - 51320[0m
[0mPOST /api/script/pollScriptAssets [32m200[0m 2.564 ms - 960[0m
[0mPOST /api/script/getScrptApi [32m200[0m 3.113 ms - 51320[0m
[0mOPTIONS /api/script/pollScriptAssets [32m204[0m 0.072 ms - 0[0m
[0mPOST /api/script/pollScriptAssets [32m200[0m 1.496 ms - 960[0m
[0mOPTIONS /api/script/getScrptApi [32m204[0m 0.068 ms - 0[0m
[0mPOST /api/script/getScrptApi [32m200[0m 2.554 ms - 51320[0m
[0mPOST /api/script/pollScriptAssets [32m200[0m 1.791 ms - 960[0m
[0mPOST /api/script/getScrptApi [32m200[0m 2.805 ms - 51320[0m
[0mOPTIONS /api/script/pollScriptAssets [32m204[0m 0.074 ms - 0[0m
[0mPOST /api/script/pollScriptAssets [32m200[0m 1.463 ms - 960[0m
[0mOPTIONS /api/script/getScrptApi [32m204[0m 0.060 ms - 0[0m
[0mPOST /api/script/getScrptApi [32m200[0m 2.378 ms - 51320[0m
[0mPOST /api/script/pollScriptAssets [32m200[0m 1.343 ms - 960[0m
[0mPOST /api/script/getScrptApi [32m200[0m 2.108 ms - 51320[0m
[0mOPTIONS /api/script/pollScriptAssets [32m204[0m 0.051 ms - 0[0m
[0mPOST /api/script/pollScriptAssets [32m200[0m 1.453 ms - 960[0m
[0mOPTIONS /api/script/getScrptApi [32m204[0m 0.107 ms - 0[0m
[0mPOST /api/script/getScrptApi [32m200[0m 2.346 ms - 51320[0m
[0mPOST /api/script/pollScriptAssets [32m200[0m 1.114 ms - 960[0m
[0mPOST /api/script/getScrptApi [32m200[0m 1.066 ms - 51320[0m
[0mOPTIONS /api/script/pollScriptAssets [32m204[0m 0.081 ms - 0[0m
[0mPOST /api/script/pollScriptAssets [32m200[0m 1.455 ms - 960[0m
[0mOPTIONS /api/script/getScrptApi [32m204[0m 0.063 ms - 0[0m
[0mPOST /api/script/getScrptApi [32m200[0m 2.329 ms - 51320[0m
[0mPOST /api/script/pollScriptAssets [32m200[0m 1.697 ms - 960[0m
[0mPOST /api/script/getScrptApi [32m200[0m 2.358 ms - 51320[0m
[0mOPTIONS /api/script/pollScriptAssets [32m204[0m 0.066 ms - 0[0m
[0mPOST /api/script/pollScriptAssets [32m200[0m 1.458 ms - 960[0m
[0mOPTIONS /api/script/getScrptApi [32m204[0m 0.073 ms - 0[0m
[0mPOST /api/script/getScrptApi [32m200[0m 2.202 ms - 51320[0m
[0mPOST /api/script/pollScriptAssets [32m200[0m 1.964 ms - 960[0m
[0mPOST /api/script/getScrptApi [32m200[0m 2.249 ms - 51320[0m
[0mOPTIONS /api/script/pollScriptAssets [32m204[0m 0.066 ms - 0[0m
[0mPOST /api/script/pollScriptAssets [32m200[0m 0.820 ms - 960[0m
[0mOPTIONS /api/script/getScrptApi [32m204[0m 0.075 ms - 0[0m
[0mPOST /api/script/getScrptApi [32m200[0m 2.648 ms - 51320[0m
[0mOPTIONS /api/script/pollScriptAssets [32m204[0m 0.046 ms - 0[0m
[0mPOST /api/script/pollScriptAssets [32m200[0m 0.832 ms - 960[0m
[0mOPTIONS /api/setting/about/checkUpdate [32m204[0m 0.047 ms - 0[0m
[0mOPTIONS /api/script/getScrptApi [32m204[0m 0.033 ms - 0[0m
[0mPOST /api/script/getScrptApi [32m200[0m 1.690 ms - 51320[0m
[0mPOST /api/setting/about/checkUpdate [32m200[0m 140.181 ms - 140[0m
[0mOPTIONS /api/script/pollScriptAssets [32m204[0m 0.052 ms - 0[0m
[0mPOST /api/script/pollScriptAssets [32m200[0m 1.565 ms - 960[0m
[0mOPTIONS /api/script/getScrptApi [32m204[0m 0.064 ms - 0[0m
[0mPOST /api/script/getScrptApi [32m200[0m 2.320 ms - 51320[0m
[0mOPTIONS /api/script/pollScriptAssets [32m204[0m 0.058 ms - 0[0m
[0mOPTIONS /api/setting/about/checkUpdate [32m204[0m 0.040 ms - 0[0m
[0mPOST /api/script/pollScriptAssets [32m200[0m 1.362 ms - 960[0m
[0mOPTIONS /api/script/getScrptApi [32m204[0m 0.039 ms - 0[0m
[0mPOST /api/script/getScrptApi [32m200[0m 2.088 ms - 51320[0m
[0mPOST /api/setting/about/checkUpdate [32m200[0m 128.590 ms - 140[0m
[0mOPTIONS /api/script/pollScriptAssets [32m204[0m 0.066 ms - 0[0m
[0mPOST /api/script/pollScriptAssets [32m200[0m 1.472 ms - 960[0m
[0mOPTIONS /api/script/getScrptApi [32m204[0m 0.055 ms - 0[0m
[0mPOST /api/script/getScrptApi [32m200[0m 2.149 ms - 51320[0m
[0mOPTIONS /api/script/pollScriptAssets [32m204[0m 0.050 ms - 0[0m
[0mPOST /api/script/pollScriptAssets [32m200[0m 1.208 ms - 960[0m
[0mOPTIONS /api/setting/about/checkUpdate [32m204[0m 0.056 ms - 0[0m
[0mOPTIONS /api/script/getScrptApi [32m204[0m 0.036 ms - 0[0m
[0mPOST /api/script/getScrptApi [32m200[0m 1.875 ms - 51320[0m
[0mPOST /api/setting/about/checkUpdate [32m200[0m 291.600 ms - 140[0m
[0mOPTIONS /api/script/pollScriptAssets [32m204[0m 0.046 ms - 0[0m
[0mPOST /api/script/pollScriptAssets [32m200[0m 0.794 ms - 2980[0m
[0mOPTIONS /api/script/getScrptApi [32m204[0m 0.019 ms - 0[0m
[0mPOST /api/script/getScrptApi [32m200[0m 0.844 ms - 53340[0m
[0mOPTIONS /api/setting/about/checkUpdate [32m204[0m 0.035 ms - 0[0m
[0mPOST /api/setting/about/checkUpdate [32m200[0m 255.701 ms - 140[0m
[0mOPTIONS /api/setting/about/checkUpdate [32m204[0m 0.035 ms - 0[0m
[0mPOST /api/setting/about/checkUpdate [32m200[0m 119.896 ms - 140[0m
