数据库目录: D:\Toonflow-app-master\data\db2.sqlite
[Socket] 注册命名空间: /api/socket/productionAgent
[Socket] 注册命名空间: /api/socket/scriptAgent
文件目录: D:\Toonflow-app-master\data\oss
文件目录: D:\Toonflow-app-master\data\skills
文件目录: D:\Toonflow-app-master\data\assets
静态网站目录: D:\Toonflow-app-master\data\web
[服务启动成功]: http://localhost:10588
[0mOPTIONS /api/setting/modelMap/getImageAndVideoModel [32m204[0m 1.063 ms - 0[0m
[0mPOST /api/setting/modelMap/getImageAndVideoModel [32m200[0m 79.921 ms - 2507[0m
[productionAgent] 已连接: Q0qjP5NuPULAHbipAAAB
[0mOPTIONS /api/agents/getMemory [32m204[0m 0.148 ms - 0[0m
[0mPOST /api/agents/getMemory [32m200[0m 23.103 ms - 689639[0m
[0mOPTIONS /api/setting/modelMap/getPromptList?model=MiniMax-H3-local [32m204[0m 0.115 ms - 0[0m
[0mGET /api/setting/modelMap/getPromptList?model=MiniMax-H3-local [32m200[0m 6.937 ms - 9245[0m
[0mOPTIONS /api/setting/modelMap/getImageAndVideoModel [32m204[0m 0.104 ms - 0[0m
[0mOPTIONS /api/setting/modelMap/getImageAndVideoModel [32m204[0m 0.092 ms - 0[0m
[0mPOST /api/setting/modelMap/getImageAndVideoModel [32m200[0m 209.325 ms - 2507[0m
[0mPOST /api/setting/modelMap/getImageAndVideoModel [32m200[0m 86.712 ms - 2507[0m
[0mPOST /api/setting/modelMap/getImageAndVideoModel [33m401[0m 1.252 ms - 28[0m
[0mGET /api/setting/modelMap/getPromptList?model=MiniMax-H3-local [33m401[0m 0.914 ms - 28[0m
[0mGET /api/setting/modelMap/getPromptList [33m401[0m 0.640 ms - 28[0m
[0mOPTIONS /api/setting/about/checkUpdate [32m204[0m 0.104 ms - 0[0m
[0mPOST /api/setting/about/checkUpdate [32m200[0m 160.887 ms - 140[0m
[0mOPTIONS /api/setting/about/checkUpdate [32m204[0m 0.097 ms - 0[0m
[0mPOST /api/setting/about/checkUpdate [32m200[0m 33.651 ms - 140[0m
[0mOPTIONS /api/setting/modelMap/getImageAndVideoModel [32m204[0m 0.119 ms - 0[0m
[0mOPTIONS /api/setting/modelMap/getImageAndVideoModel [32m204[0m 0.105 ms - 0[0m
[0mPOST /api/setting/modelMap/getImageAndVideoModel [32m200[0m 218.183 ms - 2507[0m
[0mPOST /api/setting/modelMap/getImageAndVideoModel [32m200[0m 100.433 ms - 2507[0m
[0mOPTIONS /api/script/batchAddScript [32m204[0m 0.167 ms - 0[0m
[0mPOST /api/script/batchAddScript [32m200[0m 40.885 ms - 71[0m
[0mOPTIONS /api/script/getScrptApi [32m204[0m 0.118 ms - 0[0m
[0mPOST /api/script/getScrptApi [32m200[0m 3.471 ms - 51380[0m
[0mOPTIONS /api/script/extractAssets [32m204[0m 0.092 ms - 0[0m
[0mPOST /api/script/extractAssets [32m200[0m 42.079 ms - 59[0m
[0mOPTIONS /api/script/getScrptApi [32m204[0m 0.113 ms - 0[0m
[0mPOST /api/script/getScrptApi [32m200[0m 4.037 ms - 51320[0m
[0mOPTIONS /api/script/pollScriptAssets [32m204[0m 0.093 ms - 0[0m
[0mPOST /api/script/pollScriptAssets [32m200[0m 1.905 ms - 960[0m
[0mPOST /api/script/getScrptApi [32m200[0m 2.416 ms - 51320[0m
[0mPOST /api/script/pollScriptAssets [32m200[0m 1.458 ms - 960[0m
[0mOPTIONS /api/script/getScrptApi [32m204[0m 0.057 ms - 0[0m
[0mPOST /api/script/getScrptApi [32m200[0m 2.008 ms - 51320[0m
[0mOPTIONS /api/script/pollScriptAssets [32m204[0m 0.081 ms - 0[0m
[0mPOST /api/script/pollScriptAssets [32m200[0m 1.420 ms - 960[0m
[0mPOST /api/script/getScrptApi [32m200[0m 1.481 ms - 51320[0m
[0mPOST /api/script/pollScriptAssets [32m200[0m 1.349 ms - 960[0m
[0mOPTIONS /api/script/getScrptApi [32m204[0m 0.057 ms - 0[0m
[0mPOST /api/script/getScrptApi [32m200[0m 1.843 ms - 51320[0m
[0mOPTIONS /api/script/pollScriptAssets [32m204[0m 0.081 ms - 0[0m
[0mPOST /api/script/pollScriptAssets [32m200[0m 1.285 ms - 960[0m
[0mPOST /api/script/getScrptApi [32m200[0m 1.819 ms - 51320[0m
[0mPOST /api/script/pollScriptAssets [32m200[0m 1.369 ms - 960[0m
[0mOPTIONS /api/script/getScrptApi [32m204[0m 0.055 ms - 0[0m
[0mPOST /api/script/getScrptApi [32m200[0m 1.777 ms - 51320[0m
[0mOPTIONS /api/script/pollScriptAssets [32m204[0m 0.102 ms - 0[0m
[0mPOST /api/script/pollScriptAssets [32m200[0m 1.615 ms - 960[0m
[0mPOST /api/script/getScrptApi [32m200[0m 1.986 ms - 51320[0m
[0mPOST /api/script/pollScriptAssets [32m200[0m 1.348 ms - 960[0m
[0mOPTIONS /api/script/getScrptApi [32m204[0m 0.067 ms - 0[0m
[0mPOST /api/script/getScrptApi [32m200[0m 2.474 ms - 51320[0m
[0mOPTIONS /api/script/pollScriptAssets [32m204[0m 0.073 ms - 0[0m
[0mPOST /api/script/pollScriptAssets [32m200[0m 1.132 ms - 960[0m
[0mPOST /api/script/getScrptApi [32m200[0m 1.711 ms - 51320[0m
[0mPOST /api/script/pollScriptAssets [32m200[0m 1.339 ms - 960[0m
[0mOPTIONS /api/script/getScrptApi [32m204[0m 0.064 ms - 0[0m
[0mPOST /api/script/getScrptApi [32m200[0m 1.993 ms - 51320[0m
[0mOPTIONS /api/script/pollScriptAssets [32m204[0m 0.135 ms - 0[0m
[0mPOST /api/script/pollScriptAssets [32m200[0m 1.181 ms - 960[0m
[0mPOST /api/script/getScrptApi [32m200[0m 1.713 ms - 51320[0m
[0mPOST /api/script/pollScriptAssets [32m200[0m 1.364 ms - 960[0m
[0mOPTIONS /api/script/getScrptApi [32m204[0m 0.057 ms - 0[0m
[0mPOST /api/script/getScrptApi [32m200[0m 1.882 ms - 51320[0m
[0mOPTIONS /api/script/pollScriptAssets [32m204[0m 0.072 ms - 0[0m
[0mPOST /api/script/pollScriptAssets [32m200[0m 1.189 ms - 960[0m
[0mPOST /api/script/getScrptApi [32m200[0m 1.689 ms - 51320[0m
[0mOPTIONS /api/setting/about/checkUpdate [32m204[0m 0.131 ms - 0[0m
[0mPOST /api/setting/about/checkUpdate [32m200[0m 117.950 ms - 140[0m
[0mPOST /api/script/pollScriptAssets [32m200[0m 1.373 ms - 960[0m
[0mOPTIONS /api/script/getScrptApi [32m204[0m 0.231 ms - 0[0m
[0mPOST /api/script/getScrptApi [32m200[0m 2.657 ms - 51320[0m
[0mOPTIONS /api/script/pollScriptAssets [32m204[0m 0.071 ms - 0[0m
[0mPOST /api/script/pollScriptAssets [32m200[0m 1.158 ms - 960[0m
[0mPOST /api/script/getScrptApi [32m200[0m 1.501 ms - 51320[0m
[0mPOST /api/script/pollScriptAssets [32m200[0m 1.347 ms - 960[0m
[0mOPTIONS /api/script/getScrptApi [32m204[0m 0.051 ms - 0[0m
[0mPOST /api/script/getScrptApi [32m200[0m 1.544 ms - 51320[0m
[0mOPTIONS /api/script/pollScriptAssets [32m204[0m 0.069 ms - 0[0m
[0mPOST /api/script/pollScriptAssets [32m200[0m 1.125 ms - 960[0m
[0mPOST /api/script/getScrptApi [32m200[0m 1.656 ms - 51320[0m
[0mPOST /api/script/pollScriptAssets [32m200[0m 1.236 ms - 960[0m
[0mOPTIONS /api/script/getScrptApi [32m204[0m 0.060 ms - 0[0m
[0mPOST /api/script/getScrptApi [32m200[0m 2.037 ms - 51320[0m
[0mOPTIONS /api/script/pollScriptAssets [32m204[0m 0.070 ms - 0[0m
[0mPOST /api/script/pollScriptAssets [32m200[0m 1.208 ms - 960[0m
[0mPOST /api/script/getScrptApi [32m200[0m 1.607 ms - 51320[0m
[0mPOST /api/script/pollScriptAssets [32m200[0m 1.219 ms - 960[0m
[0mOPTIONS /api/script/getScrptApi [32m204[0m 0.049 ms - 0[0m
[0mPOST /api/script/getScrptApi [32m200[0m 1.477 ms - 51320[0m
[0mOPTIONS /api/script/pollScriptAssets [32m204[0m 0.070 ms - 0[0m
[0mPOST /api/script/pollScriptAssets [32m200[0m 1.183 ms - 960[0m
[0mPOST /api/script/getScrptApi [32m200[0m 1.452 ms - 51320[0m
[0mPOST /api/script/pollScriptAssets [32m200[0m 1.400 ms - 960[0m
[0mOPTIONS /api/script/getScrptApi [32m204[0m 0.061 ms - 0[0m
[0mPOST /api/script/getScrptApi [32m200[0m 1.934 ms - 51320[0m
[0mOPTIONS /api/script/pollScriptAssets [32m204[0m 0.073 ms - 0[0m
[0mPOST /api/script/pollScriptAssets [32m200[0m 1.236 ms - 960[0m
[0mPOST /api/script/getScrptApi [32m200[0m 1.617 ms - 51320[0m
[0mPOST /api/script/pollScriptAssets [32m200[0m 1.380 ms - 960[0m
[0mOPTIONS /api/script/getScrptApi [32m204[0m 0.049 ms - 0[0m
[0mPOST /api/script/getScrptApi [32m200[0m 1.647 ms - 51320[0m
[0mOPTIONS /api/script/pollScriptAssets [32m204[0m 0.070 ms - 0[0m
[0mPOST /api/script/pollScriptAssets [32m200[0m 1.246 ms - 960[0m
[0mPOST /api/script/getScrptApi [32m200[0m 1.560 ms - 51320[0m
[0mPOST /api/script/pollScriptAssets [32m200[0m 1.367 ms - 960[0m
[0mOPTIONS /api/script/getScrptApi [32m204[0m 0.058 ms - 0[0m
[0mPOST /api/script/getScrptApi [32m200[0m 2.465 ms - 51320[0m
[0mOPTIONS /api/script/pollScriptAssets [32m204[0m 0.071 ms - 0[0m
[0mPOST /api/script/pollScriptAssets [32m200[0m 1.288 ms - 960[0m
[0mPOST /api/script/getScrptApi [32m200[0m 1.626 ms - 51320[0m
[0mPOST /api/script/pollScriptAssets [32m200[0m 1.288 ms - 960[0m
[0mOPTIONS /api/script/getScrptApi [32m204[0m 0.045 ms - 0[0m
[0mPOST /api/script/getScrptApi [32m200[0m 1.454 ms - 51320[0m
[0mOPTIONS /api/script/pollScriptAssets [32m204[0m 0.067 ms - 0[0m
[0mPOST /api/script/pollScriptAssets [32m200[0m 1.244 ms - 960[0m
[0mPOST /api/script/getScrptApi [32m200[0m 1.522 ms - 51320[0m
[0mOPTIONS /api/setting/about/checkUpdate [32m204[0m 0.066 ms - 0[0m
[0mPOST /api/setting/about/checkUpdate [32m200[0m 153.426 ms - 140[0m
[0mPOST /api/script/pollScriptAssets [32m200[0m 1.333 ms - 960[0m
[0mOPTIONS /api/script/getScrptApi [32m204[0m 0.061 ms - 0[0m
[0mPOST /api/script/getScrptApi [32m200[0m 2.535 ms - 51320[0m
[0mOPTIONS /api/script/pollScriptAssets [32m204[0m 0.067 ms - 0[0m
[0mPOST /api/script/pollScriptAssets [32m200[0m 1.120 ms - 960[0m
[0mPOST /api/script/getScrptApi [32m200[0m 1.530 ms - 51320[0m
[0mPOST /api/script/pollScriptAssets [32m200[0m 1.257 ms - 960[0m
[0mOPTIONS /api/script/getScrptApi [32m204[0m 0.045 ms - 0[0m
[0mPOST /api/script/getScrptApi [32m200[0m 1.420 ms - 51320[0m
[0mOPTIONS /api/script/pollScriptAssets [32m204[0m 0.069 ms - 0[0m
[0mPOST /api/script/pollScriptAssets [32m200[0m 1.127 ms - 960[0m
[0mPOST /api/script/getScrptApi [32m200[0m 1.831 ms - 51320[0m
[0mPOST /api/script/pollScriptAssets [32m200[0m 1.364 ms - 960[0m
[0mOPTIONS /api/script/getScrptApi [32m204[0m 0.056 ms - 0[0m
[0mPOST /api/script/getScrptApi [32m200[0m 1.802 ms - 51320[0m
[0mOPTIONS /api/script/pollScriptAssets [32m204[0m 0.081 ms - 0[0m
[0mPOST /api/script/pollScriptAssets [32m200[0m 1.128 ms - 960[0m
[0mPOST /api/script/getScrptApi [32m200[0m 1.507 ms - 51320[0m
[0mPOST /api/script/pollScriptAssets [32m200[0m 1.291 ms - 960[0m
[0mOPTIONS /api/script/getScrptApi [32m204[0m 0.095 ms - 0[0m
[0mPOST /api/script/getScrptApi [32m200[0m 1.703 ms - 51320[0m
[0mOPTIONS /api/script/pollScriptAssets [32m204[0m 0.079 ms - 0[0m
[0mPOST /api/script/pollScriptAssets [32m200[0m 1.114 ms - 960[0m
[0mPOST /api/script/getScrptApi [32m200[0m 1.400 ms - 51320[0m
[0mPOST /api/script/pollScriptAssets [32m200[0m 1.469 ms - 960[0m
[0mOPTIONS /api/script/getScrptApi [32m204[0m 0.061 ms - 0[0m
[0mPOST /api/script/getScrptApi [32m200[0m 1.876 ms - 51320[0m
[0mOPTIONS /api/script/pollScriptAssets [32m204[0m 0.072 ms - 0[0m
[0mPOST /api/script/pollScriptAssets [32m200[0m 1.315 ms - 960[0m
[0mPOST /api/script/getScrptApi [32m200[0m 1.500 ms - 51320[0m
[0mPOST /api/script/pollScriptAssets [32m200[0m 1.277 ms - 960[0m
[0mOPTIONS /api/script/getScrptApi [32m204[0m 0.053 ms - 0[0m
[0mPOST /api/script/getScrptApi [32m200[0m 1.717 ms - 51320[0m
[0mOPTIONS /api/script/pollScriptAssets [32m204[0m 0.068 ms - 0[0m
[0mPOST /api/script/pollScriptAssets [32m200[0m 1.170 ms - 960[0m
[0mPOST /api/script/getScrptApi [32m200[0m 1.436 ms - 51320[0m
[0mPOST /api/script/pollScriptAssets [32m200[0m 1.336 ms - 960[0m
[0mOPTIONS /api/script/getScrptApi [32m204[0m 0.052 ms - 0[0m
[0mPOST /api/script/getScrptApi [32m200[0m 1.767 ms - 51320[0m
