[环境变量：dev]
数据库目录: D:\Toonflow-app-master\data\db2.sqlite
[Socket] 注册命名空间: /api/socket/productionAgent
[Socket] 注册命名空间: /api/socket/scriptAgent
文件目录: D:\Toonflow-app-master\data\oss
文件目录: D:\Toonflow-app-master\data\skills
文件目录: D:\Toonflow-app-master\data\assets
静态网站目录: D:\Toonflow-app-master\data\web
[服务启动成功]: http://localhost:10588
[0mOPTIONS /api/login/login [32m204[0m 0.893 ms - 0[0m
[0mPOST /api/login/login [32m200[0m 13.346 ms - 243[0m
[0mOPTIONS /api/modelSelect/getModelList [32m204[0m 0.408 ms - 0[0m
[0mOPTIONS /api/project/getProject [32m204[0m 0.066 ms - 0[0m
[0mOPTIONS /api/setting/about/checkUpdate [32m204[0m 0.076 ms - 0[0m
[0mOPTIONS /api/modelSelect/getModelList [32m204[0m 0.073 ms - 0[0m
[0mPOST /api/modelSelect/getModelList [32m200[0m 54.802 ms - 1188[0m
[0mPOST /api/project/getProject [32m200[0m 1.888 ms - 990[0m
[0mPOST /api/modelSelect/getModelList [32m200[0m 43.468 ms - 1208[0m
[0mPOST /api/setting/about/checkUpdate [32m200[0m 270.908 ms - 140[0m
[0mGET / [32m200[0m 2.411 ms - 26890147[0m
[0mOPTIONS /api/modelSelect/getModelDetail [32m204[0m 0.150 ms - 0[0m
[0mPOST /api/modelSelect/getModelDetail [32m200[0m 14.587 ms - 137[0m
[0mPOST /api/modelSelect/getModelDetail [32m200[0m 12.410 ms - 345[0m
[0mOPTIONS /api/script/getScrptApi [32m204[0m 0.291 ms - 0[0m
[0mPOST /api/script/getScrptApi [32m200[0m 5.240 ms - 6852[0m
[0mOPTIONS /api/modelSelect/getModelList [32m204[0m 0.054 ms - 0[0m
[0mOPTIONS /api/cornerScape/getAllAssets [32m204[0m 0.064 ms - 0[0m
[0mPOST /api/cornerScape/getAllAssets [32m200[0m 8.174 ms - 43793[0m
[0mPOST /api/modelSelect/getModelList [32m200[0m 40.505 ms - 1188[0m
[0mGET /oss/1790218938911/props/9d94ebbe-3452-4486-933f-a4bd0fd1cb79.jpg?size=20 [32m200[0m 3.548 ms - 8621[0m
[0mGET /oss/1790218938911/scene/9076aea4-6898-451c-b769-138b180269fa.jpg?size=20 [32m200[0m 15.277 ms - 14008[0m
[0mGET /oss/1790218938911/scene/d59eff61-8ee9-42bb-938b-66f63665b21e.jpg?size=20 [32m200[0m 16.078 ms - 15848[0m
[0mGET /oss/1790218938911/scene/a1f9a4b5-9580-4e73-ac06-f750661fa83c.jpg?size=20 [32m200[0m 16.481 ms - 25372[0m
[0mGET /oss/1790218938911/scene/c6c090f0-6e93-400f-9f60-afa64303bebb.jpg?size=20 [32m200[0m 16.621 ms - 21216[0m
[0mGET /oss/1790218938911/role/a32ceb28-2f57-4fff-b461-7913b7dabf7a.jpg?size=20 [32m200[0m 17.515 ms - 16010[0m
[0mGET /oss/1790218938911/props/849179a8-7481-4c69-9e45-be74dad5d98c.jpg?size=20 [32m200[0m 2.973 ms - 24336[0m
[0mGET /oss/1790218938911/scene/38af172a-2f82-4fb8-9006-a1948bacdaca.jpg?size=20 [32m200[0m 3.425 ms - 12277[0m
[0mGET /oss/1790218938911/scene/cc3b3534-3d55-429c-9b45-654c2b3fcde4.jpg?size=20 [32m200[0m 5.373 ms - 9792[0m
[0mGET /oss/1790218938911/role/451b15d1-02ba-418f-b771-f7490b472a5e.jpg?size=20 [32m200[0m 4.786 ms - 28113[0m
[0mGET /oss/1790218938911/props/6d3c3396-e262-4a89-b78c-d1ea298b485b.jpg?size=20 [32m200[0m 4.816 ms - 13638[0m
[0mGET /oss/1790218938911/role/e10ba4c2-2a8f-44e6-8749-595a57cffa61.jpg?size=20 [32m200[0m 5.097 ms - 14888[0m
[0mGET / [36m304[0m 0.658 ms - -[0m
[0mPOST /api/modelSelect/getModelList [32m200[0m 45.367 ms - 1188[0m
[0mPOST /api/cornerScape/getAllAssets [32m200[0m 4.433 ms - 43793[0m
[0mGET /favicon.ico [36m304[0m 0.242 ms - -[0m
[0mGET /oss/1790218938911/role/a32ceb28-2f57-4fff-b461-7913b7dabf7a.jpg [32m200[0m 0.832 ms - 4373910[0m
[0mGET /oss/1790218938911/role/a32ceb28-2f57-4fff-b461-7913b7dabf7a.jpg?size=20 [36m304[0m 1.082 ms - -[0m
[0mGET /oss/1790218938911/role/451b15d1-02ba-418f-b771-f7490b472a5e.jpg?size=20 [36m304[0m 1.456 ms - -[0m
[0mGET /oss/1790218938911/scene/d59eff61-8ee9-42bb-938b-66f63665b21e.jpg?size=20 [36m304[0m 2.311 ms - -[0m
[0mGET /oss/1790218938911/role/e10ba4c2-2a8f-44e6-8749-595a57cffa61.jpg?size=20 [36m304[0m 1.082 ms - -[0m
[0mPOST /api/setting/about/checkUpdate [32m200[0m 130.194 ms - 140[0m
[0mGET /oss/1790218938911/scene/a1f9a4b5-9580-4e73-ac06-f750661fa83c.jpg?size=20 [36m304[0m 1.082 ms - -[0m
[0mGET /oss/1790218938911/scene/38af172a-2f82-4fb8-9006-a1948bacdaca.jpg?size=20 [36m304[0m 2.465 ms - -[0m
[0mPOST /api/assetsGenerate/batchGenerateImageAssets [32m200[0m 63.343 ms - 50[0m
[0mPOST /api/assets/pollingImageAssets [32m200[0m 2.116 ms - 41[0m
[0mPOST /api/assets/pollingImageAssets [32m200[0m 1.186 ms - 41[0m
[0mOPTIONS /api/cornerScape/getAllAssets [32m204[0m 0.101 ms - 0[0m
[0mPOST /api/cornerScape/getAllAssets [32m200[0m 5.444 ms - 43793[0m
[0mOPTIONS /api/modelSelect/getModelList [32m204[0m 0.051 ms - 0[0m
[0mPOST /api/modelSelect/getModelList [32m200[0m 72.566 ms - 1188[0m
[0mGET /oss/1790218938911/scene/d7c0b238-751a-490a-98b9-793f3cd50af0.jpg?size=20 [32m200[0m 1.034 ms - 4265[0m
[0mGET /oss/1790218938911/scene/bb3351bb-8c58-476c-9766-3d3d0c6af631.jpg?size=20 [32m200[0m 0.833 ms - 13019[0m
[0mGET /oss/1790218938911/scene/d4dcdbe0-e4ba-468e-9e01-e95b2475a48b.jpg?size=20 [32m200[0m 0.809 ms - 11210[0m
[0mGET /oss/1790218938911/scene/ce194cd9-1093-47e4-bf3f-5d99c0f2e0a8.jpg?size=20 [32m200[0m 0.740 ms - 12596[0m
[0mPOST /api/assets/pollingImageAssets [32m200[0m 1.678 ms - 41[0m
[0mPOST /api/cornerScape/getAllAssets [32m200[0m 5.650 ms - 43793[0m
[0mGET /oss/1790218938911/role/e10ba4c2-2a8f-44e6-8749-595a57cffa61.reference-_-face.png [32m200[0m 1.188 ms - 1244425[0m
[0mGET /oss/1790218938911/role/e10ba4c2-2a8f-44e6-8749-595a57cffa61.reference-_-full-body.png [32m200[0m 0.682 ms - 2476694[0m
[0mGET /oss/1790218938911/role/0b420b77-ed2b-4357-b3c2-0ae4e8a803b3.jpg?size=20 [32m200[0m 1.606 ms - 12753[0m
[0mGET /oss/1790218938911/role/270c61fc-e913-48be-8db2-b8c5d3caa94c.jpg?size=20 [32m200[0m 2.104 ms - 13030[0m
[0mGET /oss/1790218938911/role/17222234-82a6-487e-8b74-80f08d648505.jpg?size=20 [32m200[0m 2.549 ms - 12684[0m
[0mGET /oss/1790218938911/role/a02fa185-77b1-42b3-b74b-141a036ff3aa.jpg?size=20 [32m200[0m 2.839 ms - 5223[0m
[0mPOST /api/assets/pollingImageAssets [32m200[0m 1.339 ms - 41[0m
[0mGET /oss/1790218938911/role/1f7c2693-f6b8-4ff5-bee9-31a3645ec5c1.jpg?size=20 [32m200[0m 1.088 ms - 13129[0m
[D:\Toonflow-app-master\data\oss\smallImage\1790218938911\role\cacdbb1f-cf2d-444a-b648-e68b6e4bec67_20p.jpg] 小图生成成功
[0mGET /oss/1790218938911/role/cacdbb1f-cf2d-444a-b648-e68b6e4bec67.jpg?size=20 [32m200[0m 67.675 ms - 12801[0m
[0mGET /oss/1790218938911/role/9baba792-5cb5-49fe-a69f-1de5976673b9.jpg?size=20 [32m200[0m 0.818 ms - 9788[0m
[0mPOST /api/assets/pollingImageAssets [32m200[0m 1.259 ms - 41[0m
[0mPOST /api/assets/pollingImageAssets [32m200[0m 1.686 ms - 41[0m
[0mPOST /api/assets/pollingImageAssets [32m200[0m 0.944 ms - 41[0m
[0mPOST /api/assets/pollingImageAssets [32m200[0m 1.562 ms - 41[0m
[0mPOST /api/assets/pollingImageAssets [32m200[0m 1.298 ms - 41[0m
[0mPOST /api/assets/pollingImageAssets [32m200[0m 1.710 ms - 198[0m
[0mPOST /api/cornerScape/getAllAssets [32m200[0m 5.845 ms - 43912[0m
[D:\Toonflow-app-master\data\oss\smallImage\1790218938911\role\82519c32-abd0-4a4f-b015-ce76e1343028_20p.jpg] 小图生成成功
[0mGET /oss/1790218938911/role/82519c32-abd0-4a4f-b015-ce76e1343028.jpg?size=20 [32m200[0m 106.666 ms - 15637[0m
[0mPOST /api/cornerScape/getAllAssets [32m200[0m 3.345 ms - 43912[0m
[0mPOST /api/modelSelect/getModelList [32m200[0m 57.314 ms - 1188[0m
[0mGET /oss/1790218938911/role/82519c32-abd0-4a4f-b015-ce76e1343028.reference-_-full-body-front.png [32m200[0m 1.636 ms - 976615[0m
[0mGET /oss/1790218938911/role/82519c32-abd0-4a4f-b015-ce76e1343028.reference-_-full-body-back.png [32m200[0m 1.334 ms - 1138249[0m
[0mGET /oss/1790218938911/role/82519c32-abd0-4a4f-b015-ce76e1343028.reference-_-face.png [32m200[0m 1.597 ms - 1421327[0m
[0mGET /oss/1790218938911/role/82519c32-abd0-4a4f-b015-ce76e1343028.reference-_-full-body-side.png [32m200[0m 0.623 ms - 1053425[0m
[0mOPTIONS /api/setting/about/checkUpdate [32m204[0m 0.049 ms - 0[0m
[0mPOST /api/setting/about/checkUpdate [32m200[0m 147.916 ms - 140[0m
[0mPOST /api/setting/about/checkUpdate [32m200[0m 127.292 ms - 140[0m
[0mOPTIONS /api/setting/about/checkUpdate [32m204[0m 0.036 ms - 0[0m
[0mPOST /api/setting/about/checkUpdate [32m200[0m 124.837 ms - 140[0m
[0mOPTIONS /api/assetsGenerate/batchPolishAssetsPrompt [32m204[0m 0.072 ms - 0[0m
[0mPOST /api/assetsGenerate/batchPolishAssetsPrompt [32m200[0m 60.177 ms - 51[0m
[0mOPTIONS /api/assets/pollingPromptAssets [32m204[0m 0.348 ms - 0[0m
[0mPOST /api/assets/pollingPromptAssets [32m200[0m 2.672 ms - 41[0m
[0mPOST /api/assets/pollingPromptAssets [32m200[0m 2.813 ms - 41[0m
[0mOPTIONS /api/assets/pollingPromptAssets [32m204[0m 0.100 ms - 0[0m
[0mPOST /api/assets/pollingPromptAssets [32m200[0m 1.744 ms - 41[0m
[0mPOST /api/assets/pollingPromptAssets [32m200[0m 1.300 ms - 1642[0m
[0mOPTIONS /api/cornerScape/getAllAssets [32m204[0m 0.032 ms - 0[0m
[0mPOST /api/cornerScape/getAllAssets [32m200[0m 2.708 ms - 43710[0m
[0mOPTIONS /api/assets/pollingPromptAssets [32m204[0m 0.124 ms - 0[0m
[0mPOST /api/assets/pollingPromptAssets [32m200[0m 2.103 ms - 6022[0m
[0mPOST /api/cornerScape/getAllAssets [32m200[0m 11.213 ms - 42807[0m
[0mPOST /api/assets/pollingPromptAssets [32m200[0m 2.924 ms - 41[0m
[0mOPTIONS /api/assets/pollingPromptAssets [32m204[0m 0.129 ms - 0[0m
[0mPOST /api/assets/pollingPromptAssets [32m200[0m 2.753 ms - 1702[0m
[0mOPTIONS /api/cornerScape/getAllAssets [32m204[0m 0.070 ms - 0[0m
[0mPOST /api/cornerScape/getAllAssets [32m200[0m 2.752 ms - 42671[0m
[0mPOST /api/assets/pollingPromptAssets [32m200[0m 3.748 ms - 41[0m
[0mOPTIONS /api/assets/pollingPromptAssets [32m204[0m 0.074 ms - 0[0m
[0mPOST /api/assets/pollingPromptAssets [32m200[0m 1.249 ms - 2855[0m
[0mOPTIONS /api/cornerScape/getAllAssets [32m204[0m 0.093 ms - 0[0m
[0mPOST /api/cornerScape/getAllAssets [32m200[0m 2.362 ms - 42892[0m
[0mPOST /api/assets/pollingPromptAssets [32m200[0m 4.019 ms - 3628[0m
[0mPOST /api/cornerScape/getAllAssets [32m200[0m 2.591 ms - 42918[0m
[0mOPTIONS /api/assets/pollingPromptAssets [32m204[0m 0.220 ms - 0[0m
[0mPOST /api/assets/pollingPromptAssets [32m200[0m 2.262 ms - 1982[0m
[0mOPTIONS /api/cornerScape/getAllAssets [32m204[0m 0.182 ms - 0[0m
[0mPOST /api/cornerScape/getAllAssets [32m200[0m 21.057 ms - 43113[0m
[0mPOST /api/assets/pollingPromptAssets [32m200[0m 3.149 ms - 1918[0m
[0mPOST /api/cornerScape/getAllAssets [32m200[0m 2.535 ms - 43260[0m
[0mOPTIONS /api/assets/pollingPromptAssets [32m204[0m 0.114 ms - 0[0m
[0mPOST /api/assets/pollingPromptAssets [32m200[0m 2.819 ms - 1822[0m
[0mOPTIONS /api/cornerScape/getAllAssets [32m204[0m 0.042 ms - 0[0m
[0mPOST /api/cornerScape/getAllAssets [32m200[0m 4.900 ms - 43326[0m
[0mPOST /api/assets/pollingPromptAssets [32m200[0m 3.027 ms - 4950[0m
[0mPOST /api/cornerScape/getAllAssets [32m200[0m 9.703 ms - 43425[0m
[0mGET /oss/1790218938911/props/849179a8-7481-4c69-9e45-be74dad5d98c.jpg?size=20 [36m304[0m 0.609 ms - -[0m
[0mOPTIONS /api/setting/about/checkUpdate [32m204[0m 0.215 ms - 0[0m
[0mPOST /api/setting/about/checkUpdate [32m200[0m 170.333 ms - 140[0m
[0mOPTIONS /api/setting/about/checkUpdate [32m204[0m 0.130 ms - 0[0m
[0mPOST /api/setting/about/checkUpdate [32m200[0m 142.398 ms - 140[0m
[0mOPTIONS /api/setting/about/checkUpdate [32m204[0m 0.098 ms - 0[0m
[0mPOST /api/setting/about/checkUpdate [32m200[0m 177.668 ms - 140[0m
[0mOPTIONS /api/setting/about/checkUpdate [32m204[0m 0.055 ms - 0[0m
[0mPOST /api/setting/about/checkUpdate [32m200[0m 169.507 ms - 140[0m
[0mOPTIONS /api/setting/about/checkUpdate [32m204[0m 0.162 ms - 0[0m
[0mPOST /api/setting/about/checkUpdate [32m200[0m 140.025 ms - 140[0m
[0mOPTIONS /api/setting/about/checkUpdate [32m204[0m 0.037 ms - 0[0m
[0mPOST /api/setting/about/checkUpdate [32m200[0m 124.858 ms - 140[0m
[0mOPTIONS /api/setting/about/checkUpdate [32m204[0m 0.053 ms - 0[0m
[0mPOST /api/setting/about/checkUpdate [32m200[0m 122.116 ms - 140[0m
[0mOPTIONS /api/setting/about/checkUpdate [32m204[0m 0.053 ms - 0[0m
[0mPOST /api/setting/about/checkUpdate [32m200[0m 189.132 ms - 140[0m
[0mOPTIONS /api/setting/about/checkUpdate [32m204[0m 0.037 ms - 0[0m
[0mPOST /api/setting/about/checkUpdate [32m200[0m 132.475 ms - 140[0m
[0mOPTIONS /api/setting/about/checkUpdate [32m204[0m 0.075 ms - 0[0m
[0mPOST /api/setting/about/checkUpdate [32m200[0m 147.374 ms - 140[0m
[0mOPTIONS /api/setting/about/checkUpdate [32m204[0m 0.168 ms - 0[0m
[0mPOST /api/setting/about/checkUpdate [32m200[0m 151.529 ms - 140[0m
[0mOPTIONS /api/setting/about/checkUpdate [32m204[0m 0.058 ms - 0[0m
[0mPOST /api/setting/about/checkUpdate [32m200[0m 114.419 ms - 140[0m
[0mOPTIONS /api/setting/about/checkUpdate [32m204[0m 0.036 ms - 0[0m
[0mPOST /api/setting/about/checkUpdate [32m200[0m 152.993 ms - 140[0m
[0mOPTIONS /api/setting/about/checkUpdate [32m204[0m 0.037 ms - 0[0m
[0mPOST /api/setting/about/checkUpdate [32m200[0m 126.565 ms - 140[0m
[0mOPTIONS /api/setting/about/checkUpdate [32m204[0m 0.063 ms - 0[0m
[0mPOST /api/setting/about/checkUpdate [32m200[0m 163.132 ms - 140[0m
[0mOPTIONS /api/setting/about/checkUpdate [32m204[0m 0.036 ms - 0[0m
[0mPOST /api/setting/about/checkUpdate [32m200[0m 114.215 ms - 140[0m
[0mOPTIONS /api/setting/about/checkUpdate [32m204[0m 0.130 ms - 0[0m
[0mPOST /api/setting/about/checkUpdate [32m200[0m 125.102 ms - 140[0m
[0mOPTIONS /api/setting/about/checkUpdate [32m204[0m 0.055 ms - 0[0m
[0mPOST /api/setting/about/checkUpdate [32m200[0m 126.787 ms - 140[0m
[0mOPTIONS /api/setting/about/checkUpdate [32m204[0m 0.055 ms - 0[0m
[0mPOST /api/setting/about/checkUpdate [32m200[0m 135.421 ms - 140[0m
[0mOPTIONS /api/setting/about/checkUpdate [32m204[0m 0.036 ms - 0[0m
[0mPOST /api/setting/about/checkUpdate [32m200[0m 119.481 ms - 140[0m
[0mOPTIONS /api/setting/about/checkUpdate [32m204[0m 0.113 ms - 0[0m
[0mPOST /api/setting/about/checkUpdate [32m200[0m 138.864 ms - 140[0m
[0mOPTIONS /api/setting/about/checkUpdate [32m204[0m 0.155 ms - 0[0m
[0mPOST /api/setting/about/checkUpdate [32m200[0m 132.731 ms - 140[0m
[0mGET /oss/1790218938911/role/a32ceb28-2f57-4fff-b461-7913b7dabf7a.reference-_-full-body-front.png [32m200[0m 1.065 ms - 971978[0m
[0mOPTIONS /api/cornerScape/getAllAssets [32m204[0m 0.059 ms - 0[0m
[0mPOST /api/cornerScape/getAllAssets [32m200[0m 5.405 ms - 43425[0m
[0mGET /oss/1790218938911/role/a32ceb28-2f57-4fff-b461-7913b7dabf7a.reference-_-face.png [32m200[0m 1.115 ms - 1513870[0m
[0mGET /oss/1790218938911/role/a32ceb28-2f57-4fff-b461-7913b7dabf7a.reference-_-full-body-side.png [32m200[0m 1.587 ms - 1010335[0m
[0mGET /oss/1790218938911/role/a32ceb28-2f57-4fff-b461-7913b7dabf7a.reference-_-full-body-back.png [32m200[0m 1.847 ms - 1193716[0m
[0mGET /oss/1790218938911/role/82519c32-abd0-4a4f-b015-ce76e1343028.jpg?size=20 [32m200[0m 3.126 ms - 15637[0m
[0mGET /oss/1790218938911/role/82519c32-abd0-4a4f-b015-ce76e1343028.reference-_-full-body-front.png [32m200[0m 2.415 ms - 976615[0m
[0mGET /oss/1790218938911/role/82519c32-abd0-4a4f-b015-ce76e1343028.reference-_-full-body-side.png [32m200[0m 2.376 ms - 1053425[0m
[0mGET /oss/1790218938911/role/82519c32-abd0-4a4f-b015-ce76e1343028.reference-_-full-body-back.png [32m200[0m 2.407 ms - 1138249[0m
[0mGET /oss/1790218938911/role/82519c32-abd0-4a4f-b015-ce76e1343028.reference-_-face.png [32m200[0m 2.327 ms - 1421327[0m
[0mGET /oss/1790218938911/role/386892bb-4290-4d42-a162-e7e98ec81532.jpg?size=20 [32m200[0m 0.573 ms - 13537[0m
[0mGET /oss/1790218938911/role/96cac7ad-0d08-4be3-bae3-6f5ee6394542.jpg?size=20 [32m200[0m 0.991 ms - 13515[0m
[0mGET /oss/1790218938911/role/313ab990-7f79-4699-a326-3acc441a7aff.jpg?size=20 [32m200[0m 1.264 ms - 5065[0m
[0mGET /oss/1790218938911/role/ce6aac7d-6679-458a-9056-a81a34fc802c.jpg?size=20 [32m200[0m 1.399 ms - 10337[0m
[0mGET /oss/1790218938911/role/e10ba4c2-2a8f-44e6-8749-595a57cffa61.reference-_-face.png [36m304[0m 0.452 ms - -[0m
[0mGET /oss/1790218938911/role/e10ba4c2-2a8f-44e6-8749-595a57cffa61.reference-_-full-body.png [36m304[0m 1.482 ms - -[0m
[0mPOST /api/cornerScape/getAllAssets [32m200[0m 4.703 ms - 43425[0m
[0mGET /oss/1790218938911/role/1f7c2693-f6b8-4ff5-bee9-31a3645ec5c1.jpg?size=20 [36m304[0m 0.825 ms - -[0m
[0mGET /oss/1790218938911/role/cacdbb1f-cf2d-444a-b648-e68b6e4bec67.jpg?size=20 [36m304[0m 1.080 ms - -[0m
[0mGET /oss/1790218938911/role/9baba792-5cb5-49fe-a69f-1de5976673b9.jpg?size=20 [36m304[0m 1.476 ms - -[0m
[0mGET /oss/1790218938911/role/451b15d1-02ba-418f-b771-f7490b472a5e.jpg [32m200[0m 1.107 ms - 6181691[0m
[0mOPTIONS /api/cornerScape/getAllAssets [32m204[0m 0.046 ms - 0[0m
[0mPOST /api/cornerScape/getAllAssets [32m200[0m 6.704 ms - 43425[0m
[0mGET /oss/1790218938911/role/451b15d1-02ba-418f-b771-f7490b472a5e.reference-_-face.png [32m200[0m 0.715 ms - 1668193[0m
[0mGET /oss/1790218938911/role/451b15d1-02ba-418f-b771-f7490b472a5e.reference-_-full-body.png [32m200[0m 1.195 ms - 3371958[0m
[0mGET /oss/1790218938911/role/50efd38f-3a51-49c0-8e8c-8d845653c06d.jpg?size=20 [32m200[0m 3.209 ms - 20333[0m
[0mGET /oss/1790218938911/role/42bfcb77-e5f0-4170-8891-730dd1eed1d5.jpg?size=20 [32m200[0m 1.565 ms - 18835[0m
[0mGET /oss/1790218938911/role/1f3aaf72-c99c-45f3-95ff-93ad7854fdac.jpg?size=20 [32m200[0m 1.129 ms - 18956[0m
[0mGET /oss/1790218938911/role/7bbfa60b-a63e-4e00-a5f0-9384c4d74981.jpg?size=20 [32m200[0m 0.703 ms - 13267[0m
[0mOPTIONS /api/cornerScape/getAllAssets [32m204[0m 0.071 ms - 0[0m
[0mPOST /api/cornerScape/getAllAssets [32m200[0m 7.696 ms - 43425[0m
[0mGET /oss/1790218938911/scene/d4dcdbe0-e4ba-468e-9e01-e95b2475a48b.jpg?size=20 [36m304[0m 0.767 ms - -[0m
[0mGET /oss/1790218938911/scene/ce194cd9-1093-47e4-bf3f-5d99c0f2e0a8.jpg?size=20 [36m304[0m 0.564 ms - -[0m
[0mGET /oss/1790218938911/scene/7685bdf7-87bb-45e6-b0cc-18d7606600cf.jpg?size=20 [32m200[0m 0.832 ms - 14399[0m
[0mGET /oss/1790218938911/scene/bb3351bb-8c58-476c-9766-3d3d0c6af631.jpg?size=20 [36m304[0m 0.438 ms - -[0m
[0mOPTIONS /api/assetsGenerate/batchGenerateImageAssets [32m204[0m 0.048 ms - 0[0m
[0mPOST /api/assetsGenerate/batchGenerateImageAssets [32m200[0m 623.022 ms - 51[0m
[0mOPTIONS /api/assets/pollingImageAssets [32m204[0m 0.069 ms - 0[0m
[0mPOST /api/assets/pollingImageAssets [32m200[0m 1.554 ms - 41[0m
[0mPOST /api/assets/pollingImageAssets [32m200[0m 1.333 ms - 41[0m
[0mOPTIONS /api/setting/about/checkUpdate [32m204[0m 0.060 ms - 0[0m
[0mOPTIONS /api/assets/pollingImageAssets [32m204[0m 0.054 ms - 0[0m
[0mPOST /api/assets/pollingImageAssets [32m200[0m 1.161 ms - 41[0m
[0mPOST /api/setting/about/checkUpdate [32m200[0m 498.427 ms - 140[0m
[0mPOST /api/assets/pollingImageAssets [32m200[0m 2.067 ms - 41[0m
[0mOPTIONS /api/assets/pollingImageAssets [32m204[0m 0.076 ms - 0[0m
[0mPOST /api/assets/pollingImageAssets [32m200[0m 1.587 ms - 41[0m
[0mPOST /api/assets/pollingImageAssets [32m200[0m 1.563 ms - 41[0m
[0mOPTIONS /api/assets/pollingImageAssets [32m204[0m 0.073 ms - 0[0m
[0mPOST /api/assets/pollingImageAssets [32m200[0m 1.290 ms - 41[0m
[0mPOST /api/assets/pollingImageAssets [32m200[0m 1.361 ms - 41[0m
[0mOPTIONS /api/assets/pollingImageAssets [32m204[0m 0.054 ms - 0[0m
[0mPOST /api/assets/pollingImageAssets [32m200[0m 1.173 ms - 41[0m
[0mPOST /api/assets/pollingImageAssets [32m200[0m 1.439 ms - 41[0m
[0mOPTIONS /api/assets/pollingImageAssets [32m204[0m 0.058 ms - 0[0m
[0mPOST /api/assets/pollingImageAssets [32m200[0m 1.469 ms - 41[0m
[0mPOST /api/assets/pollingImageAssets [32m200[0m 1.412 ms - 41[0m
[0mOPTIONS /api/assets/pollingImageAssets [32m204[0m 0.056 ms - 0[0m
[0mPOST /api/assets/pollingImageAssets [32m200[0m 1.190 ms - 41[0m
[0mPOST /api/assets/pollingImageAssets [32m200[0m 0.952 ms - 41[0m
[0mOPTIONS /api/assets/pollingImageAssets [32m204[0m 0.109 ms - 0[0m
[0mPOST /api/assets/pollingImageAssets [32m200[0m 2.641 ms - 41[0m
[0mPOST /api/assets/pollingImageAssets [32m200[0m 1.015 ms - 41[0m
[0mOPTIONS /api/assets/pollingImageAssets [32m204[0m 0.153 ms - 0[0m
[0mPOST /api/assets/pollingImageAssets [32m200[0m 0.889 ms - 41[0m
[0mPOST /api/assets/pollingImageAssets [32m200[0m 3.160 ms - 41[0m
[0mOPTIONS /api/assets/pollingImageAssets [32m204[0m 0.136 ms - 0[0m
[0mPOST /api/assets/pollingImageAssets [32m200[0m 3.328 ms - 41[0m
[0mPOST /api/assets/pollingImageAssets [32m200[0m 0.850 ms - 41[0m
[0mOPTIONS /api/assets/pollingImageAssets [32m204[0m 0.091 ms - 0[0m
[0mPOST /api/assets/pollingImageAssets [32m200[0m 2.090 ms - 41[0m
[0mPOST /api/assets/pollingImageAssets [32m200[0m 1.270 ms - 41[0m
[0mOPTIONS /api/assets/pollingImageAssets [32m204[0m 0.054 ms - 0[0m
[0mPOST /api/assets/pollingImageAssets [32m200[0m 1.453 ms - 41[0m
[0mPOST /api/assets/pollingImageAssets [32m200[0m 1.318 ms - 41[0m
[0mOPTIONS /api/assets/pollingImageAssets [32m204[0m 0.044 ms - 0[0m
[0mPOST /api/assets/pollingImageAssets [32m200[0m 0.919 ms - 41[0m
[0mPOST /api/assets/pollingImageAssets [32m200[0m 1.307 ms - 41[0m
[0mOPTIONS /api/assets/pollingImageAssets [32m204[0m 0.081 ms - 0[0m
[0mPOST /api/assets/pollingImageAssets [32m200[0m 1.230 ms - 41[0m
[0mPOST /api/assets/pollingImageAssets [32m200[0m 1.334 ms - 41[0m
[0mOPTIONS /api/assets/pollingImageAssets [32m204[0m 0.059 ms - 0[0m
[0mPOST /api/assets/pollingImageAssets [32m200[0m 1.223 ms - 41[0m
[0mPOST /api/assets/pollingImageAssets [32m200[0m 1.254 ms - 41[0m
[0mOPTIONS /api/assets/pollingImageAssets [32m204[0m 0.055 ms - 0[0m
[0mPOST /api/assets/pollingImageAssets [32m200[0m 1.181 ms - 41[0m
[0mPOST /api/assets/pollingImageAssets [32m200[0m 1.398 ms - 41[0m
[0mOPTIONS /api/assets/pollingImageAssets [32m204[0m 0.082 ms - 0[0m
[0mPOST /api/assets/pollingImageAssets [32m200[0m 1.307 ms - 41[0m
[0mPOST /api/assets/pollingImageAssets [32m200[0m 1.694 ms - 41[0m
[0mOPTIONS /api/assets/pollingImageAssets [32m204[0m 0.170 ms - 0[0m
[0mPOST /api/assets/pollingImageAssets [32m200[0m 1.254 ms - 41[0m
[0mPOST /api/assets/pollingImageAssets [32m200[0m 1.381 ms - 41[0m
[0mOPTIONS /api/assets/pollingImageAssets [32m204[0m 0.135 ms - 0[0m
[0mPOST /api/assets/pollingImageAssets [32m200[0m 1.620 ms - 198[0m
[0mOPTIONS /api/cornerScape/getAllAssets [32m204[0m 0.033 ms - 0[0m
[0mPOST /api/cornerScape/getAllAssets [32m200[0m 4.430 ms - 43544[0m
[D:\Toonflow-app-master\data\oss\smallImage\1790218938911\role\a56d5bf0-cdca-4a62-8444-2abec0d6e017_20p.jpg] 小图生成成功
[0mGET /oss/1790218938911/role/a56d5bf0-cdca-4a62-8444-2abec0d6e017.jpg?size=20 [32m200[0m 217.474 ms - 66988[0m
[0mPOST /api/assets/pollingImageAssets [32m200[0m 1.312 ms - 41[0m
[0mOPTIONS /api/assets/pollingImageAssets [32m204[0m 0.065 ms - 0[0m
[0mPOST /api/assets/pollingImageAssets [32m200[0m 1.164 ms - 41[0m
[0mPOST /api/assets/pollingImageAssets [32m200[0m 1.488 ms - 41[0m
[0mOPTIONS /api/assets/pollingImageAssets [32m204[0m 0.093 ms - 0[0m
[0mPOST /api/assets/pollingImageAssets [32m200[0m 1.559 ms - 41[0m
[0mPOST /api/assets/pollingImageAssets [32m200[0m 1.686 ms - 199[0m
[0mOPTIONS /api/cornerScape/getAllAssets [32m204[0m 0.056 ms - 0[0m
[0mPOST /api/cornerScape/getAllAssets [32m200[0m 4.286 ms - 43664[0m
[D:\Toonflow-app-master\data\oss\smallImage\1790218938911\scene\9dfab13f-360a-432b-8234-e985e49bba63_20p.jpg] 小图生成成功
[0mGET /oss/1790218938911/scene/9dfab13f-360a-432b-8234-e985e49bba63.jpg?size=20 [32m200[0m 68.103 ms - 13598[0m
[0mOPTIONS /api/setting/about/checkUpdate [32m204[0m 0.055 ms - 0[0m
[0mOPTIONS /api/assets/pollingImageAssets [32m204[0m 0.055 ms - 0[0m
[0mPOST /api/assets/pollingImageAssets [32m200[0m 1.473 ms - 41[0m
[0mPOST /api/setting/about/checkUpdate [32m200[0m 369.715 ms - 140[0m
[0mPOST /api/assets/pollingImageAssets [32m200[0m 1.263 ms - 41[0m
[0mOPTIONS /api/assets/pollingImageAssets [32m204[0m 0.053 ms - 0[0m
[0mPOST /api/assets/pollingImageAssets [32m200[0m 1.339 ms - 41[0m
[0mPOST /api/assets/pollingImageAssets [32m200[0m 1.171 ms - 41[0m
[0mOPTIONS /api/assets/pollingImageAssets [32m204[0m 0.096 ms - 0[0m
[0mPOST /api/assets/pollingImageAssets [32m200[0m 1.656 ms - 199[0m
[0mOPTIONS /api/cornerScape/getAllAssets [32m204[0m 0.037 ms - 0[0m
[0mPOST /api/cornerScape/getAllAssets [32m200[0m 4.590 ms - 43784[0m
[D:\Toonflow-app-master\data\oss\smallImage\1790218938911\scene\9b774f55-b6d7-4d08-a06f-c2d7294c751e_20p.jpg] 小图生成成功
[0mGET /oss/1790218938911/scene/9b774f55-b6d7-4d08-a06f-c2d7294c751e.jpg?size=20 [32m200[0m 63.769 ms - 11740[0m
[0mGET /oss/1790218938911/role/a56d5bf0-cdca-4a62-8444-2abec0d6e017.jpg [32m200[0m 0.767 ms - 12875617[0m
[0mPOST /api/assets/pollingImageAssets [32m200[0m 1.326 ms - 41[0m
[0mOPTIONS /api/assets/pollingImageAssets [32m204[0m 0.061 ms - 0[0m
[0mPOST /api/assets/pollingImageAssets [32m200[0m 1.427 ms - 41[0m
[0mPOST /api/assets/pollingImageAssets [32m200[0m 1.941 ms - 41[0m
[0mGET /oss/1790218938911/scene/9dfab13f-360a-432b-8234-e985e49bba63.jpg [32m200[0m 0.659 ms - 3466707[0m
[0mOPTIONS /api/assets/pollingImageAssets [32m204[0m 0.053 ms - 0[0m
[0mPOST /api/assets/pollingImageAssets [32m200[0m 1.227 ms - 41[0m
[0mGET /oss/1790218938911/scene/9b774f55-b6d7-4d08-a06f-c2d7294c751e.jpg [32m200[0m 1.222 ms - 3217278[0m
[0mPOST /api/assets/pollingImageAssets [32m200[0m 1.727 ms - 41[0m
[0mOPTIONS /api/assets/pollingImageAssets [32m204[0m 0.056 ms - 0[0m
[0mPOST /api/assets/pollingImageAssets [32m200[0m 1.329 ms - 41[0m
[0mPOST /api/assets/pollingImageAssets [32m200[0m 1.292 ms - 41[0m
[0mOPTIONS /api/assets/pollingImageAssets [32m204[0m 0.086 ms - 0[0m
[0mPOST /api/assets/pollingImageAssets [32m200[0m 1.538 ms - 41[0m
[0mPOST /api/assets/pollingImageAssets [32m200[0m 0.944 ms - 41[0m
[0mOPTIONS /api/assets/pollingImageAssets [32m204[0m 0.039 ms - 0[0m
[0mPOST /api/assets/pollingImageAssets [32m200[0m 1.256 ms - 41[0m
[0mPOST /api/assets/pollingImageAssets [32m200[0m 1.362 ms - 41[0m
[0mPOST /api/assets/pollingImageAssets [32m200[0m 1.508 ms - 41[0m
[0mOPTIONS /api/assets/pollingImageAssets [32m204[0m 0.058 ms - 0[0m
[0mPOST /api/assets/pollingImageAssets [32m200[0m 1.249 ms - 41[0m
[0mPOST /api/assets/pollingImageAssets [32m200[0m 1.821 ms - 41[0m
[0mOPTIONS /api/assets/pollingImageAssets [32m204[0m 0.150 ms - 0[0m
[0mPOST /api/assets/pollingImageAssets [32m200[0m 1.208 ms - 41[0m
[0mPOST /api/assets/pollingImageAssets [32m200[0m 1.319 ms - 41[0m
[0mOPTIONS /api/assets/pollingImageAssets [32m204[0m 0.046 ms - 0[0m
[0mPOST /api/assets/pollingImageAssets [32m200[0m 0.874 ms - 41[0m
[0mPOST /api/assets/pollingImageAssets [32m200[0m 0.962 ms - 41[0m
[0mOPTIONS /api/assets/pollingImageAssets [32m204[0m 0.053 ms - 0[0m
[0mPOST /api/assets/pollingImageAssets [32m200[0m 1.484 ms - 41[0m
[0mPOST /api/assets/pollingImageAssets [32m200[0m 0.952 ms - 41[0m
[0mOPTIONS /api/assets/pollingImageAssets [32m204[0m 0.052 ms - 0[0m
[0mPOST /api/assets/pollingImageAssets [32m200[0m 1.150 ms - 41[0m
[0mPOST /api/assets/pollingImageAssets [32m200[0m 1.522 ms - 41[0m
[0mOPTIONS /api/assets/pollingImageAssets [32m204[0m 0.038 ms - 0[0m
[0mPOST /api/assets/pollingImageAssets [32m200[0m 0.883 ms - 41[0m
[0mPOST /api/assets/pollingImageAssets [32m200[0m 1.323 ms - 41[0m
[0mOPTIONS /api/assets/pollingImageAssets [32m204[0m 0.038 ms - 0[0m
[0mPOST /api/assets/pollingImageAssets [32m200[0m 0.869 ms - 41[0m
[0mPOST /api/assets/pollingImageAssets [32m200[0m 1.245 ms - 41[0m
[0mOPTIONS /api/assets/pollingImageAssets [32m204[0m 0.057 ms - 0[0m
[0mPOST /api/assets/pollingImageAssets [32m200[0m 1.525 ms - 41[0m
[0mPOST /api/assets/pollingImageAssets [32m200[0m 1.110 ms - 41[0m
[0mOPTIONS /api/assets/pollingImageAssets [32m204[0m 0.043 ms - 0[0m
[0mPOST /api/assets/pollingImageAssets [32m200[0m 1.158 ms - 41[0m
[0mPOST /api/assets/pollingImageAssets [32m200[0m 1.323 ms - 41[0m
[0mOPTIONS /api/assets/pollingImageAssets [32m204[0m 0.067 ms - 0[0m
[0mPOST /api/assets/pollingImageAssets [32m200[0m 1.297 ms - 41[0m
[0mPOST /api/assets/pollingImageAssets [32m200[0m 1.640 ms - 41[0m
[0mOPTIONS /api/assets/pollingImageAssets [32m204[0m 0.104 ms - 0[0m
[0mPOST /api/assets/pollingImageAssets [32m200[0m 2.534 ms - 41[0m
[0mPOST /api/assets/pollingImageAssets [32m200[0m 0.894 ms - 41[0m
[0mOPTIONS /api/assets/pollingImageAssets [32m204[0m 0.077 ms - 0[0m
[0mPOST /api/assets/pollingImageAssets [32m200[0m 2.115 ms - 198[0m
[0mOPTIONS /api/cornerScape/getAllAssets [32m204[0m 0.025 ms - 0[0m
[0mPOST /api/cornerScape/getAllAssets [32m200[0m 2.348 ms - 44321[0m
[0mOPTIONS /api/setting/about/checkUpdate [32m204[0m 0.142 ms - 0[0m
[0mPOST /api/assets/pollingImageAssets [32m200[0m 0.693 ms - 41[0m
[0mPOST /api/setting/about/checkUpdate [32m200[0m 329.726 ms - 140[0m
[0mOPTIONS /api/assets/pollingImageAssets [32m204[0m 0.054 ms - 0[0m
[0mPOST /api/assets/pollingImageAssets [32m200[0m 1.228 ms - 41[0m
[D:\Toonflow-app-master\data\oss\smallImage\1790218938911\role\d35aa41e-ccc0-4d1c-83b6-495f83284ce7_20p.jpg] 小图生成成功
[0mGET /oss/1790218938911/role/d35aa41e-ccc0-4d1c-83b6-495f83284ce7.jpg?size=20 [32m200[0m 178.981 ms - 29538[0m
[0mPOST /api/assets/pollingImageAssets [32m200[0m 1.918 ms - 41[0m
[0mOPTIONS /api/cornerScape/getAllAssets [32m204[0m 0.102 ms - 0[0m
[0mPOST /api/cornerScape/getAllAssets [32m200[0m 7.036 ms - 44321[0m
[0mGET /oss/1790218938911/role/a56d5bf0-cdca-4a62-8444-2abec0d6e017.reference-_-full-body-side.png [32m200[0m 1.513 ms - 3743952[0m
[0mGET /oss/1790218938911/role/a56d5bf0-cdca-4a62-8444-2abec0d6e017.reference-_-face.png [32m200[0m 1.654 ms - 4057199[0m
[0mGET /oss/1790218938911/role/a56d5bf0-cdca-4a62-8444-2abec0d6e017.reference-_-full-body-back.png [32m200[0m 1.255 ms - 3869196[0m
[0mGET /oss/1790218938911/role/a56d5bf0-cdca-4a62-8444-2abec0d6e017.reference-_-full-body-front.png [32m200[0m 1.772 ms - 3886360[0m
[0mGET /oss/1790218938911/role/f32239ca-0cc2-4761-84c7-c109196ec103.jpg?size=20 [32m200[0m 3.222 ms - 14192[0m
[0mGET /oss/1790218938911/role/7e46dbe5-2e61-4c35-b501-8660174797fa.jpg?size=20 [32m200[0m 0.818 ms - 13763[0m
[0mGET /oss/1790218938911/role/386892bb-4290-4d42-a162-e7e98ec81532.jpg?size=20 [36m304[0m 0.630 ms - -[0m
[0mGET /oss/1790218938911/role/96cac7ad-0d08-4be3-bae3-6f5ee6394542.jpg?size=20 [36m304[0m 0.557 ms - -[0m
[0mPOST /api/assets/pollingImageAssets [32m200[0m 1.786 ms - 41[0m
[0mPOST /api/cornerScape/getAllAssets [32m200[0m 5.725 ms - 44321[0m
[0mOPTIONS /api/assets/pollingImageAssets [32m204[0m 0.085 ms - 0[0m
[0mPOST /api/assets/pollingImageAssets [32m200[0m 1.175 ms - 41[0m
[0mGET /oss/1790218938911/role/313ab990-7f79-4699-a326-3acc441a7aff.jpg?size=20 [36m304[0m 0.401 ms - -[0m
[0mGET /oss/1790218938911/role/ce6aac7d-6679-458a-9056-a81a34fc802c.jpg?size=20 [36m304[0m 0.562 ms - -[0m
[0mGET /oss/1790218938911/role/c84da98f-7de1-425e-83d5-a65f37ac0742.jpg?size=20 [32m200[0m 0.791 ms - 16060[0m
[0mGET /oss/1790218938911/role/2a08b985-3595-484c-8a6e-7f0772b064c7.jpg?size=20 [32m200[0m 0.786 ms - 15044[0m
[0mGET /oss/1790218938911/role/158a4d62-4c9f-4741-9a9f-5cf965ea803e.jpg?size=20 [32m200[0m 0.850 ms - 14637[0m
[0mGET /oss/1790218938911/role/96951600-72c8-45d5-82e4-ee4fee85c917.jpg?size=20 [32m200[0m 0.784 ms - 33857[0m
[0mGET /oss/1790218938911/role/82519c32-abd0-4a4f-b015-ce76e1343028.jpg?size=20 [36m304[0m 0.517 ms - -[0m
[0mPOST /api/assets/pollingImageAssets [32m200[0m 1.274 ms - 41[0m
[0mOPTIONS /api/assets/saveAssets [32m204[0m 0.055 ms - 0[0m
[0mPOST /api/assets/saveAssets [32m200[0m 384.234 ms - 77[0m
[0mOPTIONS /api/cornerScape/getAllAssets [32m204[0m 0.052 ms - 0[0m
[0mPOST /api/cornerScape/getAllAssets [32m200[0m 4.760 ms - 44321[0m
[0mOPTIONS /api/assets/pollingImageAssets [32m204[0m 0.056 ms - 0[0m
[0mPOST /api/assets/pollingImageAssets [32m200[0m 1.220 ms - 41[0m
[0mPOST /api/assets/saveAssets [32m200[0m 183.869 ms - 77[0m
[0mPOST /api/cornerScape/getAllAssets [32m200[0m 6.611 ms - 44321[0m
[0mPOST /api/assets/pollingImageAssets [32m200[0m 1.540 ms - 41[0m
[0mOPTIONS /api/assets/pollingImageAssets [32m204[0m 0.061 ms - 0[0m
[0mPOST /api/assets/pollingImageAssets [32m200[0m 1.326 ms - 41[0m
[0mPOST /api/assets/pollingImageAssets [32m200[0m 1.290 ms - 41[0m
[0mOPTIONS /api/assets/pollingImageAssets [32m204[0m 0.069 ms - 0[0m
[0mPOST /api/assets/pollingImageAssets [32m200[0m 1.234 ms - 41[0m
[0mPOST /api/assets/pollingImageAssets [32m200[0m 1.507 ms - 41[0m
[0mOPTIONS /api/assets/pollingImageAssets [32m204[0m 0.056 ms - 0[0m
[0mPOST /api/assets/pollingImageAssets [32m200[0m 1.168 ms - 41[0m
[0mPOST /api/assets/pollingImageAssets [32m200[0m 1.296 ms - 41[0m
[0mOPTIONS /api/assets/pollingImageAssets [32m204[0m 0.054 ms - 0[0m
[0mPOST /api/assets/pollingImageAssets [32m200[0m 1.157 ms - 41[0m
[0mPOST /api/assets/pollingImageAssets [32m200[0m 2.622 ms - 41[0m
[0mOPTIONS /api/assets/pollingImageAssets [32m204[0m 0.057 ms - 0[0m
[0mPOST /api/assets/pollingImageAssets [32m200[0m 1.138 ms - 41[0m
[0mPOST /api/assets/pollingImageAssets [32m200[0m 1.663 ms - 41[0m
[0mOPTIONS /api/assets/pollingImageAssets [32m204[0m 0.060 ms - 0[0m
[0mPOST /api/assets/pollingImageAssets [32m200[0m 1.554 ms - 41[0m
[0mPOST /api/assets/pollingImageAssets [32m200[0m 1.265 ms - 41[0m
[0mOPTIONS /api/assets/pollingImageAssets [32m204[0m 0.056 ms - 0[0m
[0mPOST /api/assets/pollingImageAssets [32m200[0m 1.141 ms - 41[0m
[0mPOST /api/assets/pollingImageAssets [32m200[0m 1.327 ms - 41[0m
[0mOPTIONS /api/assets/pollingImageAssets [32m204[0m 0.166 ms - 0[0m
[0mPOST /api/assets/pollingImageAssets [32m200[0m 0.970 ms - 41[0m
[0mPOST /api/assets/pollingImageAssets [32m200[0m 1.240 ms - 41[0m
[0mOPTIONS /api/assets/pollingImageAssets [32m204[0m 0.184 ms - 0[0m
[0mPOST /api/assets/pollingImageAssets [32m200[0m 2.575 ms - 41[0m
[0mPOST /api/assets/pollingImageAssets [32m200[0m 1.095 ms - 41[0m
[0mOPTIONS /api/assets/pollingImageAssets [32m204[0m 0.056 ms - 0[0m
[0mPOST /api/assets/pollingImageAssets [32m200[0m 2.790 ms - 41[0m
[0mPOST /api/assets/pollingImageAssets [32m200[0m 1.249 ms - 41[0m
[0mOPTIONS /api/assets/pollingImageAssets [32m204[0m 0.166 ms - 0[0m
[0mPOST /api/assets/pollingImageAssets [32m200[0m 0.914 ms - 41[0m
[0mPOST /api/assets/pollingImageAssets [32m200[0m 1.020 ms - 41[0m
[0mOPTIONS /api/assets/pollingImageAssets [32m204[0m 0.052 ms - 0[0m
[0mPOST /api/assets/pollingImageAssets [32m200[0m 1.176 ms - 41[0m
[0mPOST /api/assets/pollingImageAssets [32m200[0m 1.236 ms - 41[0m
[0mOPTIONS /api/assets/pollingImageAssets [32m204[0m 0.038 ms - 0[0m
[0mPOST /api/assets/pollingImageAssets [32m200[0m 0.845 ms - 41[0m
[0mPOST /api/assets/pollingImageAssets [32m200[0m 0.996 ms - 41[0m
[0mOPTIONS /api/assets/pollingImageAssets [32m204[0m 0.054 ms - 0[0m
[0mPOST /api/assets/pollingImageAssets [32m200[0m 1.282 ms - 41[0m
[0mPOST /api/assets/pollingImageAssets [32m200[0m 1.805 ms - 198[0m
[0mOPTIONS /api/cornerScape/getAllAssets [32m204[0m 0.053 ms - 0[0m
[0mPOST /api/cornerScape/getAllAssets [32m200[0m 4.474 ms - 44858[0m
[0mGET /oss/1790218938911/role/82519c32-abd0-4a4f-b015-ce76e1343028.reference-_-full-body-front.png [32m200[0m 1.435 ms - 976615[0m
[0mGET /oss/1790218938911/role/82519c32-abd0-4a4f-b015-ce76e1343028.reference-_-full-body-side.png [32m200[0m 0.961 ms - 1053425[0m
[0mGET /oss/1790218938911/role/82519c32-abd0-4a4f-b015-ce76e1343028.reference-_-face.png [32m200[0m 1.527 ms - 1421327[0m
[0mGET /oss/1790218938911/role/82519c32-abd0-4a4f-b015-ce76e1343028.reference-_-full-body-back.png [32m200[0m 0.941 ms - 1138249[0m
[D:\Toonflow-app-master\data\oss\smallImage\1790218938911\role\6d6defe8-f20f-4cf4-8879-cb77e2dbacbd_20p.jpg] 小图生成成功
[0mGET /oss/1790218938911/role/6d6defe8-f20f-4cf4-8879-cb77e2dbacbd.jpg?size=20 [32m200[0m 222.141 ms - 65663[0m
[0mOPTIONS /api/assets/pollingImageAssets [32m204[0m 0.119 ms - 0[0m
[0mPOST /api/assets/pollingImageAssets [32m200[0m 0.900 ms - 41[0m
[0mPOST /api/assets/pollingImageAssets [32m200[0m 1.121 ms - 41[0m
[0mOPTIONS /api/assets/pollingImageAssets [32m204[0m 0.052 ms - 0[0m
[0mPOST /api/assets/pollingImageAssets [32m200[0m 1.141 ms - 41[0m
[0mPOST /api/assets/pollingImageAssets [32m200[0m 1.806 ms - 199[0m
[0mOPTIONS /api/cornerScape/getAllAssets [32m204[0m 0.069 ms - 0[0m
[0mPOST /api/cornerScape/getAllAssets [32m200[0m 5.228 ms - 44978[0m
[0mOPTIONS /api/setting/about/checkUpdate [32m204[0m 0.050 ms - 0[0m
[0mPOST /api/setting/about/checkUpdate [32m200[0m 160.847 ms - 140[0m
[0mOPTIONS /api/assets/pollingImageAssets [32m204[0m 0.050 ms - 0[0m
[0mPOST /api/assets/pollingImageAssets [32m200[0m 1.132 ms - 41[0m
[0mPOST /api/assets/pollingImageAssets [32m200[0m 1.289 ms - 41[0m
[0mOPTIONS /api/assets/pollingImageAssets [32m204[0m 0.117 ms - 0[0m
[0mPOST /api/assets/pollingImageAssets [32m200[0m 2.092 ms - 41[0m
[0mPOST /api/assets/pollingImageAssets [32m200[0m 1.305 ms - 41[0m
[0mOPTIONS /api/assets/pollingImageAssets [32m204[0m 0.097 ms - 0[0m
[0mPOST /api/assets/pollingImageAssets [32m200[0m 1.712 ms - 199[0m
[0mOPTIONS /api/cornerScape/getAllAssets [32m204[0m 0.048 ms - 0[0m
[0mPOST /api/cornerScape/getAllAssets [32m200[0m 4.500 ms - 45098[0m
[0mPOST /api/assets/pollingImageAssets [32m200[0m 1.737 ms - 41[0m
[0mOPTIONS /api/assets/pollingImageAssets [32m204[0m 0.077 ms - 0[0m
[0mPOST /api/assets/pollingImageAssets [32m200[0m 1.058 ms - 41[0m
[0mPOST /api/assets/pollingImageAssets [32m200[0m 1.179 ms - 41[0m
[0mOPTIONS /api/assets/pollingImageAssets [32m204[0m 0.058 ms - 0[0m
[0mPOST /api/assets/pollingImageAssets [32m200[0m 1.091 ms - 41[0m
[0mPOST /api/assets/pollingImageAssets [32m200[0m 1.790 ms - 199[0m
[0mOPTIONS /api/cornerScape/getAllAssets [32m204[0m 0.067 ms - 0[0m
[0mPOST /api/cornerScape/getAllAssets [32m200[0m 4.417 ms - 45218[0m
[0mOPTIONS /api/assets/pollingImageAssets [32m204[0m 0.057 ms - 0[0m
[0mPOST /api/assets/pollingImageAssets [32m200[0m 1.156 ms - 41[0m
[0mPOST /api/assets/pollingImageAssets [32m200[0m 1.190 ms - 41[0m
[0mOPTIONS /api/assets/pollingImageAssets [32m204[0m 0.104 ms - 0[0m
[0mPOST /api/assets/pollingImageAssets [32m200[0m 2.384 ms - 41[0m
[0mPOST /api/assets/pollingImageAssets [32m200[0m 1.216 ms - 41[0m
[0mOPTIONS /api/assets/pollingImageAssets [32m204[0m 0.114 ms - 0[0m
[0mPOST /api/assets/pollingImageAssets [32m200[0m 1.701 ms - 199[0m
[0mOPTIONS /api/cornerScape/getAllAssets [32m204[0m 0.031 ms - 0[0m
[0mPOST /api/cornerScape/getAllAssets [32m200[0m 4.115 ms - 45338[0m
[0mPOST /api/assets/pollingImageAssets [32m200[0m 1.321 ms - 41[0m
[0mOPTIONS /api/assets/pollingImageAssets [32m204[0m 0.051 ms - 0[0m
[0mPOST /api/assets/pollingImageAssets [32m200[0m 1.035 ms - 41[0m
[0mPOST /api/assets/pollingImageAssets [32m200[0m 1.154 ms - 41[0m
[0mOPTIONS /api/assets/pollingImageAssets [32m204[0m 0.126 ms - 0[0m
[0mPOST /api/assets/pollingImageAssets [32m200[0m 1.874 ms - 358[0m
[0mOPTIONS /api/cornerScape/getAllAssets [32m204[0m 0.048 ms - 0[0m
[0mPOST /api/cornerScape/getAllAssets [32m200[0m 5.768 ms - 45578[0m
[D:\Toonflow-app-master\data\oss\smallImage\1790218938911\scene\ebbbb09a-cae8-426a-aad2-71debad68149_20p.jpg] 小图生成成功
[0mGET /oss/1790218938911/scene/ebbbb09a-cae8-426a-aad2-71debad68149.jpg?size=20 [32m200[0m 67.407 ms - 11763[0m
[D:\Toonflow-app-master\data\oss\smallImage\1790218938911\scene\34dedbac-8ba4-4e2d-88ea-94a88579c986_20p.jpg] 小图生成成功
[D:\Toonflow-app-master\data\oss\smallImage\1790218938911\scene\a1af17a6-2047-4779-92fa-26344270f7b4_20p.jpg] 小图生成成功
[D:\Toonflow-app-master\data\oss\smallImage\1790218938911\scene\83446f06-e7a3-4b7c-95f7-3dc0f9f2a7c9_20p.jpg] 小图生成成功
[0mGET /oss/1790218938911/scene/34dedbac-8ba4-4e2d-88ea-94a88579c986.jpg?size=20 [32m200[0m 84.291 ms - 20191[0m
[0mGET /oss/1790218938911/scene/a1af17a6-2047-4779-92fa-26344270f7b4.jpg?size=20 [32m200[0m 84.916 ms - 14864[0m
[0mGET /oss/1790218938911/scene/83446f06-e7a3-4b7c-95f7-3dc0f9f2a7c9.jpg?size=20 [32m200[0m 86.493 ms - 24497[0m
[D:\Toonflow-app-master\data\oss\smallImage\1790218938911\props\15926e00-a24c-4b56-a907-dd1d7c21de2d_20p.jpg] 小图生成成功
[0mGET /oss/1790218938911/props/15926e00-a24c-4b56-a907-dd1d7c21de2d.jpg?size=20 [32m200[0m 93.413 ms - 12528[0m
[D:\Toonflow-app-master\data\oss\smallImage\1790218938911\props\8d2d54a4-d5bc-462c-b6e7-0620eccfb9f3_20p.jpg] 小图生成成功
[0mGET /oss/1790218938911/props/8d2d54a4-d5bc-462c-b6e7-0620eccfb9f3.jpg?size=20 [32m200[0m 106.107 ms - 11112[0m
[0mPOST /api/assets/pollingImageAssets [32m200[0m 1.843 ms - 41[0m
[0mPOST /api/assets/pollingImageAssets [32m200[0m 1.177 ms - 41[0m
[0mOPTIONS /api/assets/pollingImageAssets [32m204[0m 0.107 ms - 0[0m
[0mPOST /api/assets/pollingImageAssets [32m200[0m 1.458 ms - 199[0m
[0mOPTIONS /api/cornerScape/getAllAssets [32m204[0m 0.056 ms - 0[0m
[0mPOST /api/cornerScape/getAllAssets [32m200[0m 118.924 ms - 45698[0m
[D:\Toonflow-app-master\data\oss\smallImage\1790218938911\props\570ab5c5-77c7-44ef-adc1-cd7738024b06_20p.jpg] 小图生成成功
[0mGET /oss/1790218938911/props/570ab5c5-77c7-44ef-adc1-cd7738024b06.jpg?size=20 [32m200[0m 99.484 ms - 20908[0m
[0mGET /oss/1790218938911/role/82519c32-abd0-4a4f-b015-ce76e1343028.jpg [32m200[0m 0.884 ms - 4261544[0m
[0mPOST /api/assets/pollingImageAssets [32m200[0m 1.162 ms - 41[0m
[0mOPTIONS /api/cornerScape/getAllAssets [32m204[0m 0.056 ms - 0[0m
[0mPOST /api/cornerScape/getAllAssets [32m200[0m 5.198 ms - 45698[0m
[0mOPTIONS /api/assets/pollingImageAssets [32m204[0m 0.053 ms - 0[0m
[0mPOST /api/assets/pollingImageAssets [32m200[0m 1.037 ms - 41[0m
[0mOPTIONS /api/assets/saveAssets [32m204[0m 0.052 ms - 0[0m
[0mPOST /api/assets/saveAssets [32m200[0m 348.838 ms - 77[0m
[0mPOST /api/cornerScape/getAllAssets [32m200[0m 5.152 ms - 45698[0m
[0mPOST /api/assets/pollingImageAssets [32m200[0m 1.115 ms - 41[0m
[0mOPTIONS /api/assets/pollingImageAssets [32m204[0m 0.069 ms - 0[0m
[0mPOST /api/assets/pollingImageAssets [32m200[0m 1.099 ms - 41[0m
[0mPOST /api/assets/pollingImageAssets [32m200[0m 1.681 ms - 199[0m
[0mOPTIONS /api/cornerScape/getAllAssets [32m204[0m 0.095 ms - 0[0m
[0mPOST /api/cornerScape/getAllAssets [32m200[0m 5.721 ms - 45818[0m
[0mGET /oss/1790218938911/role/a56d5bf0-cdca-4a62-8444-2abec0d6e017.reference-_-full-body-side.png [32m200[0m 1.839 ms - 3743952[0m
[0mGET /oss/1790218938911/role/a56d5bf0-cdca-4a62-8444-2abec0d6e017.reference-_-face.png [32m200[0m 2.247 ms - 4057199[0m
[0mGET /oss/1790218938911/role/a56d5bf0-cdca-4a62-8444-2abec0d6e017.reference-_-full-body-back.png [32m200[0m 1.768 ms - 3869196[0m
[0mGET /oss/1790218938911/role/a56d5bf0-cdca-4a62-8444-2abec0d6e017.reference-_-full-body-front.png [32m200[0m 2.362 ms - 3886360[0m
[0mOPTIONS /api/assets/pollingImageAssets [32m204[0m 0.057 ms - 0[0m
[0mPOST /api/assets/pollingImageAssets [32m200[0m 3.571 ms - 41[0m
[0mPOST /api/assets/pollingImageAssets [32m200[0m 1.101 ms - 41[0m
[0mOPTIONS /api/assets/pollingImageAssets [32m204[0m 0.067 ms - 0[0m
[0mPOST /api/assets/pollingImageAssets [32m200[0m 1.531 ms - 41[0m
[0mPOST /api/assets/pollingImageAssets [32m200[0m 2.643 ms - 199[0m
[0mOPTIONS /api/cornerScape/getAllAssets [32m204[0m 0.097 ms - 0[0m
[0mPOST /api/cornerScape/getAllAssets [32m200[0m 4.319 ms - 45938[0m
[0mOPTIONS /api/setting/about/checkUpdate [32m204[0m 0.102 ms - 0[0m
[0mPOST /api/setting/about/checkUpdate [32m200[0m 130.158 ms - 140[0m
[0mOPTIONS /api/setting/about/checkUpdate [32m204[0m 0.036 ms - 0[0m
[0mPOST /api/setting/about/checkUpdate [32m200[0m 128.350 ms - 140[0m
[0mOPTIONS /api/setting/about/checkUpdate [32m204[0m 0.144 ms - 0[0m
[0mPOST /api/setting/about/checkUpdate [32m200[0m 140.669 ms - 140[0m
[0mGET / [32m200[0m 0.678 ms - 26890147[0m
[0mPOST /api/modelSelect/getModelList [32m200[0m 39.878 ms - 1188[0m
[0mPOST /api/cornerScape/getAllAssets [32m200[0m 2.808 ms - 45938[0m
[0mPOST /api/setting/about/checkUpdate [32m200[0m 33.773 ms - 140[0m
[0mGET /oss/1790218938911/role/d35aa41e-ccc0-4d1c-83b6-495f83284ce7.jpg?size=20 [32m200[0m 1.010 ms - 29538[0m
[0mGET /oss/1790218938911/scene/9dfab13f-360a-432b-8234-e985e49bba63.jpg?size=20 [32m200[0m 1.388 ms - 13598[0m
[0mGET /oss/1790218938911/role/6d6defe8-f20f-4cf4-8879-cb77e2dbacbd.jpg?size=20 [32m200[0m 1.493 ms - 65663[0m
[0mGET /oss/1790218938911/role/a56d5bf0-cdca-4a62-8444-2abec0d6e017.jpg?size=20 [32m200[0m 1.702 ms - 66988[0m
[0mGET /oss/1790218938911/scene/83446f06-e7a3-4b7c-95f7-3dc0f9f2a7c9.jpg?size=20 [32m200[0m 0.663 ms - 24497[0m
[0mGET /oss/1790218938911/scene/9b774f55-b6d7-4d08-a06f-c2d7294c751e.jpg?size=20 [32m200[0m 1.019 ms - 11740[0m
[0mPOST /api/cornerScape/getAllAssets [32m200[0m 1.743 ms - 13910[0m
[0mPOST /api/assetsGenerate/batchGenerateImageAssets [32m200[0m 100.808 ms - 50[0m
[0mPOST /api/assets/pollingImageAssets [32m200[0m 1.121 ms - 41[0m
[0mPOST /api/assets/pollingImageAssets [32m200[0m 0.993 ms - 41[0m
[0mPOST /api/assets/pollingImageAssets [32m200[0m 1.061 ms - 41[0m
[0mPOST /api/assets/pollingImageAssets [32m200[0m 1.310 ms - 41[0m
[0mPOST /api/assets/pollingImageAssets [32m200[0m 0.963 ms - 41[0m
[0mPOST /api/assets/pollingImageAssets [32m200[0m 1.067 ms - 41[0m
[0mPOST /api/assets/pollingImageAssets [32m200[0m 1.016 ms - 41[0m
[0mPOST /api/assets/pollingImageAssets [32m200[0m 0.982 ms - 41[0m
[0mPOST /api/assets/pollingImageAssets [32m200[0m 1.054 ms - 41[0m
[0mPOST /api/assets/pollingImageAssets [32m200[0m 1.024 ms - 41[0m
[0mPOST /api/assets/pollingImageAssets [32m200[0m 1.215 ms - 198[0m
[0mPOST /api/cornerScape/getAllAssets [32m200[0m 2.522 ms - 14029[0m
[D:\Toonflow-app-master\data\oss\smallImage\1790218938911\role\04dd1aaf-ca26-44e1-820c-479dda208843_20p.jpg] 小图生成成功
[0mGET /oss/1790218938911/role/04dd1aaf-ca26-44e1-820c-479dda208843.jpg?size=20 [32m200[0m 76.390 ms - 17210[0m
[0mPOST /api/assets/pollingImageAssets [32m200[0m 0.998 ms - 41[0m
[0mPOST /api/assets/pollingImageAssets [32m200[0m 0.957 ms - 41[0m
[0mPOST /api/assets/pollingImageAssets [32m200[0m 0.934 ms - 41[0m
[0mPOST /api/assets/pollingImageAssets [32m200[0m 1.004 ms - 41[0m
[0mPOST /api/assets/pollingImageAssets [32m200[0m 0.938 ms - 41[0m
[0mPOST /api/assets/pollingImageAssets [32m200[0m 0.938 ms - 41[0m
[0mPOST /api/assets/pollingImageAssets [32m200[0m 1.056 ms - 41[0m
[0mPOST /api/assets/pollingImageAssets [32m200[0m 0.872 ms - 41[0m
[0mPOST /api/assets/pollingImageAssets [32m200[0m 0.949 ms - 41[0m
[0mPOST /api/assets/pollingImageAssets [32m200[0m 8.248 ms - 198[0m
[0mPOST /api/cornerScape/getAllAssets [32m200[0m 1.559 ms - 14148[0m
[D:\Toonflow-app-master\data\oss\smallImage\1790218938911\role\b0cd7a8d-f614-407b-acf3-f55cb9c85561_20p.jpg] 小图生成成功
[0mGET /oss/1790218938911/role/b0cd7a8d-f614-407b-acf3-f55cb9c85561.jpg?size=20 [32m200[0m 57.988 ms - 16865[0m
[0mPOST /api/assets/pollingImageAssets [32m200[0m 0.992 ms - 41[0m
[0mPOST /api/assets/pollingImageAssets [32m200[0m 1.014 ms - 41[0m
[0mPOST /api/assets/pollingImageAssets [32m200[0m 0.993 ms - 41[0m
[0mPOST /api/assets/pollingImageAssets [32m200[0m 0.918 ms - 41[0m
[0mPOST /api/assets/pollingImageAssets [32m200[0m 1.477 ms - 41[0m
[0mPOST /api/assets/pollingImageAssets [32m200[0m 0.877 ms - 41[0m
[0mPOST /api/assets/pollingImageAssets [32m200[0m 1.003 ms - 41[0m
[0mPOST /api/setting/about/checkUpdate [32m200[0m 2954.460 ms - 140[0m
[0mPOST /api/assets/pollingImageAssets [32m200[0m 0.968 ms - 41[0m
[0mPOST /api/assets/pollingImageAssets [32m200[0m 1.056 ms - 41[0m
[0mPOST /api/assets/pollingImageAssets [32m200[0m 0.926 ms - 41[0m
[0mPOST /api/assets/pollingImageAssets [32m200[0m 1.108 ms - 198[0m
[0mPOST /api/cornerScape/getAllAssets [32m200[0m 2.726 ms - 14267[0m
[D:\Toonflow-app-master\data\oss\smallImage\1790218938911\role\01818d2d-0bc9-44b8-9899-1ba950d2bd2c_20p.jpg] 小图生成成功
[0mGET /oss/1790218938911/role/01818d2d-0bc9-44b8-9899-1ba950d2bd2c.jpg?size=20 [32m200[0m 66.122 ms - 30000[0m
[0mOPTIONS /api/setting/about/checkUpdate [32m204[0m 0.082 ms - 0[0m
[0mPOST /api/setting/about/checkUpdate [32m200[0m 119.191 ms - 140[0m
[0mOPTIONS /api/cornerScape/getAllAssets [32m204[0m 0.070 ms - 0[0m
[0mPOST /api/cornerScape/getAllAssets [32m200[0m 9.595 ms - 46295[0m
[0mGET /oss/1790218938911/role/04dd1aaf-ca26-44e1-820c-479dda208843.jpg?size=20 [32m200[0m 7.267 ms - 17210[0m
[0mGET /oss/1790218938911/role/04dd1aaf-ca26-44e1-820c-479dda208843.reference-_-full-body-front.png [32m200[0m 7.324 ms - 1080405[0m
[0mGET /oss/1790218938911/role/04dd1aaf-ca26-44e1-820c-479dda208843.reference-_-full-body-side.png [32m200[0m 7.176 ms - 1152794[0m
[0mGET /oss/1790218938911/role/04dd1aaf-ca26-44e1-820c-479dda208843.reference-_-full-body-back.png [32m200[0m 7.417 ms - 1207256[0m
[0mGET /oss/1790218938911/role/04dd1aaf-ca26-44e1-820c-479dda208843.reference-_-face.png [32m200[0m 6.787 ms - 1650602[0m
[0mOPTIONS /api/assets/saveAssets [32m204[0m 0.073 ms - 0[0m
[0mPOST /api/assets/saveAssets [32m200[0m 191.742 ms - 77[0m
[0mPOST /api/cornerScape/getAllAssets [32m200[0m 3.228 ms - 46295[0m
[0mGET /oss/1790218938911/role/01818d2d-0bc9-44b8-9899-1ba950d2bd2c.jpg?size=20 [32m200[0m 2.176 ms - 30000[0m
[0mGET /oss/1790218938911/role/b0cd7a8d-f614-407b-acf3-f55cb9c85561.jpg?size=20 [32m200[0m 4.201 ms - 16865[0m
[0mOPTIONS /api/cornerScape/getAllAssets [32m204[0m 0.074 ms - 0[0m
[0mPOST /api/cornerScape/getAllAssets [32m200[0m 8.506 ms - 46295[0m
[0mGET /oss/1790218938911/role/b0cd7a8d-f614-407b-acf3-f55cb9c85561.reference-_-full-body-front.png [32m200[0m 2.382 ms - 1037965[0m
[0mGET /oss/1790218938911/role/b0cd7a8d-f614-407b-acf3-f55cb9c85561.reference-_-full-body-side.png [32m200[0m 1.966 ms - 1093662[0m
[0mGET /oss/1790218938911/role/b0cd7a8d-f614-407b-acf3-f55cb9c85561.reference-_-full-body-back.png [32m200[0m 2.476 ms - 1205424[0m
[0mGET /oss/1790218938911/role/b0cd7a8d-f614-407b-acf3-f55cb9c85561.reference-_-face.png [32m200[0m 2.294 ms - 1588824[0m
[0mGET /oss/1790218938911/role/9baba792-5cb5-49fe-a69f-1de5976673b9.jpg?size=20 [36m304[0m 0.758 ms - -[0m
[0mGET /oss/1790218938911/role/e10ba4c2-2a8f-44e6-8749-595a57cffa61.jpg?size=20 [36m304[0m 1.190 ms - -[0m
[D:\Toonflow-app-master\data\oss\smallImage\1790218938911\props\bbd1af2b-3593-4049-9daa-888db3dd4dee_20p.jpg] 小图生成成功
[0mGET /oss/1790218938911/props/bbd1af2b-3593-4049-9daa-888db3dd4dee.jpg?size=20 [32m200[0m 53.796 ms - 15029[0m
[D:\Toonflow-app-master\data\oss\smallImage\1790218938911\props\01864a1b-e461-4b72-bafb-7cd4c9b0cfa5_20p.jpg] 小图生成成功
[0mGET /oss/1790218938911/props/01864a1b-e461-4b72-bafb-7cd4c9b0cfa5.jpg?size=20 [32m200[0m 63.672 ms - 18624[0m
[0mOPTIONS /api/script/getScrptApi [32m204[0m 0.074 ms - 0[0m
[0mPOST /api/script/getScrptApi [32m200[0m 1.536 ms - 6852[0m
[0mOPTIONS /api/production/getFlowData [32m204[0m 0.041 ms - 0[0m
[0mOPTIONS /api/production/getFlowData [32m204[0m 0.146 ms - 0[0m
[0mPOST /api/production/getFlowData [32m200[0m 2.238 ms - 27738[0m
[0mPOST /api/production/getFlowData [32m200[0m 1.109 ms - 27738[0m
[0mOPTIONS /api/project/getModelDetails [32m204[0m 0.021 ms - 0[0m
[0mPOST /api/project/getModelDetails [32m200[0m 43.636 ms - 137[0m
[0mOPTIONS /api/agents/getMemory [32m204[0m 0.072 ms - 0[0m
[0mPOST /api/agents/getMemory [32m200[0m 3.366 ms - 41[0m
[0mPOST /api/agents/getMemory [32m200[0m 1.383 ms - 41[0m
[productionAgent] 已连接: YHwlqwKMUNqzwDkZAAAB
[productionAgent] 上下文已更新: 1790218938911:productionAgent:31
[0mPOST /api/agents/getMemory [32m200[0m 1.394 ms - 41[0m
[0mOPTIONS /api/setting/about/checkUpdate [32m204[0m 0.059 ms - 0[0m
[0mPOST /api/setting/about/checkUpdate [32m200[0m 124.263 ms - 140[0m
[0mOPTIONS /api/setting/about/checkUpdate [32m204[0m 0.042 ms - 0[0m
[0mPOST /api/setting/about/checkUpdate [32m200[0m 158.826 ms - 140[0m
[0mOPTIONS /api/modelSelect/getModelList [32m204[0m 0.074 ms - 0[0m
[0mPOST /api/modelSelect/getModelList [32m200[0m 90.172 ms - 1188[0m
[0mOPTIONS /api/cornerScape/getAllAssets [32m204[0m 0.063 ms - 0[0m
[0mPOST /api/cornerScape/getAllAssets [32m200[0m 5.551 ms - 46295[0m
[0mOPTIONS /api/cornerScape/getAllAssets [32m204[0m 0.073 ms - 0[0m
[0mPOST /api/cornerScape/getAllAssets [32m200[0m 7.322 ms - 46295[0m
[0mOPTIONS /api/modelSelect/getModelList [32m204[0m 0.029 ms - 0[0m
[0mPOST /api/modelSelect/getModelList [32m200[0m 74.664 ms - 1188[0m
[0mGET /oss/1790218938911/role/82519c32-abd0-4a4f-b015-ce76e1343028.reference-_-full-body-back.png [32m200[0m 77.210 ms - 1138249[0m
[0mGET /oss/1790218938911/role/82519c32-abd0-4a4f-b015-ce76e1343028.reference-_-full-body-front.png [32m200[0m 77.243 ms - 976615[0m
[0mGET /oss/1790218938911/role/82519c32-abd0-4a4f-b015-ce76e1343028.reference-_-full-body-side.png [32m200[0m 77.338 ms - 1053425[0m
[0mGET /oss/1790218938911/role/82519c32-abd0-4a4f-b015-ce76e1343028.reference-_-face.png [32m200[0m 77.068 ms - 1421327[0m
[0mGET /oss/1790218938911/role/a66b511d-1d6b-477a-81d2-a9355f51d059.jpg?size=20 [32m200[0m 2.654 ms - 5684[0m
[0mGET /oss/1790218938911/role/07e9a930-52b6-4915-b9db-c7fe4dde1434.jpg?size=20 [32m200[0m 0.497 ms - 15968[0m
[0mGET /oss/1790218938911/role/f32239ca-0cc2-4761-84c7-c109196ec103.jpg?size=20 [36m304[0m 1.491 ms - -[0m
[0mGET /oss/1790218938911/role/7e46dbe5-2e61-4c35-b501-8660174797fa.jpg?size=20 [36m304[0m 1.150 ms - -[0m
[0mGET /oss/1790218938911/role/386892bb-4290-4d42-a162-e7e98ec81532.jpg?size=20 [36m304[0m 1.342 ms - -[0m
[0mGET /oss/1790218938911/role/96cac7ad-0d08-4be3-bae3-6f5ee6394542.jpg?size=20 [36m304[0m 0.389 ms - -[0m
[0mGET /oss/1790218938911/role/313ab990-7f79-4699-a326-3acc441a7aff.jpg?size=20 [36m304[0m 0.399 ms - -[0m
[0mGET /oss/1790218938911/role/ce6aac7d-6679-458a-9056-a81a34fc802c.jpg?size=20 [36m304[0m 1.095 ms - -[0m
[0mGET /oss/1790218938911/role/c84da98f-7de1-425e-83d5-a65f37ac0742.jpg?size=20 [36m304[0m 0.873 ms - -[0m
[0mGET /oss/1790218938911/role/2a08b985-3595-484c-8a6e-7f0772b064c7.jpg?size=20 [36m304[0m 0.379 ms - -[0m
[0mGET /oss/1790218938911/role/158a4d62-4c9f-4741-9a9f-5cf965ea803e.jpg?size=20 [36m304[0m 0.457 ms - -[0m
[0mGET /oss/1790218938911/role/96951600-72c8-45d5-82e4-ee4fee85c917.jpg?size=20 [36m304[0m 0.616 ms - -[0m
[0mGET /oss/1790218938911/role/a56d5bf0-cdca-4a62-8444-2abec0d6e017.jpg?size=20 [36m304[0m 0.353 ms - -[0m
[0mGET /oss/1790218938911/role/04dd1aaf-ca26-44e1-820c-479dda208843.jpg?size=20 [36m304[0m 1.291 ms - -[0m
[0mOPTIONS /api/assets/saveAssets [32m204[0m 0.079 ms - 0[0m
[0mPOST /api/assets/saveAssets [32m200[0m 155.082 ms - 77[0m
[0mOPTIONS /api/cornerScape/getAllAssets [32m204[0m 0.052 ms - 0[0m
[0mPOST /api/cornerScape/getAllAssets [32m200[0m 10.153 ms - 46295[0m
[0mGET /oss/1790218938911/role/04dd1aaf-ca26-44e1-820c-479dda208843.jpg [32m200[0m 1.404 ms - 4482942[0m
[0mOPTIONS /api/project/getModelDetails [32m204[0m 0.042 ms - 0[0m
[0mPOST /api/project/getModelDetails [32m200[0m 18.149 ms - 137[0m
[0mOPTIONS /api/script/getScrptApi [32m204[0m 0.170 ms - 0[0m
[0mPOST /api/script/getScrptApi [32m200[0m 1.694 ms - 6852[0m
[0mOPTIONS /api/production/getFlowData [32m204[0m 0.058 ms - 0[0m
[0mPOST /api/production/getFlowData [32m200[0m 2.743 ms - 27738[0m
[0mOPTIONS /api/agents/getMemory [32m204[0m 0.085 ms - 0[0m
[0mPOST /api/agents/getMemory [32m200[0m 3.692 ms - 41[0m
[0mOPTIONS /api/setting/about/checkUpdate [32m204[0m 0.131 ms - 0[0m
[0mPOST /api/setting/about/checkUpdate [32m200[0m 134.474 ms - 140[0m
[0mOPTIONS /api/setting/about/checkUpdate [32m204[0m 0.385 ms - 0[0m
[0mPOST /api/setting/about/checkUpdate [32m200[0m 132.700 ms - 140[0m
[0mOPTIONS /api/setting/about/checkUpdate [32m204[0m 0.147 ms - 0[0m
[0mPOST /api/setting/about/checkUpdate [32m200[0m 122.681 ms - 140[0m
[0mOPTIONS /api/setting/about/checkUpdate [32m204[0m 0.054 ms - 0[0m
[0mPOST /api/setting/about/checkUpdate [32m200[0m 128.910 ms - 140[0m
[0mOPTIONS /api/setting/about/checkUpdate [32m204[0m 0.044 ms - 0[0m
[0mPOST /api/setting/about/checkUpdate [32m200[0m 121.575 ms - 140[0m
[productionAgent] 更新思考配置: { think: true, thinlLevel: 1 }
[0mOPTIONS /api/setting/about/checkUpdate [32m204[0m 0.157 ms - 0[0m
[0mPOST /api/setting/about/checkUpdate [32m200[0m 341.167 ms - 140[0m
[0mOPTIONS /api/production/storyboard/getStoryboardData [32m204[0m 0.252 ms - 0[0m
[0mPOST /api/production/storyboard/getStoryboardData [32m200[0m 3.296 ms - 60[0m
[0mOPTIONS /api/modelSelect/getModelList [32m204[0m 0.139 ms - 0[0m
[0mPOST /api/modelSelect/getModelList [32m200[0m 79.144 ms - 1188[0m
[0mOPTIONS /api/setting/about/checkUpdate [32m204[0m 0.187 ms - 0[0m
[0mPOST /api/setting/about/checkUpdate [32m200[0m 157.227 ms - 140[0m
[0mOPTIONS /api/production/assets/batchGenerateAssetsImage [32m204[0m 0.067 ms - 0[0m
[0mPOST /api/production/assets/batchGenerateAssetsImage [32m200[0m 87.510 ms - 253[0m
[0mOPTIONS /api/production/assets/pollingImage [32m204[0m 0.183 ms - 0[0m
[0mPOST /api/production/assets/pollingImage [32m200[0m 1.474 ms - 41[0m
[0mPOST /api/production/assets/pollingImage [32m200[0m 1.058 ms - 41[0m
[0mOPTIONS /api/production/assets/pollingImage [32m204[0m 0.193 ms - 0[0m
[0mPOST /api/production/assets/pollingImage [32m200[0m 1.152 ms - 41[0m
[0mPOST /api/production/assets/pollingImage [32m200[0m 1.589 ms - 41[0m
[0mOPTIONS /api/production/assets/pollingImage [32m204[0m 0.060 ms - 0[0m
[0mPOST /api/production/assets/pollingImage [32m200[0m 1.038 ms - 41[0m
[0mOPTIONS /api/production/assets/pollingImage [32m204[0m 0.051 ms - 0[0m
[0mPOST /api/production/assets/pollingImage [32m200[0m 1.060 ms - 41[0m
[0mPOST /api/production/assets/pollingImage [32m200[0m 1.734 ms - 1737[0m
[D:\Toonflow-app-master\data\oss\smallImage\1790218938911\assets\31\scene\c5c0c3a3-9696-470e-9cd6-b41940442447_20p.jpg] 小图生成成功
[0mGET /oss/1790218938911/assets/31/scene/c5c0c3a3-9696-470e-9cd6-b41940442447.jpg?size=20 [32m200[0m 64.950 ms - 14404[0m
[0mOPTIONS /api/production/assets/pollingImage [32m204[0m 0.106 ms - 0[0m
[0mPOST /api/production/assets/pollingImage [32m200[0m 1.238 ms - 41[0m
[0mPOST /api/production/assets/pollingImage [32m200[0m 1.353 ms - 41[0m
[0mOPTIONS /api/production/assets/pollingImage [32m204[0m 0.058 ms - 0[0m
[0mPOST /api/production/assets/pollingImage [32m200[0m 1.157 ms - 41[0m
[0mOPTIONS /api/production/assets/pollingImage [32m204[0m 0.087 ms - 0[0m
[0mPOST /api/production/assets/pollingImage [32m200[0m 1.398 ms - 2807[0m
[0mOPTIONS /api/production/assets/pollingImage [32m204[0m 0.055 ms - 0[0m
[0mPOST /api/production/assets/pollingImage [32m200[0m 1.024 ms - 41[0m
[0mPOST /api/production/assets/pollingImage [32m200[0m 5.928 ms - 2857[0m
[D:\Toonflow-app-master\data\oss\smallImage\1790218938911\assets\31\role\1f41a39c-06ed-43b7-b1a6-731851955ab6_20p.jpg] 小图生成成功
[0mGET /oss/1790218938911/assets/31/role/1f41a39c-06ed-43b7-b1a6-731851955ab6.jpg?size=20 [32m200[0m 77.962 ms - 21950[0m
[D:\Toonflow-app-master\data\oss\smallImage\1790218938911\assets\31\role\fd0578bf-c9e3-452b-a510-3d3cfc54c0d7_20p.jpg] 小图生成成功
[0mGET /oss/1790218938911/assets/31/role/fd0578bf-c9e3-452b-a510-3d3cfc54c0d7.jpg?size=20 [32m200[0m 68.419 ms - 14536[0m
[0mOPTIONS /api/setting/about/checkUpdate [32m204[0m 0.102 ms - 0[0m
[0mPOST /api/setting/about/checkUpdate [32m200[0m 166.024 ms - 140[0m
⚡[主技能] ✓ 已读取主技能文件： D:/Toonflow-app-master/data/skills/story_skills/Disaster_survival/driector_skills/director_storyboard_table_narrative.md（1016 字符）
⚡[主技能] ✓ 技能 "director_storyboard_table_narrative" 已激活
⚡[主技能] ✓ 已读取主技能文件： D:/Toonflow-app-master/data/skills/production_skills/storyboard_table_techniques.md（6203 字符）
⚡[主技能] ✓ 技能 "storyboard_table_techniques" 已激活
[0mGET /oss/1790218938911/assets/31/role/fd0578bf-c9e3-452b-a510-3d3cfc54c0d7.jpg [32m200[0m 1.459 ms - 3073581[0m
[0mGET /oss/1790218938911/assets/31/role/1f41a39c-06ed-43b7-b1a6-731851955ab6.jpg [32m200[0m 1.145 ms - 4414411[0m
[0mGET /oss/1790218938911/role/01818d2d-0bc9-44b8-9899-1ba950d2bd2c.jpg [32m200[0m 1.014 ms - 7128821[0m
[0mOPTIONS /api/setting/about/checkUpdate [32m204[0m 0.301 ms - 0[0m
[0mPOST /api/setting/about/checkUpdate [32m200[0m 136.392 ms - 140[0m
⚡[主技能] ℹ️ 技能 "director_storyboard_table_narrative" 已激活，跳过重复注入
⚡[主技能] ✓ 已读取主技能文件： D:/Toonflow-app-master/data/skills/art_skills/realistic_3d_anime/driector_skills/director_storyboard_table_style.md（409 字符）
⚡[主技能] ✓ 技能 "director_storyboard_table_style" 已激活
⚡[主技能] ℹ️ 技能 "director_storyboard_table_style" 已激活，跳过重复注入
⚡[主技能] ℹ️ 技能 "director_storyboard_table_narrative" 已激活，跳过重复注入
⚡[主技能] ℹ️ 技能 "storyboard_table_techniques" 已激活，跳过重复注入
[0mOPTIONS /api/setting/about/checkUpdate [32m204[0m 0.395 ms - 0[0m
[0mPOST /api/setting/about/checkUpdate [32m200[0m 135.394 ms - 140[0m
[0mOPTIONS /api/setting/about/checkUpdate [32m204[0m 0.148 ms - 0[0m
[0mPOST /api/setting/about/checkUpdate [32m200[0m 191.010 ms - 140[0m
⚡[主技能] ℹ️ 技能 "director_storyboard_table_narrative" 已激活，跳过重复注入
⚡[主技能] ℹ️ 技能 "storyboard_table_techniques" 已激活，跳过重复注入
[0mOPTIONS /api/setting/about/checkUpdate [32m204[0m 0.065 ms - 0[0m
[0mPOST /api/setting/about/checkUpdate [32m200[0m 135.331 ms - 140[0m
⚡[主技能] ℹ️ 技能 "director_storyboard_table_narrative" 已激活，跳过重复注入
[0mOPTIONS /api/setting/about/checkUpdate [32m204[0m 0.101 ms - 0[0m
[0mPOST /api/setting/about/checkUpdate [32m200[0m 161.730 ms - 140[0m
[0mOPTIONS /api/setting/about/checkUpdate [32m204[0m 0.116 ms - 0[0m
[0mPOST /api/setting/about/checkUpdate [32m200[0m 142.161 ms - 140[0m
[0mOPTIONS /api/setting/about/checkUpdate [32m204[0m 0.387 ms - 0[0m
[0mPOST /api/setting/about/checkUpdate [32m200[0m 145.740 ms - 140[0m
[0mOPTIONS /api/setting/about/checkUpdate [32m204[0m 0.179 ms - 0[0m
[0mPOST /api/setting/about/checkUpdate [32m200[0m 174.567 ms - 140[0m
[0mOPTIONS /api/setting/about/checkUpdate [32m204[0m 0.065 ms - 0[0m
[0mPOST /api/setting/about/checkUpdate [32m200[0m 148.705 ms - 140[0m
[0mOPTIONS /api/setting/about/checkUpdate [32m204[0m 0.202 ms - 0[0m
[0mPOST /api/setting/about/checkUpdate [32m200[0m 118.529 ms - 140[0m
[0mOPTIONS /api/setting/about/checkUpdate [32m204[0m 0.052 ms - 0[0m
[0mPOST /api/setting/about/checkUpdate [32m200[0m 146.066 ms - 140[0m
[0mOPTIONS /api/setting/about/checkUpdate [32m204[0m 0.100 ms - 0[0m
[0mPOST /api/setting/about/checkUpdate [32m200[0m 131.190 ms - 140[0m
[0mOPTIONS /api/setting/about/checkUpdate [32m204[0m 0.424 ms - 0[0m
[0mPOST /api/setting/about/checkUpdate [32m200[0m 192.752 ms - 140[0m
[0mOPTIONS /api/setting/about/checkUpdate [32m204[0m 0.250 ms - 0[0m
[0mPOST /api/setting/about/checkUpdate [32m200[0m 129.064 ms - 140[0m
[0mOPTIONS /api/setting/about/checkUpdate [32m204[0m 0.086 ms - 0[0m
[0mPOST /api/setting/about/checkUpdate [32m200[0m 130.717 ms - 140[0m
[0mOPTIONS /api/setting/about/checkUpdate [32m204[0m 0.101 ms - 0[0m
[0mPOST /api/setting/about/checkUpdate [32m200[0m 118.018 ms - 140[0m
[0mOPTIONS /api/setting/about/checkUpdate [32m204[0m 0.180 ms - 0[0m
[0mPOST /api/setting/about/checkUpdate [32m200[0m 142.530 ms - 140[0m
[0mOPTIONS /api/setting/about/checkUpdate [32m204[0m 0.156 ms - 0[0m
[0mPOST /api/setting/about/checkUpdate [32m200[0m 156.818 ms - 140[0m
[0mOPTIONS /api/setting/about/checkUpdate [32m204[0m 0.162 ms - 0[0m
[0mPOST /api/setting/about/checkUpdate [32m200[0m 135.004 ms - 140[0m
[0mOPTIONS /api/setting/about/checkUpdate [32m204[0m 0.061 ms - 0[0m
[0mPOST /api/setting/about/checkUpdate [32m200[0m 123.884 ms - 140[0m
[0mOPTIONS /api/setting/about/checkUpdate [32m204[0m 0.099 ms - 0[0m
[0mPOST /api/setting/about/checkUpdate [32m200[0m 158.674 ms - 140[0m
[0mOPTIONS /api/setting/about/checkUpdate [32m204[0m 0.425 ms - 0[0m
[0mPOST /api/setting/about/checkUpdate [32m200[0m 188.730 ms - 140[0m
[0mOPTIONS /api/setting/about/checkUpdate [32m204[0m 0.388 ms - 0[0m
[0mPOST /api/setting/about/checkUpdate [32m200[0m 221.907 ms - 140[0m
[0mOPTIONS /api/setting/about/checkUpdate [32m204[0m 0.154 ms - 0[0m
[0mPOST /api/setting/about/checkUpdate [32m200[0m 178.463 ms - 140[0m
[0mOPTIONS /api/setting/about/checkUpdate [32m204[0m 0.121 ms - 0[0m
[0mPOST /api/setting/about/checkUpdate [32m200[0m 143.805 ms - 140[0m
[0mOPTIONS /api/setting/about/checkUpdate [32m204[0m 0.105 ms - 0[0m
[0mPOST /api/setting/about/checkUpdate [32m200[0m 128.878 ms - 140[0m
[0mOPTIONS /api/setting/about/checkUpdate [32m204[0m 0.105 ms - 0[0m
[0mPOST /api/setting/about/checkUpdate [32m200[0m 163.159 ms - 140[0m
[0mOPTIONS /api/setting/about/checkUpdate [32m204[0m 0.186 ms - 0[0m
[0mPOST /api/setting/about/checkUpdate [32m200[0m 135.609 ms - 140[0m
[0mOPTIONS /api/setting/about/checkUpdate [32m204[0m 0.395 ms - 0[0m
[0mPOST /api/setting/about/checkUpdate [32m200[0m 188.365 ms - 140[0m
[0mOPTIONS /api/setting/about/checkUpdate [32m204[0m 0.123 ms - 0[0m
[0mPOST /api/setting/about/checkUpdate [32m200[0m 151.644 ms - 140[0m
[0mOPTIONS /api/production/storyboard/batchAddStoryboardInfo [32m204[0m 0.045 ms - 0[0m
[0mPOST /api/production/storyboard/batchAddStoryboardInfo [32m200[0m 62.237 ms - 1309[0m
[0mOPTIONS /api/production/saveFlowData [32m204[0m 0.038 ms - 0[0m
[0mPOST /api/production/saveFlowData [32m200[0m 61.424 ms - 43[0m
[0mOPTIONS /api/production/storyboard/batchAddStoryboardInfo [32m204[0m 0.038 ms - 0[0m
[0mPOST /api/production/storyboard/batchAddStoryboardInfo [32m200[0m 56.959 ms - 2871[0m
[0mOPTIONS /api/production/saveFlowData [32m204[0m 0.051 ms - 0[0m
[0mPOST /api/production/saveFlowData [32m200[0m 173.055 ms - 43[0m
[0mOPTIONS /api/production/storyboard/batchAddStoryboardInfo [32m204[0m 0.040 ms - 0[0m
[0mPOST /api/production/storyboard/batchAddStoryboardInfo [32m200[0m 73.347 ms - 4140[0m
[0mOPTIONS /api/production/saveFlowData [32m204[0m 0.060 ms - 0[0m
[0mPOST /api/production/saveFlowData [32m200[0m 169.554 ms - 43[0m
[0mPOST /api/production/storyboard/batchAddStoryboardInfo [32m200[0m 63.022 ms - 4970[0m
[0mPOST /api/production/saveFlowData [32m200[0m 74.184 ms - 43[0m
[0mOPTIONS /api/production/storyboard/batchAddStoryboardInfo [32m204[0m 0.041 ms - 0[0m
[0mPOST /api/production/storyboard/batchAddStoryboardInfo [32m200[0m 70.843 ms - 6390[0m
[0mOPTIONS /api/production/saveFlowData [32m204[0m 0.050 ms - 0[0m
[0mPOST /api/production/saveFlowData [32m200[0m 53.350 ms - 43[0m
[0mOPTIONS /api/production/storyboard/batchAddStoryboardInfo [32m204[0m 0.056 ms - 0[0m
[0mPOST /api/production/storyboard/batchAddStoryboardInfo [32m200[0m 51.402 ms - 8130[0m
[0mOPTIONS /api/production/saveFlowData [32m204[0m 0.049 ms - 0[0m
[0mPOST /api/production/saveFlowData [32m200[0m 76.739 ms - 43[0m
[0mOPTIONS /api/production/storyboard/batchAddStoryboardInfo [32m204[0m 0.055 ms - 0[0m
[0mPOST /api/production/storyboard/batchAddStoryboardInfo [32m200[0m 54.075 ms - 9650[0m
[0mOPTIONS /api/production/saveFlowData [32m204[0m 0.034 ms - 0[0m
[0mPOST /api/production/saveFlowData [32m200[0m 78.228 ms - 43[0m
[0mOPTIONS /api/production/storyboard/batchAddStoryboardInfo [32m204[0m 0.055 ms - 0[0m
[0mPOST /api/production/storyboard/batchAddStoryboardInfo [32m200[0m 120.168 ms - 10856[0m
[0mOPTIONS /api/production/saveFlowData [32m204[0m 0.130 ms - 0[0m
[0mPOST /api/production/saveFlowData [32m200[0m 74.110 ms - 43[0m
[0mOPTIONS /api/production/storyboard/batchAddStoryboardInfo [32m204[0m 0.039 ms - 0[0m
[0mPOST /api/production/storyboard/batchAddStoryboardInfo [32m200[0m 85.154 ms - 12663[0m
[0mOPTIONS /api/production/saveFlowData [32m204[0m 0.078 ms - 0[0m
[0mPOST /api/production/saveFlowData [32m200[0m 59.387 ms - 43[0m
[0mOPTIONS /api/production/storyboard/batchAddStoryboardInfo [32m204[0m 0.101 ms - 0[0m
[0mPOST /api/production/storyboard/batchAddStoryboardInfo [32m200[0m 73.095 ms - 14470[0m
[0mOPTIONS /api/production/saveFlowData [32m204[0m 0.050 ms - 0[0m
[0mPOST /api/production/saveFlowData [32m200[0m 75.041 ms - 43[0m
[0mOPTIONS /api/production/storyboard/batchAddStoryboardInfo [32m204[0m 0.039 ms - 0[0m
[0mPOST /api/production/storyboard/batchAddStoryboardInfo [32m200[0m 65.298 ms - 15981[0m
[0mOPTIONS /api/production/saveFlowData [32m204[0m 0.131 ms - 0[0m
[0mPOST /api/production/saveFlowData [32m200[0m 61.992 ms - 43[0m
[0mOPTIONS /api/production/storyboard/batchAddStoryboardInfo [32m204[0m 0.041 ms - 0[0m
[0mPOST /api/production/storyboard/batchAddStoryboardInfo [32m200[0m 76.956 ms - 17581[0m
[0mOPTIONS /api/production/saveFlowData [32m204[0m 0.036 ms - 0[0m
[0mPOST /api/production/saveFlowData [32m200[0m 90.153 ms - 43[0m
[0mOPTIONS /api/production/storyboard/batchAddStoryboardInfo [32m204[0m 0.039 ms - 0[0m
[0mPOST /api/production/storyboard/batchAddStoryboardInfo [32m200[0m 50.491 ms - 19003[0m
[0mOPTIONS /api/production/saveFlowData [32m204[0m 0.085 ms - 0[0m
[0mPOST /api/production/saveFlowData [32m200[0m 83.785 ms - 43[0m
[0mOPTIONS /api/production/storyboard/batchAddStoryboardInfo [32m204[0m 0.158 ms - 0[0m
[0mPOST /api/production/storyboard/batchAddStoryboardInfo [32m200[0m 72.155 ms - 20831[0m
[0mOPTIONS /api/production/saveFlowData [32m204[0m 0.134 ms - 0[0m
[0mPOST /api/production/saveFlowData [32m200[0m 86.113 ms - 43[0m
[0mOPTIONS /api/production/storyboard/batchAddStoryboardInfo [32m204[0m 0.040 ms - 0[0m
[0mPOST /api/production/storyboard/batchAddStoryboardInfo [32m200[0m 57.190 ms - 21873[0m
[0mOPTIONS /api/production/saveFlowData [32m204[0m 0.035 ms - 0[0m
[0mPOST /api/production/saveFlowData [32m200[0m 85.120 ms - 43[0m
[0mOPTIONS /api/setting/about/checkUpdate [32m204[0m 0.163 ms - 0[0m
[0mPOST /api/setting/about/checkUpdate [32m200[0m 158.483 ms - 140[0m
[0mOPTIONS /api/production/storyboard/batchAddStoryboardInfo [32m204[0m 0.041 ms - 0[0m
[0mPOST /api/production/storyboard/batchAddStoryboardInfo [32m200[0m 45.770 ms - 23497[0m
[0mOPTIONS /api/production/saveFlowData [32m204[0m 0.046 ms - 0[0m
[0mPOST /api/production/saveFlowData [32m200[0m 66.435 ms - 43[0m
[0mOPTIONS /api/production/storyboard/batchAddStoryboardInfo [32m204[0m 0.061 ms - 0[0m
[0mPOST /api/production/storyboard/batchAddStoryboardInfo [32m200[0m 63.616 ms - 25693[0m
[0mOPTIONS /api/production/saveFlowData [32m204[0m 0.153 ms - 0[0m
[0mPOST /api/production/saveFlowData [32m200[0m 71.908 ms - 43[0m
[0mOPTIONS /api/production/storyboard/batchAddStoryboardInfo [32m204[0m 0.039 ms - 0[0m
[0mPOST /api/production/storyboard/batchAddStoryboardInfo [32m200[0m 51.803 ms - 27283[0m
[0mOPTIONS /api/production/saveFlowData [32m204[0m 0.081 ms - 0[0m
[0mPOST /api/production/saveFlowData [32m200[0m 70.027 ms - 43[0m
[0mOPTIONS /api/production/storyboard/batchAddStoryboardInfo [32m204[0m 0.038 ms - 0[0m
[0mPOST /api/production/storyboard/batchAddStoryboardInfo [32m200[0m 66.310 ms - 29641[0m
[0mOPTIONS /api/production/saveFlowData [32m204[0m 0.221 ms - 0[0m
[0mPOST /api/production/saveFlowData [32m200[0m 76.206 ms - 43[0m
[0mOPTIONS /api/production/storyboard/batchAddStoryboardInfo [32m204[0m 0.038 ms - 0[0m
[0mPOST /api/production/storyboard/batchAddStoryboardInfo [32m200[0m 50.098 ms - 31379[0m
[0mOPTIONS /api/production/saveFlowData [32m204[0m 0.057 ms - 0[0m
[0mPOST /api/production/saveFlowData [32m200[0m 75.237 ms - 43[0m
[0mOPTIONS /api/production/storyboard/batchAddStoryboardInfo [32m204[0m 0.036 ms - 0[0m
[0mPOST /api/production/storyboard/batchAddStoryboardInfo [32m200[0m 53.382 ms - 32910[0m
[0mOPTIONS /api/production/saveFlowData [32m204[0m 0.154 ms - 0[0m
[0mPOST /api/production/saveFlowData [32m200[0m 67.089 ms - 43[0m
[0mOPTIONS /api/production/storyboard/batchAddStoryboardInfo [32m204[0m 0.044 ms - 0[0m
[0mPOST /api/production/storyboard/batchAddStoryboardInfo [32m200[0m 51.934 ms - 35183[0m
[0mOPTIONS /api/production/saveFlowData [32m204[0m 0.095 ms - 0[0m
[0mPOST /api/production/saveFlowData [32m200[0m 72.713 ms - 43[0m
[0mOPTIONS /api/production/storyboard/batchAddStoryboardInfo [32m204[0m 0.043 ms - 0[0m
[0mPOST /api/production/storyboard/batchAddStoryboardInfo [32m200[0m 69.762 ms - 37662[0m
[0mOPTIONS /api/production/saveFlowData [32m204[0m 0.047 ms - 0[0m
[0mPOST /api/production/saveFlowData [32m200[0m 64.534 ms - 43[0m
[0mOPTIONS /api/setting/about/checkUpdate [32m204[0m 0.096 ms - 0[0m
[0mPOST /api/setting/about/checkUpdate [32m200[0m 164.368 ms - 140[0m
[0mOPTIONS /api/setting/about/checkUpdate [32m204[0m 0.097 ms - 0[0m
[0mPOST /api/setting/about/checkUpdate [32m200[0m 139.083 ms - 140[0m
[0mOPTIONS /api/setting/about/checkUpdate [32m204[0m 0.144 ms - 0[0m
[0mPOST /api/setting/about/checkUpdate [32m200[0m 171.563 ms - 140[0m
[0mOPTIONS /api/production/getStoryboardData [32m204[0m 0.069 ms - 0[0m
[0mPOST /api/production/getStoryboardData [32m200[0m 4.325 ms - 17239[0m
[0mOPTIONS /api/assets/getMaterialData [32m204[0m 0.065 ms - 0[0m
[0mPOST /api/assets/getMaterialData [32m200[0m 4.772 ms - 161[0m
[0mOPTIONS /api/modelSelect/getModelList [32m204[0m 0.068 ms - 0[0m
[0mOPTIONS /api/modelSelect/getModelDetail [32m204[0m 0.070 ms - 0[0m
[0mPOST /api/modelSelect/getModelDetail [32m200[0m 15.654 ms - 345[0m
[0mOPTIONS /api/production/workbench/getGenerateData [32m204[0m 0.048 ms - 0[0m
[0mPOST /api/modelSelect/getModelList [32m200[0m 60.235 ms - 1208[0m
[0mPOST /api/production/workbench/getGenerateData [32m200[0m 9.971 ms - 115467[0m
[0mOPTIONS /api/production/workbench/getFileUrl [32m204[0m 0.042 ms - 0[0m
[0mPOST /api/production/workbench/getFileUrl [32m200[0m 2.104 ms - 2398[0m
[0mOPTIONS /api/production/getStoryboardData [32m204[0m 0.071 ms - 0[0m
[0mPOST /api/production/getStoryboardData [32m200[0m 3.321 ms - 17239[0m
[0mOPTIONS /api/modelSelect/getModelList [32m204[0m 0.075 ms - 0[0m
[0mOPTIONS /api/modelSelect/getModelDetail [32m204[0m 0.075 ms - 0[0m
[0mPOST /api/modelSelect/getModelDetail [32m200[0m 15.065 ms - 345[0m
[0mOPTIONS /api/production/workbench/getGenerateData [32m204[0m 0.044 ms - 0[0m
[0mPOST /api/modelSelect/getModelList [32m200[0m 45.681 ms - 1208[0m
[0mPOST /api/production/workbench/getGenerateData [32m200[0m 3.539 ms - 115467[0m
[0mOPTIONS /api/production/workbench/getFileUrl [32m204[0m 0.041 ms - 0[0m
[0mPOST /api/production/workbench/getFileUrl [32m200[0m 1.282 ms - 2398[0m
[0mOPTIONS /api/setting/about/checkUpdate [32m204[0m 0.038 ms - 0[0m
[0mPOST /api/setting/about/checkUpdate [32m200[0m 129.728 ms - 140[0m
[0mOPTIONS /api/production/workbench/updateVideoPrompt [32m204[0m 0.102 ms - 0[0m
[0mPOST /api/production/workbench/updateVideoPrompt [32m200[0m 48.550 ms - 53[0m
[0mOPTIONS /api/setting/about/checkUpdate [32m204[0m 0.110 ms - 0[0m
[0mPOST /api/setting/about/checkUpdate [32m200[0m 136.208 ms - 140[0m
[0mOPTIONS /api/setting/about/checkUpdate [32m204[0m 0.037 ms - 0[0m
[0mPOST /api/setting/about/checkUpdate [32m200[0m 125.351 ms - 140[0m
[0mOPTIONS /api/setting/about/checkUpdate [32m204[0m 0.077 ms - 0[0m
[0mPOST /api/setting/about/checkUpdate [32m200[0m 156.100 ms - 140[0m
[0mOPTIONS /api/modelSelect/getModelList [32m204[0m 0.077 ms - 0[0m
[0mPOST /api/modelSelect/getModelList [32m200[0m 22.134 ms - 1208[0m
[0mOPTIONS /api/production/workbench/getGenerateData [32m204[0m 0.026 ms - 0[0m
[0mOPTIONS /api/modelSelect/getModelDetail [32m204[0m 0.020 ms - 0[0m
[0mPOST /api/modelSelect/getModelDetail [32m200[0m 6.074 ms - 345[0m
[0mPOST /api/production/workbench/getGenerateData [32m200[0m 2.837 ms - 115467[0m
[0mOPTIONS /api/production/workbench/getFileUrl [32m204[0m 0.039 ms - 0[0m
[0mPOST /api/production/workbench/getFileUrl [32m200[0m 1.006 ms - 2398[0m
[0mOPTIONS /api/setting/about/checkUpdate [32m204[0m 0.143 ms - 0[0m
[0mPOST /api/setting/about/checkUpdate [32m200[0m 156.843 ms - 140[0m
[0mOPTIONS /api/modelSelect/getModelList [32m204[0m 0.114 ms - 0[0m
[0mPOST /api/modelSelect/getModelList [32m200[0m 25.034 ms - 1208[0m
[0mOPTIONS /api/production/workbench/getGenerateData [32m204[0m 0.026 ms - 0[0m
[0mOPTIONS /api/modelSelect/getModelDetail [32m204[0m 0.022 ms - 0[0m
[0mPOST /api/modelSelect/getModelDetail [32m200[0m 5.112 ms - 345[0m
[0mPOST /api/production/workbench/getGenerateData [32m200[0m 2.282 ms - 115467[0m
[0mOPTIONS /api/production/workbench/getFileUrl [32m204[0m 0.035 ms - 0[0m
[0mPOST /api/production/workbench/getFileUrl [32m200[0m 0.894 ms - 2398[0m
[0mOPTIONS /api/setting/about/checkUpdate [32m204[0m 0.062 ms - 0[0m
[0mPOST /api/setting/about/checkUpdate [32m200[0m 149.413 ms - 140[0m
[0mOPTIONS /api/login/login [32m204[0m 0.036 ms - 0[0m
[0mPOST /api/login/login [32m200[0m 1.462 ms - 243[0m
[0mOPTIONS /api/modelSelect/getModelList [32m204[0m 0.039 ms - 0[0m
[0mOPTIONS /api/modelSelect/getModelList [32m204[0m 0.025 ms - 0[0m
[0mOPTIONS /api/project/getProject [32m204[0m 0.022 ms - 0[0m
[0mOPTIONS /api/setting/about/checkUpdate [32m204[0m 0.022 ms - 0[0m
[0mPOST /api/modelSelect/getModelList [32m200[0m 26.923 ms - 1208[0m
[0mPOST /api/modelSelect/getModelList [32m200[0m 21.980 ms - 1188[0m
[0mPOST /api/project/getProject [32m200[0m 0.820 ms - 990[0m
[0mPOST /api/setting/about/checkUpdate [32m200[0m 116.774 ms - 140[0m
[0mOPTIONS /api/setting/about/checkUpdate [32m204[0m 0.096 ms - 0[0m
[0mPOST /api/setting/about/checkUpdate [32m200[0m 124.272 ms - 140[0m
[0mOPTIONS /api/modelSelect/getModelDetail [32m204[0m 0.038 ms - 0[0m
[0mPOST /api/modelSelect/getModelDetail [32m200[0m 5.661 ms - 137[0m
[0mPOST /api/modelSelect/getModelDetail [32m200[0m 5.775 ms - 137[0m
[0mPOST /api/modelSelect/getModelDetail [32m200[0m 5.415 ms - 345[0m
[0mPOST /api/modelSelect/getModelDetail [32m200[0m 4.632 ms - 345[0m
[0mOPTIONS /api/script/getScrptApi [32m204[0m 0.043 ms - 0[0m
[0mPOST /api/script/getScrptApi [32m200[0m 1.774 ms - 6954[0m
